#-----------------------------------------------------------
# Vivado v2017.4 (64-bit)
# SW Build 2086221 on Fri Dec 15 20:55:39 MST 2017
# IP Build 2085800 on Fri Dec 15 22:25:07 MST 2017
# Start of session at: Mon Jul  8 15:40:32 2019
# Process ID: 7072
# Current directory: E:/bildiri ve makaleler/kitap/fpga/uygulamalar/prj_bolum5_uyg6
# Command line: vivado.exe -gui_launcher_event rodinguilauncherevent1404 E:\bildiri ve makaleler\kitap\fpga\uygulamalar\prj_bolum5_uyg6\prj_bolum5_uyg6.xpr
# Log file: E:/bildiri ve makaleler/kitap/fpga/uygulamalar/prj_bolum5_uyg6/vivado.log
# Journal file: E:/bildiri ve makaleler/kitap/fpga/uygulamalar/prj_bolum5_uyg6\vivado.jou
#-----------------------------------------------------------
start_gui
open_project {E:/bildiri ve makaleler/kitap/fpga/uygulamalar/prj_bolum5_uyg6/prj_bolum5_uyg6.xpr}
Scanning sources...
Finished scanning sources
INFO: [IP_Flow 19-234] Refreshing IP repositories
INFO: [IP_Flow 19-1704] No user IP repositories specified
INFO: [IP_Flow 19-2313] Loaded Vivado IP repository 'C:/Xilinx/Vivado/2017.4/data/ip'.
open_project: Time (s): cpu = 00:01:02 ; elapsed = 00:00:29 . Memory (MB): peak = 731.660 ; gain = 56.211
update_compile_order -fileset sources_1
launch_simulation
INFO: [Vivado 12-5682] Launching behavioral simulation in 'E:/bildiri ve makaleler/kitap/fpga/uygulamalar/prj_bolum5_uyg6/prj_bolum5_uyg6.sim/sim_1/behav/xsim'
INFO: [SIM-utils-51] Simulation object is 'sim_1'
INFO: [SIM-utils-54] Inspecting design source files for 'uyg56' in fileset 'sim_1'...
INFO: [USF-XSim-97] Finding global include files...
INFO: [USF-XSim-98] Fetching design files from 'sim_1'...
INFO: [USF-XSim-2] XSim::Compile design
INFO: [USF-XSim-61] Executing 'COMPILE and ANALYZE' step in 'E:/bildiri ve makaleler/kitap/fpga/uygulamalar/prj_bolum5_uyg6/prj_bolum5_uyg6.sim/sim_1/behav/xsim'
"xvhdl --incr --relax -prj uyg56_vhdl.prj"
INFO: [VRFC 10-163] Analyzing VHDL file "E:/bildiri ve makaleler/kitap/fpga/uygulamalar/prj_bolum5_uyg6/prj_bolum5_uyg6.srcs/sources_1/new/uyg56.vhd" into library xil_defaultlib
INFO: [VRFC 10-307] analyzing entity uyg56
run_program: Time (s): cpu = 00:00:01 ; elapsed = 00:00:05 . Memory (MB): peak = 739.324 ; gain = 0.000
INFO: [USF-XSim-69] 'compile' step finished in '5' seconds
INFO: [USF-XSim-3] XSim::Elaborate design
INFO: [USF-XSim-61] Executing 'ELABORATE' step in 'E:/bildiri ve makaleler/kitap/fpga/uygulamalar/prj_bolum5_uyg6/prj_bolum5_uyg6.sim/sim_1/behav/xsim'
Vivado Simulator 2017.4
Copyright 1986-1999, 2001-2016 Xilinx, Inc. All Rights Reserved.
Running: C:/Xilinx/Vivado/2017.4/bin/unwrapped/win64.o/xelab.exe -wto 65592f464aca44f8a60dc286702c2e20 --incr --debug typical --relax --mt 2 -L xil_defaultlib -L secureip --snapshot uyg56_behav xil_defaultlib.uyg56 -log elaborate.log 
Using 2 slave threads.
Starting static elaboration
WARNING: [VRFC 10-1378] slice direction differs from its index type range [E:/bildiri ve makaleler/kitap/fpga/uygulamalar/prj_bolum5_uyg6/prj_bolum5_uyg6.srcs/sources_1/new/uyg56.vhd:37]
Completed static elaboration
Starting simulation data flow analysis
Completed simulation data flow analysis
Time Resolution for simulation is 1ps
Compiling package std.standard
Compiling package std.textio
Compiling package ieee.std_logic_1164
Compiling package ieee.std_logic_arith
Compiling architecture behavioral of entity xil_defaultlib.uyg56
Built simulation snapshot uyg56_behav
run_program: Time (s): cpu = 00:00:02 ; elapsed = 00:00:11 . Memory (MB): peak = 739.324 ; gain = 0.000
INFO: [USF-XSim-69] 'elaborate' step finished in '10' seconds
INFO: [USF-XSim-4] XSim::Simulate design
INFO: [USF-XSim-61] Executing 'SIMULATE' step in 'E:/bildiri ve makaleler/kitap/fpga/uygulamalar/prj_bolum5_uyg6/prj_bolum5_uyg6.sim/sim_1/behav/xsim'
INFO: [USF-XSim-98] *** Running xsim
   with args "uyg56_behav -key {Behavioral:sim_1:Functional:uyg56} -tclbatch {uyg56.tcl} -log {simulate.log}"
INFO: [USF-XSim-8] Loading simulator feature
Vivado Simulator 2017.4
Time resolution is 1 ps
source uyg56.tcl
# set curr_wave [current_wave_config]
# if { [string length $curr_wave] == 0 } {
#   if { [llength [get_objects]] > 0} {
#     add_wave /
#     set_property needs_save false [current_wave_config]
#   } else {
#      send_msg_id Add_Wave-1 WARNING "No top level signals found. Simulator will start without a wave window. If you want to open a wave window go to 'File->New Waveform Configuration' or type 'create_wave_config' in the TCL console."
#   }
# }
# run 1000ns
xsim: Time (s): cpu = 00:00:14 ; elapsed = 00:00:08 . Memory (MB): peak = 739.348 ; gain = 0.023
INFO: [USF-XSim-96] XSim completed. Design snapshot 'uyg56_behav' loaded.
INFO: [USF-XSim-97] XSim simulation ran for 1000ns
launch_simulation: Time (s): cpu = 00:00:21 ; elapsed = 00:00:28 . Memory (MB): peak = 739.348 ; gain = 0.023
add_force {/uyg56/clk} -radix hex {0 0ns} {1 50000ps} -repeat_every 100000ps
add_force {/uyg56/rst} -radix hex {0 0ns}
add_force {/uyg56/sayi} -radix hex {a8 0ns}
run 100 ns
ERROR: Array sizes do not match, left array has 8 elements, right array has 1 elements
Time: 1050 ns  Iteration: 0  Process: /uyg56/line__23
  File: E:/bildiri ve makaleler/kitap/fpga/uygulamalar/prj_bolum5_uyg6/prj_bolum5_uyg6.srcs/sources_1/new/uyg56.vhd

HDL Line: E:/bildiri ve makaleler/kitap/fpga/uygulamalar/prj_bolum5_uyg6/prj_bolum5_uyg6.srcs/sources_1/new/uyg56.vhd:37
close_sim
INFO: [Simtcl 6-16] Simulation closed
launch_simulation
INFO: [Vivado 12-5682] Launching behavioral simulation in 'E:/bildiri ve makaleler/kitap/fpga/uygulamalar/prj_bolum5_uyg6/prj_bolum5_uyg6.sim/sim_1/behav/xsim'
INFO: [SIM-utils-51] Simulation object is 'sim_1'
INFO: [SIM-utils-54] Inspecting design source files for 'uyg56' in fileset 'sim_1'...
INFO: [USF-XSim-97] Finding global include files...
INFO: [USF-XSim-98] Fetching design files from 'sim_1'...
INFO: [USF-XSim-2] XSim::Compile design
INFO: [USF-XSim-61] Executing 'COMPILE and ANALYZE' step in 'E:/bildiri ve makaleler/kitap/fpga/uygulamalar/prj_bolum5_uyg6/prj_bolum5_uyg6.sim/sim_1/behav/xsim'
"xvhdl --incr --relax -prj uyg56_vhdl.prj"
INFO: [VRFC 10-163] Analyzing VHDL file "E:/bildiri ve makaleler/kitap/fpga/uygulamalar/prj_bolum5_uyg6/prj_bolum5_uyg6.srcs/sources_1/new/uyg56.vhd" into library xil_defaultlib
INFO: [VRFC 10-307] analyzing entity uyg56
run_program: Time (s): cpu = 00:00:01 ; elapsed = 00:00:05 . Memory (MB): peak = 785.402 ; gain = 0.000
INFO: [USF-XSim-69] 'compile' step finished in '6' seconds
INFO: [USF-XSim-3] XSim::Elaborate design
INFO: [USF-XSim-61] Executing 'ELABORATE' step in 'E:/bildiri ve makaleler/kitap/fpga/uygulamalar/prj_bolum5_uyg6/prj_bolum5_uyg6.sim/sim_1/behav/xsim'
Vivado Simulator 2017.4
Copyright 1986-1999, 2001-2016 Xilinx, Inc. All Rights Reserved.
Running: C:/Xilinx/Vivado/2017.4/bin/unwrapped/win64.o/xelab.exe -wto 65592f464aca44f8a60dc286702c2e20 --incr --debug typical --relax --mt 2 -L xil_defaultlib -L secureip --snapshot uyg56_behav xil_defaultlib.uyg56 -log elaborate.log 
Using 2 slave threads.
Starting static elaboration
Completed static elaboration
Starting simulation data flow analysis
Completed simulation data flow analysis
Time Resolution for simulation is 1ps
Compiling package std.standard
Compiling package std.textio
Compiling package ieee.std_logic_1164
Compiling package ieee.std_logic_arith
Compiling architecture behavioral of entity xil_defaultlib.uyg56
Built simulation snapshot uyg56_behav
run_program: Time (s): cpu = 00:00:00 ; elapsed = 00:00:10 . Memory (MB): peak = 785.402 ; gain = 0.000
INFO: [USF-XSim-69] 'elaborate' step finished in '10' seconds
INFO: [USF-XSim-4] XSim::Simulate design
INFO: [USF-XSim-61] Executing 'SIMULATE' step in 'E:/bildiri ve makaleler/kitap/fpga/uygulamalar/prj_bolum5_uyg6/prj_bolum5_uyg6.sim/sim_1/behav/xsim'
INFO: [USF-XSim-98] *** Running xsim
   with args "uyg56_behav -key {Behavioral:sim_1:Functional:uyg56} -tclbatch {uyg56.tcl} -log {simulate.log}"
INFO: [USF-XSim-8] Loading simulator feature
Vivado Simulator 2017.4
Time resolution is 1 ps
source uyg56.tcl
# set curr_wave [current_wave_config]
# if { [string length $curr_wave] == 0 } {
#   if { [llength [get_objects]] > 0} {
#     add_wave /
#     set_property needs_save false [current_wave_config]
#   } else {
#      send_msg_id Add_Wave-1 WARNING "No top level signals found. Simulator will start without a wave window. If you want to open a wave window go to 'File->New Waveform Configuration' or type 'create_wave_config' in the TCL console."
#   }
# }
# run 1000ns
xsim: Time (s): cpu = 00:00:13 ; elapsed = 00:00:06 . Memory (MB): peak = 785.402 ; gain = 0.000
INFO: [USF-XSim-96] XSim completed. Design snapshot 'uyg56_behav' loaded.
INFO: [USF-XSim-97] XSim simulation ran for 1000ns
launch_simulation: Time (s): cpu = 00:00:15 ; elapsed = 00:00:23 . Memory (MB): peak = 785.402 ; gain = 0.000
add_force {/uyg56/clk} -radix hex {0 0ns} {1 50000ps} -repeat_every 100000ps
add_force {/uyg56/rst} -radix hex {0 0ns}
add_force {/uyg56/sayi} -radix hex {b3 0ns}
run 100 ns
close_sim
INFO: [Simtcl 6-16] Simulation closed
launch_simulation
INFO: [Vivado 12-5682] Launching behavioral simulation in 'E:/bildiri ve makaleler/kitap/fpga/uygulamalar/prj_bolum5_uyg6/prj_bolum5_uyg6.sim/sim_1/behav/xsim'
INFO: [SIM-utils-51] Simulation object is 'sim_1'
INFO: [SIM-utils-54] Inspecting design source files for 'uyg56' in fileset 'sim_1'...
INFO: [USF-XSim-97] Finding global include files...
INFO: [USF-XSim-98] Fetching design files from 'sim_1'...
INFO: [USF-XSim-2] XSim::Compile design
INFO: [USF-XSim-61] Executing 'COMPILE and ANALYZE' step in 'E:/bildiri ve makaleler/kitap/fpga/uygulamalar/prj_bolum5_uyg6/prj_bolum5_uyg6.sim/sim_1/behav/xsim'
"xvhdl --incr --relax -prj uyg56_vhdl.prj"
INFO: [VRFC 10-163] Analyzing VHDL file "E:/bildiri ve makaleler/kitap/fpga/uygulamalar/prj_bolum5_uyg6/prj_bolum5_uyg6.srcs/sources_1/new/uyg56.vhd" into library xil_defaultlib
INFO: [VRFC 10-307] analyzing entity uyg56
INFO: [USF-XSim-69] 'compile' step finished in '5' seconds
INFO: [USF-XSim-3] XSim::Elaborate design
INFO: [USF-XSim-61] Executing 'ELABORATE' step in 'E:/bildiri ve makaleler/kitap/fpga/uygulamalar/prj_bolum5_uyg6/prj_bolum5_uyg6.sim/sim_1/behav/xsim'
Vivado Simulator 2017.4
Copyright 1986-1999, 2001-2016 Xilinx, Inc. All Rights Reserved.
Running: C:/Xilinx/Vivado/2017.4/bin/unwrapped/win64.o/xelab.exe -wto 65592f464aca44f8a60dc286702c2e20 --incr --debug typical --relax --mt 2 -L xil_defaultlib -L secureip --snapshot uyg56_behav xil_defaultlib.uyg56 -log elaborate.log 
Using 2 slave threads.
Starting static elaboration
ERROR: [XSIM 43-3189] "E:/bildiri ve makaleler/kitap/fpga/uygulamalar/prj_bolum5_uyg6/prj_bolum5_uyg6.srcs/sources_1/new/uyg56.vhd" Line 14. Port sayi in top design unit uyg56 is unconstrained. 
INFO: [USF-XSim-69] 'elaborate' step finished in '5' seconds
INFO: [USF-XSim-99] Step results log file:'E:/bildiri ve makaleler/kitap/fpga/uygulamalar/prj_bolum5_uyg6/prj_bolum5_uyg6.sim/sim_1/behav/xsim/elaborate.log'
ERROR: [USF-XSim-62] 'elaborate' step failed with error(s). Please check the Tcl console output or 'E:/bildiri ve makaleler/kitap/fpga/uygulamalar/prj_bolum5_uyg6/prj_bolum5_uyg6.sim/sim_1/behav/xsim/elaborate.log' file for more information.
ERROR: [Vivado 12-4473] Detected error while running simulation. Please correct the issue and retry this operation.
launch_simulation: Time (s): cpu = 00:00:02 ; elapsed = 00:00:10 . Memory (MB): peak = 785.402 ; gain = 0.000
ERROR: [Common 17-39] 'launch_simulation' failed due to earlier errors.
launch_simulation
INFO: [Vivado 12-5682] Launching behavioral simulation in 'E:/bildiri ve makaleler/kitap/fpga/uygulamalar/prj_bolum5_uyg6/prj_bolum5_uyg6.sim/sim_1/behav/xsim'
INFO: [SIM-utils-51] Simulation object is 'sim_1'
INFO: [SIM-utils-54] Inspecting design source files for 'uyg56' in fileset 'sim_1'...
INFO: [USF-XSim-97] Finding global include files...
INFO: [USF-XSim-98] Fetching design files from 'sim_1'...
INFO: [USF-XSim-2] XSim::Compile design
INFO: [USF-XSim-61] Executing 'COMPILE and ANALYZE' step in 'E:/bildiri ve makaleler/kitap/fpga/uygulamalar/prj_bolum5_uyg6/prj_bolum5_uyg6.sim/sim_1/behav/xsim'
"xvhdl --incr --relax -prj uyg56_vhdl.prj"
INFO: [VRFC 10-163] Analyzing VHDL file "E:/bildiri ve makaleler/kitap/fpga/uygulamalar/prj_bolum5_uyg6/prj_bolum5_uyg6.srcs/sources_1/new/uyg56.vhd" into library xil_defaultlib
INFO: [VRFC 10-307] analyzing entity uyg56
INFO: [USF-XSim-69] 'compile' step finished in '4' seconds
INFO: [USF-XSim-3] XSim::Elaborate design
INFO: [USF-XSim-61] Executing 'ELABORATE' step in 'E:/bildiri ve makaleler/kitap/fpga/uygulamalar/prj_bolum5_uyg6/prj_bolum5_uyg6.sim/sim_1/behav/xsim'
Vivado Simulator 2017.4
Copyright 1986-1999, 2001-2016 Xilinx, Inc. All Rights Reserved.
Running: C:/Xilinx/Vivado/2017.4/bin/unwrapped/win64.o/xelab.exe -wto 65592f464aca44f8a60dc286702c2e20 --incr --debug typical --relax --mt 2 -L xil_defaultlib -L secureip --snapshot uyg56_behav xil_defaultlib.uyg56 -log elaborate.log 
Using 2 slave threads.
Starting static elaboration
Completed static elaboration
Starting simulation data flow analysis
Completed simulation data flow analysis
Time Resolution for simulation is 1ps
Compiling package std.standard
Compiling package std.textio
Compiling package ieee.std_logic_1164
Compiling package ieee.std_logic_arith
Compiling architecture behavioral of entity xil_defaultlib.uyg56
Built simulation snapshot uyg56_behav
run_program: Time (s): cpu = 00:00:00 ; elapsed = 00:00:06 . Memory (MB): peak = 785.402 ; gain = 0.000
INFO: [USF-XSim-69] 'elaborate' step finished in '6' seconds
INFO: [USF-XSim-4] XSim::Simulate design
INFO: [USF-XSim-61] Executing 'SIMULATE' step in 'E:/bildiri ve makaleler/kitap/fpga/uygulamalar/prj_bolum5_uyg6/prj_bolum5_uyg6.sim/sim_1/behav/xsim'
INFO: [USF-XSim-98] *** Running xsim
   with args "uyg56_behav -key {Behavioral:sim_1:Functional:uyg56} -tclbatch {uyg56.tcl} -log {simulate.log}"
INFO: [USF-XSim-8] Loading simulator feature
Vivado Simulator 2017.4
Time resolution is 1 ps
source uyg56.tcl
# set curr_wave [current_wave_config]
# if { [string length $curr_wave] == 0 } {
#   if { [llength [get_objects]] > 0} {
#     add_wave /
#     set_property needs_save false [current_wave_config]
#   } else {
#      send_msg_id Add_Wave-1 WARNING "No top level signals found. Simulator will start without a wave window. If you want to open a wave window go to 'File->New Waveform Configuration' or type 'create_wave_config' in the TCL console."
#   }
# }
# run 1000ns
xsim: Time (s): cpu = 00:00:09 ; elapsed = 00:00:05 . Memory (MB): peak = 785.402 ; gain = 0.000
INFO: [USF-XSim-96] XSim completed. Design snapshot 'uyg56_behav' loaded.
INFO: [USF-XSim-97] XSim simulation ran for 1000ns
launch_simulation: Time (s): cpu = 00:00:11 ; elapsed = 00:00:18 . Memory (MB): peak = 785.402 ; gain = 0.000
add_force {/uyg56/clk} -radix hex {0 0ns} {1 50000ps} -repeat_every 100000ps
add_force {/uyg56/rst} -radix hex {0 0ns}
add_force {/uyg56/sayi} -radix hex {a5 0ns}
run 100 ns
add_force {/uyg56/sayi} -radix hex {19 0ns}
run 100 ns
add_force {/uyg56/sayi} -radix hex {f2 0ns}
run 100 ns
synth_design -rtl -name rtl_1
Command: synth_design -rtl -name rtl_1
Starting synth_design
Using part: xc7a100tcsg324-1
Top: uyg56
---------------------------------------------------------------------------------
Starting RTL Elaboration : Time (s): cpu = 00:00:35 ; elapsed = 00:00:33 . Memory (MB): peak = 875.746 ; gain = 63.504
---------------------------------------------------------------------------------
INFO: [Synth 8-638] synthesizing module 'uyg56' [E:/bildiri ve makaleler/kitap/fpga/uygulamalar/prj_bolum5_uyg6/prj_bolum5_uyg6.srcs/sources_1/new/uyg56.vhd:20]
WARNING: [Synth 8-6014] Unused sequential element veri_reg was removed.  [E:/bildiri ve makaleler/kitap/fpga/uygulamalar/prj_bolum5_uyg6/prj_bolum5_uyg6.srcs/sources_1/new/uyg56.vhd:31]
WARNING: [Synth 8-6014] Unused sequential element S_Left_reg was removed.  [E:/bildiri ve makaleler/kitap/fpga/uygulamalar/prj_bolum5_uyg6/prj_bolum5_uyg6.srcs/sources_1/new/uyg56.vhd:38]
WARNING: [Synth 8-6014] Unused sequential element S_Right_reg was removed.  [E:/bildiri ve makaleler/kitap/fpga/uygulamalar/prj_bolum5_uyg6/prj_bolum5_uyg6.srcs/sources_1/new/uyg56.vhd:39]
WARNING: [Synth 8-6014] Unused sequential element S_High_reg was removed.  [E:/bildiri ve makaleler/kitap/fpga/uygulamalar/prj_bolum5_uyg6/prj_bolum5_uyg6.srcs/sources_1/new/uyg56.vhd:40]
WARNING: [Synth 8-6014] Unused sequential element S_Low_reg was removed.  [E:/bildiri ve makaleler/kitap/fpga/uygulamalar/prj_bolum5_uyg6/prj_bolum5_uyg6.srcs/sources_1/new/uyg56.vhd:41]
WARNING: [Synth 8-6014] Unused sequential element S_Length_reg was removed.  [E:/bildiri ve makaleler/kitap/fpga/uygulamalar/prj_bolum5_uyg6/prj_bolum5_uyg6.srcs/sources_1/new/uyg56.vhd:42]
INFO: [Synth 8-256] done synthesizing module 'uyg56' (1#1) [E:/bildiri ve makaleler/kitap/fpga/uygulamalar/prj_bolum5_uyg6/prj_bolum5_uyg6.srcs/sources_1/new/uyg56.vhd:20]
---------------------------------------------------------------------------------
Finished RTL Elaboration : Time (s): cpu = 00:00:39 ; elapsed = 00:00:38 . Memory (MB): peak = 926.262 ; gain = 114.020
---------------------------------------------------------------------------------

Report Check Netlist: 
+------+------------------+-------+---------+-------+------------------+
|      |Item              |Errors |Warnings |Status |Description       |
+------+------------------+-------+---------+-------+------------------+
|1     |multi_driven_nets |      0|        0|Passed |Multi driven nets |
+------+------------------+-------+---------+-------+------------------+
---------------------------------------------------------------------------------
Finished RTL Optimization Phase 1 : Time (s): cpu = 00:00:40 ; elapsed = 00:00:40 . Memory (MB): peak = 926.262 ; gain = 114.020
---------------------------------------------------------------------------------
INFO: [Device 21-403] Loading part xc7a100tcsg324-1
INFO: [Project 1-570] Preparing netlist for logic optimization

Processing XDC Constraints
Initializing timing engine
Completed Processing XDC Constraints

INFO: [Opt 31-138] Pushed 0 inverter(s) to 0 load pin(s).
INFO: [Project 1-111] Unisim Transformation Summary:
No Unisim elements were transformed.

RTL Elaboration Complete:  : Time (s): cpu = 00:02:12 ; elapsed = 00:02:23 . Memory (MB): peak = 1275.617 ; gain = 463.375
6 Infos, 6 Warnings, 0 Critical Warnings and 0 Errors encountered.
synth_design completed successfully
synth_design: Time (s): cpu = 00:02:12 ; elapsed = 00:02:24 . Memory (MB): peak = 1275.617 ; gain = 463.375
close_sim
INFO: [Simtcl 6-16] Simulation closed
close_sim: Time (s): cpu = 00:00:01 ; elapsed = 00:00:08 . Memory (MB): peak = 1297.164 ; gain = 0.000
launch_simulation
INFO: [Vivado 12-5682] Launching behavioral simulation in 'E:/bildiri ve makaleler/kitap/fpga/uygulamalar/prj_bolum5_uyg6/prj_bolum5_uyg6.sim/sim_1/behav/xsim'
INFO: [SIM-utils-51] Simulation object is 'sim_1'
INFO: [SIM-utils-54] Inspecting design source files for 'uyg56' in fileset 'sim_1'...
INFO: [USF-XSim-97] Finding global include files...
INFO: [USF-XSim-98] Fetching design files from 'sim_1'...
INFO: [USF-XSim-2] XSim::Compile design
INFO: [USF-XSim-61] Executing 'COMPILE and ANALYZE' step in 'E:/bildiri ve makaleler/kitap/fpga/uygulamalar/prj_bolum5_uyg6/prj_bolum5_uyg6.sim/sim_1/behav/xsim'
"xvhdl --incr --relax -prj uyg56_vhdl.prj"
INFO: [VRFC 10-163] Analyzing VHDL file "E:/bildiri ve makaleler/kitap/fpga/uygulamalar/prj_bolum5_uyg6/prj_bolum5_uyg6.srcs/sources_1/new/uyg56.vhd" into library xil_defaultlib
INFO: [VRFC 10-307] analyzing entity uyg56
run_program: Time (s): cpu = 00:00:01 ; elapsed = 00:00:05 . Memory (MB): peak = 1297.164 ; gain = 0.000
INFO: [USF-XSim-69] 'compile' step finished in '5' seconds
INFO: [USF-XSim-3] XSim::Elaborate design
INFO: [USF-XSim-61] Executing 'ELABORATE' step in 'E:/bildiri ve makaleler/kitap/fpga/uygulamalar/prj_bolum5_uyg6/prj_bolum5_uyg6.sim/sim_1/behav/xsim'
Vivado Simulator 2017.4
Copyright 1986-1999, 2001-2016 Xilinx, Inc. All Rights Reserved.
Running: C:/Xilinx/Vivado/2017.4/bin/unwrapped/win64.o/xelab.exe -wto 65592f464aca44f8a60dc286702c2e20 --incr --debug typical --relax --mt 2 -L xil_defaultlib -L secureip --snapshot uyg56_behav xil_defaultlib.uyg56 -log elaborate.log 
Using 2 slave threads.
Starting static elaboration
Completed static elaboration
Starting simulation data flow analysis
Completed simulation data flow analysis
Time Resolution for simulation is 1ps
Compiling package std.standard
Compiling package std.textio
Compiling package ieee.std_logic_1164
Compiling package ieee.std_logic_arith
Compiling architecture behavioral of entity xil_defaultlib.uyg56
Built simulation snapshot uyg56_behav

****** Webtalk v2017.4 (64-bit)
  **** SW Build 2086221 on Fri Dec 15 20:55:39 MST 2017
  **** IP Build 2085800 on Fri Dec 15 22:25:07 MST 2017
    ** Copyright 1986-2017 Xilinx, Inc. All Rights Reserved.

source E:/bildiri -notrace
couldn't read file "E:/bildiri": permission denied
INFO: [Common 17-206] Exiting Webtalk at Tue Jul  9 20:11:46 2019...
run_program: Time (s): cpu = 00:00:01 ; elapsed = 00:00:12 . Memory (MB): peak = 1297.164 ; gain = 0.000
INFO: [USF-XSim-69] 'elaborate' step finished in '13' seconds
INFO: [USF-XSim-4] XSim::Simulate design
INFO: [USF-XSim-61] Executing 'SIMULATE' step in 'E:/bildiri ve makaleler/kitap/fpga/uygulamalar/prj_bolum5_uyg6/prj_bolum5_uyg6.sim/sim_1/behav/xsim'
INFO: [USF-XSim-98] *** Running xsim
   with args "uyg56_behav -key {Behavioral:sim_1:Functional:uyg56} -tclbatch {uyg56.tcl} -log {simulate.log}"
INFO: [USF-XSim-8] Loading simulator feature
Vivado Simulator 2017.4
Time resolution is 1 ps
source uyg56.tcl
# set curr_wave [current_wave_config]
# if { [string length $curr_wave] == 0 } {
#   if { [llength [get_objects]] > 0} {
#     add_wave /
#     set_property needs_save false [current_wave_config]
#   } else {
#      send_msg_id Add_Wave-1 WARNING "No top level signals found. Simulator will start without a wave window. If you want to open a wave window go to 'File->New Waveform Configuration' or type 'create_wave_config' in the TCL console."
#   }
# }
# run 1000ns
xsim: Time (s): cpu = 00:00:08 ; elapsed = 00:00:06 . Memory (MB): peak = 1297.164 ; gain = 0.000
INFO: [USF-XSim-96] XSim completed. Design snapshot 'uyg56_behav' loaded.
INFO: [USF-XSim-97] XSim simulation ran for 1000ns
launch_simulation: Time (s): cpu = 00:00:11 ; elapsed = 00:00:25 . Memory (MB): peak = 1297.164 ; gain = 0.000
add_force {/uyg56/clk} -radix hex {0 0ns} {1 50000ps} -repeat_every 100000ps
add_force {/uyg56/rst} -radix hex {0 0ns}
add_force {/uyg56/sayi1} -radix hex {197c634e 0ns}
add_force {/uyg56/sayi2} -radix hex {2574de2a 0ns}
close_sim
INFO: [Simtcl 6-16] Simulation closed
launch_simulation
INFO: [Vivado 12-5682] Launching behavioral simulation in 'E:/bildiri ve makaleler/kitap/fpga/uygulamalar/prj_bolum5_uyg6/prj_bolum5_uyg6.sim/sim_1/behav/xsim'
INFO: [SIM-utils-51] Simulation object is 'sim_1'
INFO: [SIM-utils-54] Inspecting design source files for 'uyg56' in fileset 'sim_1'...
INFO: [USF-XSim-97] Finding global include files...
INFO: [USF-XSim-98] Fetching design files from 'sim_1'...
INFO: [USF-XSim-2] XSim::Compile design
INFO: [USF-XSim-61] Executing 'COMPILE and ANALYZE' step in 'E:/bildiri ve makaleler/kitap/fpga/uygulamalar/prj_bolum5_uyg6/prj_bolum5_uyg6.sim/sim_1/behav/xsim'
"xvhdl --incr --relax -prj uyg56_vhdl.prj"
INFO: [VRFC 10-163] Analyzing VHDL file "E:/bildiri ve makaleler/kitap/fpga/uygulamalar/prj_bolum5_uyg6/prj_bolum5_uyg6.srcs/sources_1/new/uyg56.vhd" into library xil_defaultlib
INFO: [VRFC 10-307] analyzing entity uyg56
run_program: Time (s): cpu = 00:00:01 ; elapsed = 00:00:05 . Memory (MB): peak = 1297.164 ; gain = 0.000
INFO: [USF-XSim-69] 'compile' step finished in '6' seconds
INFO: [USF-XSim-3] XSim::Elaborate design
INFO: [USF-XSim-61] Executing 'ELABORATE' step in 'E:/bildiri ve makaleler/kitap/fpga/uygulamalar/prj_bolum5_uyg6/prj_bolum5_uyg6.sim/sim_1/behav/xsim'
Vivado Simulator 2017.4
Copyright 1986-1999, 2001-2016 Xilinx, Inc. All Rights Reserved.
Running: C:/Xilinx/Vivado/2017.4/bin/unwrapped/win64.o/xelab.exe -wto 65592f464aca44f8a60dc286702c2e20 --incr --debug typical --relax --mt 2 -L xil_defaultlib -L secureip --snapshot uyg56_behav xil_defaultlib.uyg56 -log elaborate.log 
Using 2 slave threads.
Starting static elaboration
Completed static elaboration
Starting simulation data flow analysis
Completed simulation data flow analysis
Time Resolution for simulation is 1ps
Compiling package std.standard
Compiling package std.textio
Compiling package ieee.std_logic_1164
Compiling package ieee.std_logic_arith
Compiling architecture behavioral of entity xil_defaultlib.uyg56
Built simulation snapshot uyg56_behav
run_program: Time (s): cpu = 00:00:00 ; elapsed = 00:00:07 . Memory (MB): peak = 1297.164 ; gain = 0.000
INFO: [USF-XSim-69] 'elaborate' step finished in '7' seconds
INFO: [USF-XSim-4] XSim::Simulate design
INFO: [USF-XSim-61] Executing 'SIMULATE' step in 'E:/bildiri ve makaleler/kitap/fpga/uygulamalar/prj_bolum5_uyg6/prj_bolum5_uyg6.sim/sim_1/behav/xsim'
INFO: [USF-XSim-98] *** Running xsim
   with args "uyg56_behav -key {Behavioral:sim_1:Functional:uyg56} -tclbatch {uyg56.tcl} -log {simulate.log}"
INFO: [USF-XSim-8] Loading simulator feature
Vivado Simulator 2017.4
Time resolution is 1 ps
source uyg56.tcl
# set curr_wave [current_wave_config]
# if { [string length $curr_wave] == 0 } {
#   if { [llength [get_objects]] > 0} {
#     add_wave /
#     set_property needs_save false [current_wave_config]
#   } else {
#      send_msg_id Add_Wave-1 WARNING "No top level signals found. Simulator will start without a wave window. If you want to open a wave window go to 'File->New Waveform Configuration' or type 'create_wave_config' in the TCL console."
#   }
# }
# run 1000ns
xsim: Time (s): cpu = 00:00:08 ; elapsed = 00:00:06 . Memory (MB): peak = 1297.164 ; gain = 0.000
INFO: [USF-XSim-96] XSim completed. Design snapshot 'uyg56_behav' loaded.
INFO: [USF-XSim-97] XSim simulation ran for 1000ns
launch_simulation: Time (s): cpu = 00:00:10 ; elapsed = 00:00:20 . Memory (MB): peak = 1297.164 ; gain = 0.000
add_force {/uyg56/clk} -radix hex {0 0ns} {1 50000ps} -repeat_every 100000ps
add_force {/uyg56/rst} -radix hex {0 0ns}
add_force {/uyg56/sayi1} -radix hex {1945dd22 0ns}
add_force {/uyg56/sayi2} -radix hex {347a9e4d 0ns}
run 100 ns
add_force {/uyg56/rst} -radix hex {1 0ns}
run 100 ns
add_force {/uyg56/rst} -radix hex {0 0ns}
add_force {/uyg56/sayi1} -radix hex {44a6c873 0ns}
add_force {/uyg56/sayi2} -radix hex {aab6def8 0ns}
run 100 ns
close_sim
INFO: [Simtcl 6-16] Simulation closed
close_sim: Time (s): cpu = 00:00:04 ; elapsed = 00:00:07 . Memory (MB): peak = 1297.164 ; gain = 0.000
exit
INFO: [Common 17-206] Exiting Vivado at Wed Jul 10 00:04:29 2019...
