#-----------------------------------------------------------
# Vivado v2019.2 (64-bit)
# SW Build 2708876 on Wed Nov  6 21:40:23 MST 2019
# IP Build 2700528 on Thu Nov  7 00:09:20 MST 2019
# Start of session at: Sun Jan  2 11:54:17 2022
# Process ID: 7896
# Current directory: D:/USBbellek32GB/bildiri - makaleler - kitap - patent - proje/kitap/fpga ile gömülü sistemler/uygulamalar/prj_bolum9_uyg1
# Command line: vivado.exe -gui_launcher_event rodinguilauncherevent7412 D:\USBbellek32GB\bildiri - makaleler - kitap - patent - proje\kitap\fpga ile gömülü sistemler\uygulamalar\prj_bolum9_uyg1\prj_bolum9_uyg1.xpr
# Log file: D:/USBbellek32GB/bildiri - makaleler - kitap - patent - proje/kitap/fpga ile gömülü sistemler/uygulamalar/prj_bolum9_uyg1/vivado.log
# Journal file: D:/USBbellek32GB/bildiri - makaleler - kitap - patent - proje/kitap/fpga ile gömülü sistemler/uygulamalar/prj_bolum9_uyg1\vivado.jou
#-----------------------------------------------------------
start_gui
open_project {D:/USBbellek32GB/bildiri - makaleler - kitap - patent - proje/kitap/fpga ile gömülü sistemler/uygulamalar/prj_bolum9_uyg1/prj_bolum9_uyg1.xpr}
INFO: [ProjectBase 1-489] The host OS only allows 260 characters in a normal path. The project is stored in a path with more than 80 characters. If you experience issues with IP, Block Designs, or files not being found, please consider moving the project to a location with a shorter path. Alternately consider using the OS subst command to map part of the path to a drive letter.
Current project path is 'D:/USBbellek32GB/bildiri - makaleler - kitap - patent - proje/kitap/fpga ile gömülü sistemler/uygulamalar/prj_bolum9_uyg1'
Scanning sources...
Finished scanning sources
INFO: [IP_Flow 19-234] Refreshing IP repositories
INFO: [IP_Flow 19-1704] No user IP repositories specified
INFO: [IP_Flow 19-2313] Loaded Vivado IP repository 'C:/Xilinx/Vivado/2019.2/data/ip'.
update_compile_order -fileset sources_1
synth_design -rtl -name rtl_1
Command: synth_design -rtl -name rtl_1
Starting synth_design
Using part: xc7a100tcsg324-1
Top: uyg901
INFO: [Device 21-403] Loading part xc7a100tcsg324-1
---------------------------------------------------------------------------------
Starting RTL Elaboration : Time (s): cpu = 00:00:04 ; elapsed = 00:00:04 . Memory (MB): peak = 1315.387 ; gain = 213.992
---------------------------------------------------------------------------------
INFO: [Synth 8-638] synthesizing module 'uyg901' [D:/USBbellek32GB/bildiri - makaleler - kitap - patent - proje/kitap/fpga ile gömülü sistemler/uygulamalar/prj_bolum9_uyg1/prj_bolum9_uyg1.srcs/sources_1/new/uyg901.vhd:18]
WARNING: [Synth 8-3848] Net data in module/entity uyg901 does not have driver. [D:/USBbellek32GB/bildiri - makaleler - kitap - patent - proje/kitap/fpga ile gömülü sistemler/uygulamalar/prj_bolum9_uyg1/prj_bolum9_uyg1.srcs/sources_1/new/uyg901.vhd:25]
INFO: [Synth 8-256] done synthesizing module 'uyg901' (1#1) [D:/USBbellek32GB/bildiri - makaleler - kitap - patent - proje/kitap/fpga ile gömülü sistemler/uygulamalar/prj_bolum9_uyg1/prj_bolum9_uyg1.srcs/sources_1/new/uyg901.vhd:18]
WARNING: [Synth 8-3331] design uyg901 has unconnected port rst
