#-----------------------------------------------------------
# Vivado v2017.4 (64-bit)
# SW Build 2086221 on Fri Dec 15 20:55:39 MST 2017
# IP Build 2085800 on Fri Dec 15 22:25:07 MST 2017
# Start of session at: Sat Aug 10 08:11:55 2019
# Process ID: 3176
# Current directory: E:/bildiri ve makaleler/kitap/fpga/uygulamalar/prj_bolum9_uyg4
# Command line: vivado.exe -gui_launcher_event rodinguilauncherevent4596 E:\bildiri ve makaleler\kitap\fpga\uygulamalar\prj_bolum9_uyg4\prj_bolum9_uyg4.xpr
# Log file: E:/bildiri ve makaleler/kitap/fpga/uygulamalar/prj_bolum9_uyg4/vivado.log
# Journal file: E:/bildiri ve makaleler/kitap/fpga/uygulamalar/prj_bolum9_uyg4\vivado.jou
#-----------------------------------------------------------
start_gui
open_project {E:/bildiri ve makaleler/kitap/fpga/uygulamalar/prj_bolum9_uyg4/prj_bolum9_uyg4.xpr}
Scanning sources...
Finished scanning sources
INFO: [IP_Flow 19-234] Refreshing IP repositories
INFO: [IP_Flow 19-1704] No user IP repositories specified
INFO: [IP_Flow 19-2313] Loaded Vivado IP repository 'C:/Xilinx/Vivado/2017.4/data/ip'.
open_project: Time (s): cpu = 00:00:24 ; elapsed = 00:00:18 . Memory (MB): peak = 775.695 ; gain = 50.297
update_compile_order -fileset sources_1
launch_simulation
INFO: [Vivado 12-5682] Launching behavioral simulation in 'E:/bildiri ve makaleler/kitap/fpga/uygulamalar/prj_bolum9_uyg4/prj_bolum9_uyg4.sim/sim_1/behav/xsim'
INFO: [SIM-utils-51] Simulation object is 'sim_1'
INFO: [SIM-utils-54] Inspecting design source files for 'uyg904' in fileset 'sim_1'...
INFO: [USF-XSim-97] Finding global include files...
INFO: [USF-XSim-98] Fetching design files from 'sim_1'...
INFO: [USF-XSim-2] XSim::Compile design
INFO: [USF-XSim-61] Executing 'COMPILE and ANALYZE' step in 'E:/bildiri ve makaleler/kitap/fpga/uygulamalar/prj_bolum9_uyg4/prj_bolum9_uyg4.sim/sim_1/behav/xsim'
"xvhdl --incr --relax -prj uyg904_vhdl.prj"
INFO: [VRFC 10-163] Analyzing VHDL file "E:/bildiri ve makaleler/kitap/fpga/uygulamalar/prj_bolum9_uyg4/prj_bolum9_uyg4.srcs/sources_1/new/uyg904.vhd" into library xil_defaultlib
INFO: [VRFC 10-307] analyzing entity uyg904
INFO: [USF-XSim-69] 'compile' step finished in '5' seconds
INFO: [USF-XSim-3] XSim::Elaborate design
INFO: [USF-XSim-61] Executing 'ELABORATE' step in 'E:/bildiri ve makaleler/kitap/fpga/uygulamalar/prj_bolum9_uyg4/prj_bolum9_uyg4.sim/sim_1/behav/xsim'
Vivado Simulator 2017.4
Copyright 1986-1999, 2001-2016 Xilinx, Inc. All Rights Reserved.
Running: C:/Xilinx/Vivado/2017.4/bin/unwrapped/win64.o/xelab.exe -wto c7db251927d548f4be7964be15e6e9e5 --incr --debug typical --relax --mt 2 -L xil_defaultlib -L secureip --snapshot uyg904_behav xil_defaultlib.uyg904 -log elaborate.log 
Using 2 slave threads.
Starting static elaboration
Completed static elaboration
Starting simulation data flow analysis
Completed simulation data flow analysis
Time Resolution for simulation is 1ps
Compiling package std.standard
Compiling package std.textio
Compiling package ieee.std_logic_1164
Compiling package ieee.std_logic_arith
Compiling package ieee.std_logic_unsigned
Compiling architecture behavioral of entity xil_defaultlib.uyg904
Built simulation snapshot uyg904_behav

****** Webtalk v2017.4 (64-bit)
  **** SW Build 2086221 on Fri Dec 15 20:55:39 MST 2017
  **** IP Build 2085800 on Fri Dec 15 22:25:07 MST 2017
    ** Copyright 1986-2017 Xilinx, Inc. All Rights Reserved.

source E:/bildiri -notrace
couldn't read file "E:/bildiri": permission denied
INFO: [Common 17-206] Exiting Webtalk at Sat Aug 10 08:36:43 2019...
run_program: Time (s): cpu = 00:00:01 ; elapsed = 00:00:14 . Memory (MB): peak = 783.340 ; gain = 0.000
INFO: [USF-XSim-69] 'elaborate' step finished in '14' seconds
INFO: [USF-XSim-4] XSim::Simulate design
INFO: [USF-XSim-61] Executing 'SIMULATE' step in 'E:/bildiri ve makaleler/kitap/fpga/uygulamalar/prj_bolum9_uyg4/prj_bolum9_uyg4.sim/sim_1/behav/xsim'
INFO: [USF-XSim-98] *** Running xsim
   with args "uyg904_behav -key {Behavioral:sim_1:Functional:uyg904} -tclbatch {uyg904.tcl} -log {simulate.log}"
INFO: [USF-XSim-8] Loading simulator feature
Vivado Simulator 2017.4
Time resolution is 1 ps
source uyg904.tcl
# set curr_wave [current_wave_config]
# if { [string length $curr_wave] == 0 } {
#   if { [llength [get_objects]] > 0} {
#     add_wave /
#     set_property needs_save false [current_wave_config]
#   } else {
#      send_msg_id Add_Wave-1 WARNING "No top level signals found. Simulator will start without a wave window. If you want to open a wave window go to 'File->New Waveform Configuration' or type 'create_wave_config' in the TCL console."
#   }
# }
# run 1000ns
xsim: Time (s): cpu = 00:00:10 ; elapsed = 00:00:06 . Memory (MB): peak = 800.891 ; gain = 17.551
INFO: [USF-XSim-96] XSim completed. Design snapshot 'uyg904_behav' loaded.
INFO: [USF-XSim-97] XSim simulation ran for 1000ns
launch_simulation: Time (s): cpu = 00:00:13 ; elapsed = 00:00:28 . Memory (MB): peak = 800.891 ; gain = 17.551
add_force {/uyg904/clk} -radix hex {0 0ns} {1 50000ps} -repeat_every 100000ps
add_force {/uyg904/rst} -radix hex {0 0ns}
add_force {/uyg904/aktif} -radix hex {1 0ns}
add_force {/uyg904/yaz_oku} -radix hex {1 0ns}
add_force {/uyg904/adres} -radix hex {5 0ns}
add_force {/uyg904/gir} -radix hex {61 0ns}
run 100 ns
add_force {/uyg904/gir} -radix hex {1b 0ns}
add_force {/uyg904/adres} -radix hex {1 0ns}
run 100 ns
add_force {/uyg904/gir} -radix hex {25 0ns}
add_force {/uyg904/adres} -radix hex {7 0ns}
run 100 ns
add_force {/uyg904/adres} -radix hex {4 0ns}
add_force {/uyg904/gir} -radix hex {93 0ns}
run 100 ns
add_force {/uyg904/gir} -radix hex {28 0ns}
add_force {/uyg904/yaz_oku} -radix hex {0 0ns}
add_force {/uyg904/adres} -radix hex {1 0ns}
run 100 ns
add_force {/uyg904/aktif} -radix hex {0 0ns}
add_force {/uyg904/adres} -radix hex {7 0ns}
run 100 ns
add_force {/uyg904/rst} -radix hex {1 0ns}
run 100 ns
synth_design -rtl -name rtl_1
Command: synth_design -rtl -name rtl_1
Starting synth_design
Using part: xc7a100tcsg324-1
Top: uyg904
---------------------------------------------------------------------------------
Starting RTL Elaboration : Time (s): cpu = 00:00:13 ; elapsed = 00:00:14 . Memory (MB): peak = 901.395 ; gain = 64.703
---------------------------------------------------------------------------------
INFO: [Synth 8-638] synthesizing module 'uyg904' [E:/bildiri ve makaleler/kitap/fpga/uygulamalar/prj_bolum9_uyg4/prj_bolum9_uyg4.srcs/sources_1/new/uyg904.vhd:27]
	Parameter bits bound to: 8 - type: integer 
	Parameter adr_bits bound to: 4 - type: integer 
INFO: [Synth 8-256] done synthesizing module 'uyg904' (1#1) [E:/bildiri ve makaleler/kitap/fpga/uygulamalar/prj_bolum9_uyg4/prj_bolum9_uyg4.srcs/sources_1/new/uyg904.vhd:27]
---------------------------------------------------------------------------------
Finished RTL Elaboration : Time (s): cpu = 00:00:14 ; elapsed = 00:00:16 . Memory (MB): peak = 951.039 ; gain = 114.348
---------------------------------------------------------------------------------

Report Check Netlist: 
+------+------------------+-------+---------+-------+------------------+
|      |Item              |Errors |Warnings |Status |Description       |
+------+------------------+-------+---------+-------+------------------+
|1     |multi_driven_nets |      0|        0|Passed |Multi driven nets |
+------+------------------+-------+---------+-------+------------------+
---------------------------------------------------------------------------------
Finished RTL Optimization Phase 1 : Time (s): cpu = 00:00:15 ; elapsed = 00:00:17 . Memory (MB): peak = 951.039 ; gain = 114.348
---------------------------------------------------------------------------------
INFO: [Device 21-403] Loading part xc7a100tcsg324-1
INFO: [Project 1-570] Preparing netlist for logic optimization

Processing XDC Constraints
Initializing timing engine
Completed Processing XDC Constraints

INFO: [Opt 31-138] Pushed 0 inverter(s) to 0 load pin(s).
INFO: [Project 1-111] Unisim Transformation Summary:
No Unisim elements were transformed.

RTL Elaboration Complete:  : Time (s): cpu = 00:00:56 ; elapsed = 00:00:57 . Memory (MB): peak = 1317.316 ; gain = 480.625
6 Infos, 0 Warnings, 0 Critical Warnings and 0 Errors encountered.
synth_design completed successfully
synth_design: Time (s): cpu = 00:00:56 ; elapsed = 00:00:58 . Memory (MB): peak = 1317.316 ; gain = 480.625
refresh_design
---------------------------------------------------------------------------------
Starting RTL Elaboration : Time (s): cpu = 00:00:26 ; elapsed = 00:00:26 . Memory (MB): peak = 1321.402 ; gain = 0.000
---------------------------------------------------------------------------------
INFO: [Synth 8-638] synthesizing module 'uyg904' [E:/bildiri ve makaleler/kitap/fpga/uygulamalar/prj_bolum9_uyg4/prj_bolum9_uyg4.srcs/sources_1/new/uyg904.vhd:27]
	Parameter bits bound to: 8 - type: integer 
	Parameter adr_bits bound to: 3 - type: integer 
INFO: [Synth 8-256] done synthesizing module 'uyg904' (1#1) [E:/bildiri ve makaleler/kitap/fpga/uygulamalar/prj_bolum9_uyg4/prj_bolum9_uyg4.srcs/sources_1/new/uyg904.vhd:27]
---------------------------------------------------------------------------------
Finished RTL Elaboration : Time (s): cpu = 00:00:32 ; elapsed = 00:00:32 . Memory (MB): peak = 1346.672 ; gain = 25.270
---------------------------------------------------------------------------------

Report Check Netlist: 
+------+------------------+-------+---------+-------+------------------+
|      |Item              |Errors |Warnings |Status |Description       |
+------+------------------+-------+---------+-------+------------------+
|1     |multi_driven_nets |      0|        0|Passed |Multi driven nets |
+------+------------------+-------+---------+-------+------------------+
---------------------------------------------------------------------------------
Finished RTL Optimization Phase 1 : Time (s): cpu = 00:00:32 ; elapsed = 00:00:33 . Memory (MB): peak = 1346.672 ; gain = 25.270
---------------------------------------------------------------------------------
INFO: [Project 1-570] Preparing netlist for logic optimization

Processing XDC Constraints
Initializing timing engine
Completed Processing XDC Constraints

INFO: [Opt 31-138] Pushed 0 inverter(s) to 0 load pin(s).
refresh_design: Time (s): cpu = 00:00:46 ; elapsed = 00:00:41 . Memory (MB): peak = 1367.102 ; gain = 45.699
