#-----------------------------------------------------------
# Vivado v2017.4 (64-bit)
# SW Build 2086221 on Fri Dec 15 20:55:39 MST 2017
# IP Build 2085800 on Fri Dec 15 22:25:07 MST 2017
# Start of session at: Sat Jul  6 09:31:39 2019
# Process ID: 6252
# Current directory: E:/bildiri ve makaleler/kitap/fpga/uygulamalar/prj_bolum4_uyg2
# Command line: vivado.exe -gui_launcher_event rodinguilauncherevent6740 E:\bildiri ve makaleler\kitap\fpga\uygulamalar\prj_bolum4_uyg2\prj_bolum4_uyg2.xpr
# Log file: E:/bildiri ve makaleler/kitap/fpga/uygulamalar/prj_bolum4_uyg2/vivado.log
# Journal file: E:/bildiri ve makaleler/kitap/fpga/uygulamalar/prj_bolum4_uyg2\vivado.jou
#-----------------------------------------------------------
start_gui
open_project {E:/bildiri ve makaleler/kitap/fpga/uygulamalar/prj_bolum4_uyg2/prj_bolum4_uyg2.xpr}
Scanning sources...
Finished scanning sources
INFO: [IP_Flow 19-234] Refreshing IP repositories
INFO: [IP_Flow 19-1704] No user IP repositories specified
INFO: [IP_Flow 19-2313] Loaded Vivado IP repository 'C:/Xilinx/Vivado/2017.4/data/ip'.
open_project: Time (s): cpu = 00:00:41 ; elapsed = 00:00:21 . Memory (MB): peak = 730.066 ; gain = 11.797
update_compile_order -fileset sources_1
close_project
create_project prj_bolum5_uyg1 {E:/bildiri ve makaleler/kitap/fpga/uygulamalar/prj_bolum5_uyg1} -part xc7a100tcsg324-1
INFO: [IP_Flow 19-234] Refreshing IP repositories
INFO: [IP_Flow 19-1704] No user IP repositories specified
INFO: [IP_Flow 19-2313] Loaded Vivado IP repository 'C:/Xilinx/Vivado/2017.4/data/ip'.
create_project: Time (s): cpu = 00:00:23 ; elapsed = 00:00:20 . Memory (MB): peak = 788.574 ; gain = 0.000
file mkdir E:/bildiri ve makaleler/kitap/fpga/uygulamalar/prj_bolum5_uyg1/prj_bolum5_uyg1.srcs/sources_1/new
set_property target_language VHDL [current_project]
file mkdir E:/bildiri ve makaleler/kitap/fpga/uygulamalar/prj_bolum5_uyg1/prj_bolum5_uyg1.srcs/sources_1/new
file mkdir E:/bildiri ve makaleler/kitap/fpga/uygulamalar/prj_bolum5_uyg1/prj_bolum5_uyg1.srcs/sources_1/new
file mkdir {E:/bildiri ve makaleler/kitap/fpga/uygulamalar/prj_bolum5_uyg1/prj_bolum5_uyg1.srcs/sources_1/new}
close [ open {E:/bildiri ve makaleler/kitap/fpga/uygulamalar/prj_bolum5_uyg1/prj_bolum5_uyg1.srcs/sources_1/new/uyg51.vhd} w ]
add_files {{E:/bildiri ve makaleler/kitap/fpga/uygulamalar/prj_bolum5_uyg1/prj_bolum5_uyg1.srcs/sources_1/new/uyg51.vhd}}
update_compile_order -fileset sources_1
update_compile_order -fileset sources_1
launch_simulation
INFO: [Vivado 12-5682] Launching behavioral simulation in 'E:/bildiri ve makaleler/kitap/fpga/uygulamalar/prj_bolum5_uyg1/prj_bolum5_uyg1.sim/sim_1/behav/xsim'
INFO: [SIM-utils-51] Simulation object is 'sim_1'
INFO: [SIM-utils-54] Inspecting design source files for 'Uyg41' in fileset 'sim_1'...
INFO: [USF-XSim-97] Finding global include files...
INFO: [USF-XSim-98] Fetching design files from 'sim_1'...
INFO: [USF-XSim-2] XSim::Compile design
INFO: [USF-XSim-61] Executing 'COMPILE and ANALYZE' step in 'E:/bildiri ve makaleler/kitap/fpga/uygulamalar/prj_bolum5_uyg1/prj_bolum5_uyg1.sim/sim_1/behav/xsim'
"xvhdl --incr --relax -prj Uyg41_vhdl.prj"
INFO: [VRFC 10-163] Analyzing VHDL file "E:/bildiri ve makaleler/kitap/fpga/uygulamalar/prj_bolum5_uyg1/prj_bolum5_uyg1.srcs/sources_1/new/uyg51.vhd" into library xil_defaultlib
INFO: [VRFC 10-307] analyzing entity Uyg41
run_program: Time (s): cpu = 00:00:00 ; elapsed = 00:00:07 . Memory (MB): peak = 813.680 ; gain = 0.000
INFO: [USF-XSim-69] 'compile' step finished in '7' seconds
INFO: [USF-XSim-3] XSim::Elaborate design
INFO: [USF-XSim-61] Executing 'ELABORATE' step in 'E:/bildiri ve makaleler/kitap/fpga/uygulamalar/prj_bolum5_uyg1/prj_bolum5_uyg1.sim/sim_1/behav/xsim'
Vivado Simulator 2017.4
Copyright 1986-1999, 2001-2016 Xilinx, Inc. All Rights Reserved.
Running: C:/Xilinx/Vivado/2017.4/bin/unwrapped/win64.o/xelab.exe -wto ed1ca449d0ce475c8f132d4c97e80421 --incr --debug typical --relax --mt 2 -L xil_defaultlib -L secureip --snapshot Uyg41_behav xil_defaultlib.Uyg41 -log elaborate.log 
Using 2 slave threads.
Starting static elaboration
Completed static elaboration
Starting simulation data flow analysis
Completed simulation data flow analysis
Time Resolution for simulation is 1ps
Compiling package std.standard
Compiling package std.textio
Compiling package ieee.std_logic_1164
Compiling package ieee.std_logic_arith
Compiling package ieee.std_logic_signed
Compiling architecture behavioral of entity xil_defaultlib.uyg41
Built simulation snapshot Uyg41_behav

****** Webtalk v2017.4 (64-bit)
  **** SW Build 2086221 on Fri Dec 15 20:55:39 MST 2017
  **** IP Build 2085800 on Fri Dec 15 22:25:07 MST 2017
    ** Copyright 1986-2017 Xilinx, Inc. All Rights Reserved.

source E:/bildiri -notrace
couldn't read file "E:/bildiri": permission denied
INFO: [Common 17-206] Exiting Webtalk at Sat Jul  6 10:39:55 2019...
run_program: Time (s): cpu = 00:00:01 ; elapsed = 00:00:15 . Memory (MB): peak = 813.680 ; gain = 0.000
INFO: [USF-XSim-69] 'elaborate' step finished in '15' seconds
INFO: [USF-XSim-4] XSim::Simulate design
INFO: [USF-XSim-61] Executing 'SIMULATE' step in 'E:/bildiri ve makaleler/kitap/fpga/uygulamalar/prj_bolum5_uyg1/prj_bolum5_uyg1.sim/sim_1/behav/xsim'
INFO: [USF-XSim-98] *** Running xsim
   with args "Uyg41_behav -key {Behavioral:sim_1:Functional:Uyg41} -tclbatch {Uyg41.tcl} -log {simulate.log}"
INFO: [USF-XSim-8] Loading simulator feature
Vivado Simulator 2017.4
Time resolution is 1 ps
source Uyg41.tcl
# set curr_wave [current_wave_config]
# if { [string length $curr_wave] == 0 } {
#   if { [llength [get_objects]] > 0} {
#     add_wave /
#     set_property needs_save false [current_wave_config]
#   } else {
#      send_msg_id Add_Wave-1 WARNING "No top level signals found. Simulator will start without a wave window. If you want to open a wave window go to 'File->New Waveform Configuration' or type 'create_wave_config' in the TCL console."
#   }
# }
# run 1000ns
xsim: Time (s): cpu = 00:00:20 ; elapsed = 00:00:09 . Memory (MB): peak = 827.121 ; gain = 13.441
INFO: [USF-XSim-96] XSim completed. Design snapshot 'Uyg41_behav' loaded.
INFO: [USF-XSim-97] XSim simulation ran for 1000ns
launch_simulation: Time (s): cpu = 00:00:24 ; elapsed = 00:00:36 . Memory (MB): peak = 827.121 ; gain = 13.441
add_force {/Uyg41/clk} -radix hex {0 0ns} {1 50000ps} -repeat_every 100000ps
add_force {/Uyg41/rst} -radix hex {0 0ns}
run 100 ns
run 100 ns
run 100 ns
add_force {/Uyg41/rst} -radix hex {1 0ns}
run 100 ns
add_force {/Uyg41/rst} -radix hex {0 0ns}
run 100 ns
run 100 ns
run 100 ns
run 100 ns
run 100 ns
run 100 ns
run 100 ns
run 100 ns
run 100 ns
run 100 ns
run 100 ns
run 100 ns
run 100 ns
run 100 ns
run 100 ns
run 100 ns
run 100 ns
run 100 ns
run 100 ns
run 100 ns
run 100 ns
add_force {/Uyg41/rst} -radix hex {1 0ns}
run 100 ns
add_force {/Uyg41/rst} -radix hex {0 0ns}
run 100 ns
run 100 ns
close_sim
INFO: [Simtcl 6-16] Simulation closed
close_sim: Time (s): cpu = 00:00:01 ; elapsed = 00:00:09 . Memory (MB): peak = 827.121 ; gain = 0.000
close_project
create_project prj_bolum5_uyg2 {E:/bildiri ve makaleler/kitap/fpga/uygulamalar/prj_bolum5_uyg2} -part xc7a100tcsg324-1
INFO: [IP_Flow 19-234] Refreshing IP repositories
INFO: [IP_Flow 19-1704] No user IP repositories specified
INFO: [IP_Flow 19-2313] Loaded Vivado IP repository 'C:/Xilinx/Vivado/2017.4/data/ip'.
create_project: Time (s): cpu = 00:00:11 ; elapsed = 00:00:18 . Memory (MB): peak = 827.121 ; gain = 0.000
file mkdir E:/bildiri ve makaleler/kitap/fpga/uygulamalar/prj_bolum5_uyg2/prj_bolum5_uyg2.srcs/sources_1/new
set_property target_language VHDL [current_project]
file mkdir E:/bildiri ve makaleler/kitap/fpga/uygulamalar/prj_bolum5_uyg2/prj_bolum5_uyg2.srcs/sources_1/new
file mkdir E:/bildiri ve makaleler/kitap/fpga/uygulamalar/prj_bolum5_uyg2/prj_bolum5_uyg2.srcs/sources_1/new
file mkdir {E:/bildiri ve makaleler/kitap/fpga/uygulamalar/prj_bolum5_uyg2/prj_bolum5_uyg2.srcs/sources_1/new}
close [ open {E:/bildiri ve makaleler/kitap/fpga/uygulamalar/prj_bolum5_uyg2/prj_bolum5_uyg2.srcs/sources_1/new/uyg52.vhd} w ]
add_files {{E:/bildiri ve makaleler/kitap/fpga/uygulamalar/prj_bolum5_uyg2/prj_bolum5_uyg2.srcs/sources_1/new/uyg52.vhd}}
update_compile_order -fileset sources_1
launch_simulation
INFO: [Vivado 12-5682] Launching behavioral simulation in 'E:/bildiri ve makaleler/kitap/fpga/uygulamalar/prj_bolum5_uyg2/prj_bolum5_uyg2.sim/sim_1/behav/xsim'
INFO: [SIM-utils-51] Simulation object is 'sim_1'
INFO: [SIM-utils-54] Inspecting design source files for 'uyg52' in fileset 'sim_1'...
INFO: [USF-XSim-97] Finding global include files...
INFO: [USF-XSim-98] Fetching design files from 'sim_1'...
INFO: [USF-XSim-2] XSim::Compile design
INFO: [USF-XSim-61] Executing 'COMPILE and ANALYZE' step in 'E:/bildiri ve makaleler/kitap/fpga/uygulamalar/prj_bolum5_uyg2/prj_bolum5_uyg2.sim/sim_1/behav/xsim'
"xvhdl --incr --relax -prj uyg52_vhdl.prj"
INFO: [VRFC 10-163] Analyzing VHDL file "E:/bildiri ve makaleler/kitap/fpga/uygulamalar/prj_bolum5_uyg2/prj_bolum5_uyg2.srcs/sources_1/new/uyg52.vhd" into library xil_defaultlib
INFO: [VRFC 10-307] analyzing entity uyg52
run_program: Time (s): cpu = 00:00:00 ; elapsed = 00:00:05 . Memory (MB): peak = 837.074 ; gain = 0.000
INFO: [USF-XSim-69] 'compile' step finished in '5' seconds
INFO: [USF-XSim-3] XSim::Elaborate design
INFO: [USF-XSim-61] Executing 'ELABORATE' step in 'E:/bildiri ve makaleler/kitap/fpga/uygulamalar/prj_bolum5_uyg2/prj_bolum5_uyg2.sim/sim_1/behav/xsim'
Vivado Simulator 2017.4
Copyright 1986-1999, 2001-2016 Xilinx, Inc. All Rights Reserved.
Running: C:/Xilinx/Vivado/2017.4/bin/unwrapped/win64.o/xelab.exe -wto 6650827e7a3c42d797c802633b82d9c8 --incr --debug typical --relax --mt 2 -L xil_defaultlib -L secureip --snapshot uyg52_behav xil_defaultlib.uyg52 -log elaborate.log 
Using 2 slave threads.
Starting static elaboration
Completed static elaboration
Starting simulation data flow analysis
Completed simulation data flow analysis
Time Resolution for simulation is 1ps
Compiling package std.standard
Compiling package std.textio
Compiling package ieee.std_logic_1164
Compiling package ieee.std_logic_arith
Compiling package ieee.std_logic_signed
Compiling architecture behavioral of entity xil_defaultlib.uyg52
Built simulation snapshot uyg52_behav

****** Webtalk v2017.4 (64-bit)
  **** SW Build 2086221 on Fri Dec 15 20:55:39 MST 2017
  **** IP Build 2085800 on Fri Dec 15 22:25:07 MST 2017
    ** Copyright 1986-2017 Xilinx, Inc. All Rights Reserved.

source E:/bildiri -notrace
couldn't read file "E:/bildiri": permission denied
INFO: [Common 17-206] Exiting Webtalk at Sat Jul  6 12:02:18 2019...
run_program: Time (s): cpu = 00:00:00 ; elapsed = 00:00:14 . Memory (MB): peak = 837.074 ; gain = 0.000
INFO: [USF-XSim-69] 'elaborate' step finished in '14' seconds
INFO: [USF-XSim-4] XSim::Simulate design
INFO: [USF-XSim-61] Executing 'SIMULATE' step in 'E:/bildiri ve makaleler/kitap/fpga/uygulamalar/prj_bolum5_uyg2/prj_bolum5_uyg2.sim/sim_1/behav/xsim'
INFO: [USF-XSim-98] *** Running xsim
   with args "uyg52_behav -key {Behavioral:sim_1:Functional:uyg52} -tclbatch {uyg52.tcl} -log {simulate.log}"
INFO: [USF-XSim-8] Loading simulator feature
Vivado Simulator 2017.4
Time resolution is 1 ps
source uyg52.tcl
# set curr_wave [current_wave_config]
# if { [string length $curr_wave] == 0 } {
#   if { [llength [get_objects]] > 0} {
#     add_wave /
#     set_property needs_save false [current_wave_config]
#   } else {
#      send_msg_id Add_Wave-1 WARNING "No top level signals found. Simulator will start without a wave window. If you want to open a wave window go to 'File->New Waveform Configuration' or type 'create_wave_config' in the TCL console."
#   }
# }
# run 1000ns
INFO: [USF-XSim-96] XSim completed. Design snapshot 'uyg52_behav' loaded.
INFO: [USF-XSim-97] XSim simulation ran for 1000ns
launch_simulation: Time (s): cpu = 00:00:08 ; elapsed = 00:00:26 . Memory (MB): peak = 837.074 ; gain = 0.000
add_force {/uyg52/clk} -radix hex {0 0ns} {1 50000ps} -repeat_every 100000ps
add_force {/uyg52/rst} -radix hex {0 0ns}
add_force {/uyg52/anahtar} -radix hex {0 0ns}
run 100 ns
run 100 ns
run 100 ns
run 100 ns
run 100 ns
add_force {/uyg52/anahtar} -radix hex {1 0ns}
run 100 ns
run 100 ns
add_force {/uyg52/anahtar} -radix hex {0 0ns}
run 100 ns
run 100 ns
