#-----------------------------------------------------------
# Vivado v2017.4 (64-bit)
# SW Build 2086221 on Fri Dec 15 20:55:39 MST 2017
# IP Build 2085800 on Fri Dec 15 22:25:07 MST 2017
# Start of session at: Fri Jul  5 14:51:36 2019
# Process ID: 5260
# Current directory: E:/bildiri ve makaleler/kitap/fpga/uygulamalar/prj_bolum4_uyg2
# Command line: vivado.exe -gui_launcher_event rodinguilauncherevent4420 E:\bildiri ve makaleler\kitap\fpga\uygulamalar\prj_bolum4_uyg2\prj_bolum4_uyg2.xpr
# Log file: E:/bildiri ve makaleler/kitap/fpga/uygulamalar/prj_bolum4_uyg2/vivado.log
# Journal file: E:/bildiri ve makaleler/kitap/fpga/uygulamalar/prj_bolum4_uyg2\vivado.jou
#-----------------------------------------------------------
start_gui
open_project {E:/bildiri ve makaleler/kitap/fpga/uygulamalar/prj_bolum4_uyg2/prj_bolum4_uyg2.xpr}
Scanning sources...
Finished scanning sources
INFO: [IP_Flow 19-234] Refreshing IP repositories
INFO: [IP_Flow 19-1704] No user IP repositories specified
INFO: [IP_Flow 19-2313] Loaded Vivado IP repository 'C:/Xilinx/Vivado/2017.4/data/ip'.
open_project: Time (s): cpu = 00:00:45 ; elapsed = 00:00:23 . Memory (MB): peak = 752.348 ; gain = 62.094
update_compile_order -fileset sources_1
close_project
exit
INFO: [Common 17-206] Exiting Vivado at Fri Jul  5 16:47:25 2019...
