INFO: [VRFC 10-2263] Analyzing Verilog file "E:/bildiri ve makaleler/kitap/fpga/uygulamalar/prj_bolum11_uyg2/prj_bolum11_uyg2.srcs/sources_1/ip/Cordic_SinCos/Cordic_SinCos_sim_netlist.v" into library xil_defaultlib
INFO: [VRFC 10-311] analyzing module Cordic_SinCos
INFO: [VRFC 10-311] analyzing module Cordic_SinCos_cordic_v6_0_13
INFO: [VRFC 10-311] analyzing module Cordic_SinCos_addsub
INFO: [VRFC 10-311] analyzing module Cordic_SinCos_addsub__parameterized1
INFO: [VRFC 10-311] analyzing module Cordic_SinCos_addsub__parameterized3
INFO: [VRFC 10-311] analyzing module Cordic_SinCos_addsub__parameterized3_0
INFO: [VRFC 10-311] analyzing module Cordic_SinCos_addsub__parameterized3_10
INFO: [VRFC 10-311] analyzing module Cordic_SinCos_addsub__parameterized3_108
INFO: [VRFC 10-311] analyzing module Cordic_SinCos_addsub__parameterized3_11
INFO: [VRFC 10-311] analyzing module Cordic_SinCos_addsub__parameterized3_113
INFO: [VRFC 10-311] analyzing module Cordic_SinCos_addsub__parameterized3_114
INFO: [VRFC 10-311] analyzing module Cordic_SinCos_addsub__parameterized3_12
INFO: [VRFC 10-311] analyzing module Cordic_SinCos_addsub__parameterized3_124
INFO: [VRFC 10-311] analyzing module Cordic_SinCos_addsub__parameterized3_129
INFO: [VRFC 10-311] analyzing module Cordic_SinCos_addsub__parameterized3_130
INFO: [VRFC 10-311] analyzing module Cordic_SinCos_addsub__parameterized3_140
INFO: [VRFC 10-311] analyzing module Cordic_SinCos_addsub__parameterized3_145
INFO: [VRFC 10-311] analyzing module Cordic_SinCos_addsub__parameterized3_146
INFO: [VRFC 10-311] analyzing module Cordic_SinCos_addsub__parameterized3_156
INFO: [VRFC 10-311] analyzing module Cordic_SinCos_addsub__parameterized3_161
INFO: [VRFC 10-311] analyzing module Cordic_SinCos_addsub__parameterized3_162
INFO: [VRFC 10-311] analyzing module Cordic_SinCos_addsub__parameterized3_17
INFO: [VRFC 10-311] analyzing module Cordic_SinCos_addsub__parameterized3_172
INFO: [VRFC 10-311] analyzing module Cordic_SinCos_addsub__parameterized3_177
INFO: [VRFC 10-311] analyzing module Cordic_SinCos_addsub__parameterized3_178
INFO: [VRFC 10-311] analyzing module Cordic_SinCos_addsub__parameterized3_18
INFO: [VRFC 10-311] analyzing module Cordic_SinCos_addsub__parameterized3_187
INFO: [VRFC 10-311] analyzing module Cordic_SinCos_addsub__parameterized3_188
INFO: [VRFC 10-311] analyzing module Cordic_SinCos_addsub__parameterized3_199
INFO: [VRFC 10-311] analyzing module Cordic_SinCos_addsub__parameterized3_204
INFO: [VRFC 10-311] analyzing module Cordic_SinCos_addsub__parameterized3_205
INFO: [VRFC 10-311] analyzing module Cordic_SinCos_addsub__parameterized3_216
INFO: [VRFC 10-311] analyzing module Cordic_SinCos_addsub__parameterized3_221
INFO: [VRFC 10-311] analyzing module Cordic_SinCos_addsub__parameterized3_222
INFO: [VRFC 10-311] analyzing module Cordic_SinCos_addsub__parameterized3_232
INFO: [VRFC 10-311] analyzing module Cordic_SinCos_addsub__parameterized3_237
INFO: [VRFC 10-311] analyzing module Cordic_SinCos_addsub__parameterized3_238
INFO: [VRFC 10-311] analyzing module Cordic_SinCos_addsub__parameterized3_248
INFO: [VRFC 10-311] analyzing module Cordic_SinCos_addsub__parameterized3_253
INFO: [VRFC 10-311] analyzing module Cordic_SinCos_addsub__parameterized3_254
INFO: [VRFC 10-311] analyzing module Cordic_SinCos_addsub__parameterized3_44
INFO: [VRFC 10-311] analyzing module Cordic_SinCos_addsub__parameterized3_49
INFO: [VRFC 10-311] analyzing module Cordic_SinCos_addsub__parameterized3_50
INFO: [VRFC 10-311] analyzing module Cordic_SinCos_addsub__parameterized3_60
INFO: [VRFC 10-311] analyzing module Cordic_SinCos_addsub__parameterized3_65
INFO: [VRFC 10-311] analyzing module Cordic_SinCos_addsub__parameterized3_66
INFO: [VRFC 10-311] analyzing module Cordic_SinCos_addsub__parameterized3_76
INFO: [VRFC 10-311] analyzing module Cordic_SinCos_addsub__parameterized3_81
INFO: [VRFC 10-311] analyzing module Cordic_SinCos_addsub__parameterized3_82
INFO: [VRFC 10-311] analyzing module Cordic_SinCos_addsub__parameterized3_9
INFO: [VRFC 10-311] analyzing module Cordic_SinCos_addsub__parameterized3_92
INFO: [VRFC 10-311] analyzing module Cordic_SinCos_addsub__parameterized3_97
INFO: [VRFC 10-311] analyzing module Cordic_SinCos_addsub__parameterized3_98
INFO: [VRFC 10-311] analyzing module Cordic_SinCos_c_addsub_v12_0_11_fabric_legacy
INFO: [VRFC 10-311] analyzing module Cordic_SinCos_c_addsub_v12_0_11_fabric_legacy__parameterized1
INFO: [VRFC 10-311] analyzing module Cordic_SinCos_c_addsub_v12_0_11_fabric_legacy__parameterized3
INFO: [VRFC 10-311] analyzing module Cordic_SinCos_c_addsub_v12_0_11_fabric_legacy__parameterized3_100
INFO: [VRFC 10-311] analyzing module Cordic_SinCos_c_addsub_v12_0_11_fabric_legacy__parameterized3_104
INFO: [VRFC 10-311] analyzing module Cordic_SinCos_c_addsub_v12_0_11_fabric_legacy__parameterized3_110
INFO: [VRFC 10-311] analyzing module Cordic_SinCos_c_addsub_v12_0_11_fabric_legacy__parameterized3_116
INFO: [VRFC 10-311] analyzing module Cordic_SinCos_c_addsub_v12_0_11_fabric_legacy__parameterized3_120
INFO: [VRFC 10-311] analyzing module Cordic_SinCos_c_addsub_v12_0_11_fabric_legacy__parameterized3_126
INFO: [VRFC 10-311] analyzing module Cordic_SinCos_c_addsub_v12_0_11_fabric_legacy__parameterized3_132
INFO: [VRFC 10-311] analyzing module Cordic_SinCos_c_addsub_v12_0_11_fabric_legacy__parameterized3_136
INFO: [VRFC 10-311] analyzing module Cordic_SinCos_c_addsub_v12_0_11_fabric_legacy__parameterized3_142
INFO: [VRFC 10-311] analyzing module Cordic_SinCos_c_addsub_v12_0_11_fabric_legacy__parameterized3_148
INFO: [VRFC 10-311] analyzing module Cordic_SinCos_c_addsub_v12_0_11_fabric_legacy__parameterized3_152
INFO: [VRFC 10-311] analyzing module Cordic_SinCos_c_addsub_v12_0_11_fabric_legacy__parameterized3_158
INFO: [VRFC 10-311] analyzing module Cordic_SinCos_c_addsub_v12_0_11_fabric_legacy__parameterized3_164
INFO: [VRFC 10-311] analyzing module Cordic_SinCos_c_addsub_v12_0_11_fabric_legacy__parameterized3_168
INFO: [VRFC 10-311] analyzing module Cordic_SinCos_c_addsub_v12_0_11_fabric_legacy__parameterized3_174
INFO: [VRFC 10-311] analyzing module Cordic_SinCos_c_addsub_v12_0_11_fabric_legacy__parameterized3_180
INFO: [VRFC 10-311] analyzing module Cordic_SinCos_c_addsub_v12_0_11_fabric_legacy__parameterized3_184
INFO: [VRFC 10-311] analyzing module Cordic_SinCos_c_addsub_v12_0_11_fabric_legacy__parameterized3_190
INFO: [VRFC 10-311] analyzing module Cordic_SinCos_c_addsub_v12_0_11_fabric_legacy__parameterized3_194
INFO: [VRFC 10-311] analyzing module Cordic_SinCos_c_addsub_v12_0_11_fabric_legacy__parameterized3_201
INFO: [VRFC 10-311] analyzing module Cordic_SinCos_c_addsub_v12_0_11_fabric_legacy__parameterized3_207
INFO: [VRFC 10-311] analyzing module Cordic_SinCos_c_addsub_v12_0_11_fabric_legacy__parameterized3_21
INFO: [VRFC 10-311] analyzing module Cordic_SinCos_c_addsub_v12_0_11_fabric_legacy__parameterized3_211
INFO: [VRFC 10-311] analyzing module Cordic_SinCos_c_addsub_v12_0_11_fabric_legacy__parameterized3_218
INFO: [VRFC 10-311] analyzing module Cordic_SinCos_c_addsub_v12_0_11_fabric_legacy__parameterized3_224
INFO: [VRFC 10-311] analyzing module Cordic_SinCos_c_addsub_v12_0_11_fabric_legacy__parameterized3_228
INFO: [VRFC 10-311] analyzing module Cordic_SinCos_c_addsub_v12_0_11_fabric_legacy__parameterized3_234
INFO: [VRFC 10-311] analyzing module Cordic_SinCos_c_addsub_v12_0_11_fabric_legacy__parameterized3_240
INFO: [VRFC 10-311] analyzing module Cordic_SinCos_c_addsub_v12_0_11_fabric_legacy__parameterized3_244
INFO: [VRFC 10-311] analyzing module Cordic_SinCos_c_addsub_v12_0_11_fabric_legacy__parameterized3_25
INFO: [VRFC 10-311] analyzing module Cordic_SinCos_c_addsub_v12_0_11_fabric_legacy__parameterized3_250
INFO: [VRFC 10-311] analyzing module Cordic_SinCos_c_addsub_v12_0_11_fabric_legacy__parameterized3_256
INFO: [VRFC 10-311] analyzing module Cordic_SinCos_c_addsub_v12_0_11_fabric_legacy__parameterized3_260
INFO: [VRFC 10-311] analyzing module Cordic_SinCos_c_addsub_v12_0_11_fabric_legacy__parameterized3_29
INFO: [VRFC 10-311] analyzing module Cordic_SinCos_c_addsub_v12_0_11_fabric_legacy__parameterized3_33
INFO: [VRFC 10-311] analyzing module Cordic_SinCos_c_addsub_v12_0_11_fabric_legacy__parameterized3_37
INFO: [VRFC 10-311] analyzing module Cordic_SinCos_c_addsub_v12_0_11_fabric_legacy__parameterized3_41
INFO: [VRFC 10-311] analyzing module Cordic_SinCos_c_addsub_v12_0_11_fabric_legacy__parameterized3_46
INFO: [VRFC 10-311] analyzing module Cordic_SinCos_c_addsub_v12_0_11_fabric_legacy__parameterized3_5
INFO: [VRFC 10-311] analyzing module Cordic_SinCos_c_addsub_v12_0_11_fabric_legacy__parameterized3_52
INFO: [VRFC 10-311] analyzing module Cordic_SinCos_c_addsub_v12_0_11_fabric_legacy__parameterized3_56
INFO: [VRFC 10-311] analyzing module Cordic_SinCos_c_addsub_v12_0_11_fabric_legacy__parameterized3_62
INFO: [VRFC 10-311] analyzing module Cordic_SinCos_c_addsub_v12_0_11_fabric_legacy__parameterized3_68
INFO: [VRFC 10-311] analyzing module Cordic_SinCos_c_addsub_v12_0_11_fabric_legacy__parameterized3_72
INFO: [VRFC 10-311] analyzing module Cordic_SinCos_c_addsub_v12_0_11_fabric_legacy__parameterized3_78
INFO: [VRFC 10-311] analyzing module Cordic_SinCos_c_addsub_v12_0_11_fabric_legacy__parameterized3_84
INFO: [VRFC 10-311] analyzing module Cordic_SinCos_c_addsub_v12_0_11_fabric_legacy__parameterized3_88
INFO: [VRFC 10-311] analyzing module Cordic_SinCos_c_addsub_v12_0_11_fabric_legacy__parameterized3_94
INFO: [VRFC 10-311] analyzing module Cordic_SinCos_c_addsub_v12_0_11_legacy
INFO: [VRFC 10-311] analyzing module Cordic_SinCos_c_addsub_v12_0_11_legacy__parameterized1
INFO: [VRFC 10-311] analyzing module Cordic_SinCos_c_addsub_v12_0_11_legacy__parameterized3
INFO: [VRFC 10-311] analyzing module Cordic_SinCos_c_addsub_v12_0_11_legacy__parameterized3_103
INFO: [VRFC 10-311] analyzing module Cordic_SinCos_c_addsub_v12_0_11_legacy__parameterized3_109
INFO: [VRFC 10-311] analyzing module Cordic_SinCos_c_addsub_v12_0_11_legacy__parameterized3_115
INFO: [VRFC 10-311] analyzing module Cordic_SinCos_c_addsub_v12_0_11_legacy__parameterized3_119
INFO: [VRFC 10-311] analyzing module Cordic_SinCos_c_addsub_v12_0_11_legacy__parameterized3_125
INFO: [VRFC 10-311] analyzing module Cordic_SinCos_c_addsub_v12_0_11_legacy__parameterized3_131
INFO: [VRFC 10-311] analyzing module Cordic_SinCos_c_addsub_v12_0_11_legacy__parameterized3_135
INFO: [VRFC 10-311] analyzing module Cordic_SinCos_c_addsub_v12_0_11_legacy__parameterized3_141
INFO: [VRFC 10-311] analyzing module Cordic_SinCos_c_addsub_v12_0_11_legacy__parameterized3_147
INFO: [VRFC 10-311] analyzing module Cordic_SinCos_c_addsub_v12_0_11_legacy__parameterized3_151
INFO: [VRFC 10-311] analyzing module Cordic_SinCos_c_addsub_v12_0_11_legacy__parameterized3_157
INFO: [VRFC 10-311] analyzing module Cordic_SinCos_c_addsub_v12_0_11_legacy__parameterized3_163
INFO: [VRFC 10-311] analyzing module Cordic_SinCos_c_addsub_v12_0_11_legacy__parameterized3_167
INFO: [VRFC 10-311] analyzing module Cordic_SinCos_c_addsub_v12_0_11_legacy__parameterized3_173
INFO: [VRFC 10-311] analyzing module Cordic_SinCos_c_addsub_v12_0_11_legacy__parameterized3_179
INFO: [VRFC 10-311] analyzing module Cordic_SinCos_c_addsub_v12_0_11_legacy__parameterized3_183
INFO: [VRFC 10-311] analyzing module Cordic_SinCos_c_addsub_v12_0_11_legacy__parameterized3_189
INFO: [VRFC 10-311] analyzing module Cordic_SinCos_c_addsub_v12_0_11_legacy__parameterized3_193
INFO: [VRFC 10-311] analyzing module Cordic_SinCos_c_addsub_v12_0_11_legacy__parameterized3_20
INFO: [VRFC 10-311] analyzing module Cordic_SinCos_c_addsub_v12_0_11_legacy__parameterized3_200
INFO: [VRFC 10-311] analyzing module Cordic_SinCos_c_addsub_v12_0_11_legacy__parameterized3_206
INFO: [VRFC 10-311] analyzing module Cordic_SinCos_c_addsub_v12_0_11_legacy__parameterized3_210
INFO: [VRFC 10-311] analyzing module Cordic_SinCos_c_addsub_v12_0_11_legacy__parameterized3_217
INFO: [VRFC 10-311] analyzing module Cordic_SinCos_c_addsub_v12_0_11_legacy__parameterized3_223
INFO: [VRFC 10-311] analyzing module Cordic_SinCos_c_addsub_v12_0_11_legacy__parameterized3_227
INFO: [VRFC 10-311] analyzing module Cordic_SinCos_c_addsub_v12_0_11_legacy__parameterized3_233
INFO: [VRFC 10-311] analyzing module Cordic_SinCos_c_addsub_v12_0_11_legacy__parameterized3_239
INFO: [VRFC 10-311] analyzing module Cordic_SinCos_c_addsub_v12_0_11_legacy__parameterized3_24
INFO: [VRFC 10-311] analyzing module Cordic_SinCos_c_addsub_v12_0_11_legacy__parameterized3_243
INFO: [VRFC 10-311] analyzing module Cordic_SinCos_c_addsub_v12_0_11_legacy__parameterized3_249
INFO: [VRFC 10-311] analyzing module Cordic_SinCos_c_addsub_v12_0_11_legacy__parameterized3_255
INFO: [VRFC 10-311] analyzing module Cordic_SinCos_c_addsub_v12_0_11_legacy__parameterized3_259
INFO: [VRFC 10-311] analyzing module Cordic_SinCos_c_addsub_v12_0_11_legacy__parameterized3_28
INFO: [VRFC 10-311] analyzing module Cordic_SinCos_c_addsub_v12_0_11_legacy__parameterized3_32
INFO: [VRFC 10-311] analyzing module Cordic_SinCos_c_addsub_v12_0_11_legacy__parameterized3_36
INFO: [VRFC 10-311] analyzing module Cordic_SinCos_c_addsub_v12_0_11_legacy__parameterized3_4
INFO: [VRFC 10-311] analyzing module Cordic_SinCos_c_addsub_v12_0_11_legacy__parameterized3_40
INFO: [VRFC 10-311] analyzing module Cordic_SinCos_c_addsub_v12_0_11_legacy__parameterized3_45
INFO: [VRFC 10-311] analyzing module Cordic_SinCos_c_addsub_v12_0_11_legacy__parameterized3_51
INFO: [VRFC 10-311] analyzing module Cordic_SinCos_c_addsub_v12_0_11_legacy__parameterized3_55
INFO: [VRFC 10-311] analyzing module Cordic_SinCos_c_addsub_v12_0_11_legacy__parameterized3_61
INFO: [VRFC 10-311] analyzing module Cordic_SinCos_c_addsub_v12_0_11_legacy__parameterized3_67
INFO: [VRFC 10-311] analyzing module Cordic_SinCos_c_addsub_v12_0_11_legacy__parameterized3_71
INFO: [VRFC 10-311] analyzing module Cordic_SinCos_c_addsub_v12_0_11_legacy__parameterized3_77
INFO: [VRFC 10-311] analyzing module Cordic_SinCos_c_addsub_v12_0_11_legacy__parameterized3_83
INFO: [VRFC 10-311] analyzing module Cordic_SinCos_c_addsub_v12_0_11_legacy__parameterized3_87
INFO: [VRFC 10-311] analyzing module Cordic_SinCos_c_addsub_v12_0_11_legacy__parameterized3_93
INFO: [VRFC 10-311] analyzing module Cordic_SinCos_c_addsub_v12_0_11_legacy__parameterized3_99
INFO: [VRFC 10-311] analyzing module Cordic_SinCos_c_addsub_v12_0_11_lut6_legacy
INFO: [VRFC 10-311] analyzing module Cordic_SinCos_c_addsub_v12_0_11_lut6_legacy__parameterized1
INFO: [VRFC 10-311] analyzing module Cordic_SinCos_c_addsub_v12_0_11_lut6_legacy__parameterized3
INFO: [VRFC 10-311] analyzing module Cordic_SinCos_c_addsub_v12_0_11_lut6_legacy__parameterized3_101
INFO: [VRFC 10-311] analyzing module Cordic_SinCos_c_addsub_v12_0_11_lut6_legacy__parameterized3_105
INFO: [VRFC 10-311] analyzing module Cordic_SinCos_c_addsub_v12_0_11_lut6_legacy__parameterized3_111
INFO: [VRFC 10-311] analyzing module Cordic_SinCos_c_addsub_v12_0_11_lut6_legacy__parameterized3_117
INFO: [VRFC 10-311] analyzing module Cordic_SinCos_c_addsub_v12_0_11_lut6_legacy__parameterized3_121
INFO: [VRFC 10-311] analyzing module Cordic_SinCos_c_addsub_v12_0_11_lut6_legacy__parameterized3_127
INFO: [VRFC 10-311] analyzing module Cordic_SinCos_c_addsub_v12_0_11_lut6_legacy__parameterized3_133
INFO: [VRFC 10-311] analyzing module Cordic_SinCos_c_addsub_v12_0_11_lut6_legacy__parameterized3_137
INFO: [VRFC 10-311] analyzing module Cordic_SinCos_c_addsub_v12_0_11_lut6_legacy__parameterized3_143
INFO: [VRFC 10-311] analyzing module Cordic_SinCos_c_addsub_v12_0_11_lut6_legacy__parameterized3_149
INFO: [VRFC 10-311] analyzing module Cordic_SinCos_c_addsub_v12_0_11_lut6_legacy__parameterized3_153
INFO: [VRFC 10-311] analyzing module Cordic_SinCos_c_addsub_v12_0_11_lut6_legacy__parameterized3_159
INFO: [VRFC 10-311] analyzing module Cordic_SinCos_c_addsub_v12_0_11_lut6_legacy__parameterized3_165
INFO: [VRFC 10-311] analyzing module Cordic_SinCos_c_addsub_v12_0_11_lut6_legacy__parameterized3_169
INFO: [VRFC 10-311] analyzing module Cordic_SinCos_c_addsub_v12_0_11_lut6_legacy__parameterized3_175
INFO: [VRFC 10-311] analyzing module Cordic_SinCos_c_addsub_v12_0_11_lut6_legacy__parameterized3_181
INFO: [VRFC 10-311] analyzing module Cordic_SinCos_c_addsub_v12_0_11_lut6_legacy__parameterized3_185
INFO: [VRFC 10-311] analyzing module Cordic_SinCos_c_addsub_v12_0_11_lut6_legacy__parameterized3_191
INFO: [VRFC 10-311] analyzing module Cordic_SinCos_c_addsub_v12_0_11_lut6_legacy__parameterized3_195
INFO: [VRFC 10-311] analyzing module Cordic_SinCos_c_addsub_v12_0_11_lut6_legacy__parameterized3_202
INFO: [VRFC 10-311] analyzing module Cordic_SinCos_c_addsub_v12_0_11_lut6_legacy__parameterized3_208
INFO: [VRFC 10-311] analyzing module Cordic_SinCos_c_addsub_v12_0_11_lut6_legacy__parameterized3_212
INFO: [VRFC 10-311] analyzing module Cordic_SinCos_c_addsub_v12_0_11_lut6_legacy__parameterized3_219
INFO: [VRFC 10-311] analyzing module Cordic_SinCos_c_addsub_v12_0_11_lut6_legacy__parameterized3_22
INFO: [VRFC 10-311] analyzing module Cordic_SinCos_c_addsub_v12_0_11_lut6_legacy__parameterized3_225
INFO: [VRFC 10-311] analyzing module Cordic_SinCos_c_addsub_v12_0_11_lut6_legacy__parameterized3_229
INFO: [VRFC 10-311] analyzing module Cordic_SinCos_c_addsub_v12_0_11_lut6_legacy__parameterized3_235
INFO: [VRFC 10-311] analyzing module Cordic_SinCos_c_addsub_v12_0_11_lut6_legacy__parameterized3_241
INFO: [VRFC 10-311] analyzing module Cordic_SinCos_c_addsub_v12_0_11_lut6_legacy__parameterized3_245
INFO: [VRFC 10-311] analyzing module Cordic_SinCos_c_addsub_v12_0_11_lut6_legacy__parameterized3_251
INFO: [VRFC 10-311] analyzing module Cordic_SinCos_c_addsub_v12_0_11_lut6_legacy__parameterized3_257
INFO: [VRFC 10-311] analyzing module Cordic_SinCos_c_addsub_v12_0_11_lut6_legacy__parameterized3_26
INFO: [VRFC 10-311] analyzing module Cordic_SinCos_c_addsub_v12_0_11_lut6_legacy__parameterized3_261
INFO: [VRFC 10-311] analyzing module Cordic_SinCos_c_addsub_v12_0_11_lut6_legacy__parameterized3_30
INFO: [VRFC 10-311] analyzing module Cordic_SinCos_c_addsub_v12_0_11_lut6_legacy__parameterized3_34
INFO: [VRFC 10-311] analyzing module Cordic_SinCos_c_addsub_v12_0_11_lut6_legacy__parameterized3_38
INFO: [VRFC 10-311] analyzing module Cordic_SinCos_c_addsub_v12_0_11_lut6_legacy__parameterized3_42
INFO: [VRFC 10-311] analyzing module Cordic_SinCos_c_addsub_v12_0_11_lut6_legacy__parameterized3_47
INFO: [VRFC 10-311] analyzing module Cordic_SinCos_c_addsub_v12_0_11_lut6_legacy__parameterized3_53
INFO: [VRFC 10-311] analyzing module Cordic_SinCos_c_addsub_v12_0_11_lut6_legacy__parameterized3_57
INFO: [VRFC 10-311] analyzing module Cordic_SinCos_c_addsub_v12_0_11_lut6_legacy__parameterized3_6
INFO: [VRFC 10-311] analyzing module Cordic_SinCos_c_addsub_v12_0_11_lut6_legacy__parameterized3_63
INFO: [VRFC 10-311] analyzing module Cordic_SinCos_c_addsub_v12_0_11_lut6_legacy__parameterized3_69
INFO: [VRFC 10-311] analyzing module Cordic_SinCos_c_addsub_v12_0_11_lut6_legacy__parameterized3_73
INFO: [VRFC 10-311] analyzing module Cordic_SinCos_c_addsub_v12_0_11_lut6_legacy__parameterized3_79
INFO: [VRFC 10-311] analyzing module Cordic_SinCos_c_addsub_v12_0_11_lut6_legacy__parameterized3_85
INFO: [VRFC 10-311] analyzing module Cordic_SinCos_c_addsub_v12_0_11_lut6_legacy__parameterized3_89
INFO: [VRFC 10-311] analyzing module Cordic_SinCos_c_addsub_v12_0_11_lut6_legacy__parameterized3_95
INFO: [VRFC 10-311] analyzing module Cordic_SinCos_c_addsub_v12_0_11_viv
INFO: [VRFC 10-311] analyzing module Cordic_SinCos_c_addsub_v12_0_11_viv__parameterized1
INFO: [VRFC 10-311] analyzing module Cordic_SinCos_c_addsub_v12_0_11_viv__parameterized3
INFO: [VRFC 10-311] analyzing module Cordic_SinCos_c_addsub_v12_0_11_viv__parameterized3__1
INFO: [VRFC 10-311] analyzing module Cordic_SinCos_c_addsub_v12_0_11_viv__parameterized3__10
INFO: [VRFC 10-311] analyzing module Cordic_SinCos_c_addsub_v12_0_11_viv__parameterized3__11
INFO: [VRFC 10-311] analyzing module Cordic_SinCos_c_addsub_v12_0_11_viv__parameterized3__12
INFO: [VRFC 10-311] analyzing module Cordic_SinCos_c_addsub_v12_0_11_viv__parameterized3__13
INFO: [VRFC 10-311] analyzing module Cordic_SinCos_c_addsub_v12_0_11_viv__parameterized3__14
INFO: [VRFC 10-311] analyzing module Cordic_SinCos_c_addsub_v12_0_11_viv__parameterized3__15
INFO: [VRFC 10-311] analyzing module Cordic_SinCos_c_addsub_v12_0_11_viv__parameterized3__16
INFO: [VRFC 10-311] analyzing module Cordic_SinCos_c_addsub_v12_0_11_viv__parameterized3__17
INFO: [VRFC 10-311] analyzing module Cordic_SinCos_c_addsub_v12_0_11_viv__parameterized3__18
INFO: [VRFC 10-311] analyzing module Cordic_SinCos_c_addsub_v12_0_11_viv__parameterized3__19
INFO: [VRFC 10-311] analyzing module Cordic_SinCos_c_addsub_v12_0_11_viv__parameterized3__2
INFO: [VRFC 10-311] analyzing module Cordic_SinCos_c_addsub_v12_0_11_viv__parameterized3__20
INFO: [VRFC 10-311] analyzing module Cordic_SinCos_c_addsub_v12_0_11_viv__parameterized3__21
INFO: [VRFC 10-311] analyzing module Cordic_SinCos_c_addsub_v12_0_11_viv__parameterized3__22
INFO: [VRFC 10-311] analyzing module Cordic_SinCos_c_addsub_v12_0_11_viv__parameterized3__23
INFO: [VRFC 10-311] analyzing module Cordic_SinCos_c_addsub_v12_0_11_viv__parameterized3__24
INFO: [VRFC 10-311] analyzing module Cordic_SinCos_c_addsub_v12_0_11_viv__parameterized3__25
INFO: [VRFC 10-311] analyzing module Cordic_SinCos_c_addsub_v12_0_11_viv__parameterized3__26
INFO: [VRFC 10-311] analyzing module Cordic_SinCos_c_addsub_v12_0_11_viv__parameterized3__27
INFO: [VRFC 10-311] analyzing module Cordic_SinCos_c_addsub_v12_0_11_viv__parameterized3__28
INFO: [VRFC 10-311] analyzing module Cordic_SinCos_c_addsub_v12_0_11_viv__parameterized3__29
INFO: [VRFC 10-311] analyzing module Cordic_SinCos_c_addsub_v12_0_11_viv__parameterized3__3
INFO: [VRFC 10-311] analyzing module Cordic_SinCos_c_addsub_v12_0_11_viv__parameterized3__30
INFO: [VRFC 10-311] analyzing module Cordic_SinCos_c_addsub_v12_0_11_viv__parameterized3__31
INFO: [VRFC 10-311] analyzing module Cordic_SinCos_c_addsub_v12_0_11_viv__parameterized3__32
INFO: [VRFC 10-311] analyzing module Cordic_SinCos_c_addsub_v12_0_11_viv__parameterized3__33
INFO: [VRFC 10-311] analyzing module Cordic_SinCos_c_addsub_v12_0_11_viv__parameterized3__34
INFO: [VRFC 10-311] analyzing module Cordic_SinCos_c_addsub_v12_0_11_viv__parameterized3__35
INFO: [VRFC 10-311] analyzing module Cordic_SinCos_c_addsub_v12_0_11_viv__parameterized3__36
INFO: [VRFC 10-311] analyzing module Cordic_SinCos_c_addsub_v12_0_11_viv__parameterized3__37
INFO: [VRFC 10-311] analyzing module Cordic_SinCos_c_addsub_v12_0_11_viv__parameterized3__38
INFO: [VRFC 10-311] analyzing module Cordic_SinCos_c_addsub_v12_0_11_viv__parameterized3__39
INFO: [VRFC 10-311] analyzing module Cordic_SinCos_c_addsub_v12_0_11_viv__parameterized3__4
INFO: [VRFC 10-311] analyzing module Cordic_SinCos_c_addsub_v12_0_11_viv__parameterized3__40
INFO: [VRFC 10-311] analyzing module Cordic_SinCos_c_addsub_v12_0_11_viv__parameterized3__41
INFO: [VRFC 10-311] analyzing module Cordic_SinCos_c_addsub_v12_0_11_viv__parameterized3__42
INFO: [VRFC 10-311] analyzing module Cordic_SinCos_c_addsub_v12_0_11_viv__parameterized3__43
INFO: [VRFC 10-311] analyzing module Cordic_SinCos_c_addsub_v12_0_11_viv__parameterized3__44
INFO: [VRFC 10-311] analyzing module Cordic_SinCos_c_addsub_v12_0_11_viv__parameterized3__45
INFO: [VRFC 10-311] analyzing module Cordic_SinCos_c_addsub_v12_0_11_viv__parameterized3__46
INFO: [VRFC 10-311] analyzing module Cordic_SinCos_c_addsub_v12_0_11_viv__parameterized3__47
INFO: [VRFC 10-311] analyzing module Cordic_SinCos_c_addsub_v12_0_11_viv__parameterized3__48
INFO: [VRFC 10-311] analyzing module Cordic_SinCos_c_addsub_v12_0_11_viv__parameterized3__49
INFO: [VRFC 10-311] analyzing module Cordic_SinCos_c_addsub_v12_0_11_viv__parameterized3__5
INFO: [VRFC 10-311] analyzing module Cordic_SinCos_c_addsub_v12_0_11_viv__parameterized3__6
INFO: [VRFC 10-311] analyzing module Cordic_SinCos_c_addsub_v12_0_11_viv__parameterized3__7
INFO: [VRFC 10-311] analyzing module Cordic_SinCos_c_addsub_v12_0_11_viv__parameterized3__8
INFO: [VRFC 10-311] analyzing module Cordic_SinCos_c_reg_fd_v12_0_4_viv
INFO: [VRFC 10-311] analyzing module Cordic_SinCos_c_reg_fd_v12_0_4_viv_19
INFO: [VRFC 10-311] analyzing module Cordic_SinCos_c_reg_fd_v12_0_4_viv__parameterized2
INFO: [VRFC 10-311] analyzing module Cordic_SinCos_c_reg_fd_v12_0_4_viv__parameterized2_102
INFO: [VRFC 10-311] analyzing module Cordic_SinCos_c_reg_fd_v12_0_4_viv__parameterized2_106
INFO: [VRFC 10-311] analyzing module Cordic_SinCos_c_reg_fd_v12_0_4_viv__parameterized2_112
INFO: [VRFC 10-311] analyzing module Cordic_SinCos_c_reg_fd_v12_0_4_viv__parameterized2_118
INFO: [VRFC 10-311] analyzing module Cordic_SinCos_c_reg_fd_v12_0_4_viv__parameterized2_122
INFO: [VRFC 10-311] analyzing module Cordic_SinCos_c_reg_fd_v12_0_4_viv__parameterized2_128
INFO: [VRFC 10-311] analyzing module Cordic_SinCos_c_reg_fd_v12_0_4_viv__parameterized2_134
INFO: [VRFC 10-311] analyzing module Cordic_SinCos_c_reg_fd_v12_0_4_viv__parameterized2_138
INFO: [VRFC 10-311] analyzing module Cordic_SinCos_c_reg_fd_v12_0_4_viv__parameterized2_144
INFO: [VRFC 10-311] analyzing module Cordic_SinCos_c_reg_fd_v12_0_4_viv__parameterized2_150
INFO: [VRFC 10-311] analyzing module Cordic_SinCos_c_reg_fd_v12_0_4_viv__parameterized2_154
INFO: [VRFC 10-311] analyzing module Cordic_SinCos_c_reg_fd_v12_0_4_viv__parameterized2_160
INFO: [VRFC 10-311] analyzing module Cordic_SinCos_c_reg_fd_v12_0_4_viv__parameterized2_166
INFO: [VRFC 10-311] analyzing module Cordic_SinCos_c_reg_fd_v12_0_4_viv__parameterized2_170
INFO: [VRFC 10-311] analyzing module Cordic_SinCos_c_reg_fd_v12_0_4_viv__parameterized2_176
INFO: [VRFC 10-311] analyzing module Cordic_SinCos_c_reg_fd_v12_0_4_viv__parameterized2_182
INFO: [VRFC 10-311] analyzing module Cordic_SinCos_c_reg_fd_v12_0_4_viv__parameterized2_186
INFO: [VRFC 10-311] analyzing module Cordic_SinCos_c_reg_fd_v12_0_4_viv__parameterized2_192
INFO: [VRFC 10-311] analyzing module Cordic_SinCos_c_reg_fd_v12_0_4_viv__parameterized2_196
INFO: [VRFC 10-311] analyzing module Cordic_SinCos_c_reg_fd_v12_0_4_viv__parameterized2_203
INFO: [VRFC 10-311] analyzing module Cordic_SinCos_c_reg_fd_v12_0_4_viv__parameterized2_209
INFO: [VRFC 10-311] analyzing module Cordic_SinCos_c_reg_fd_v12_0_4_viv__parameterized2_213
INFO: [VRFC 10-311] analyzing module Cordic_SinCos_c_reg_fd_v12_0_4_viv__parameterized2_220
INFO: [VRFC 10-311] analyzing module Cordic_SinCos_c_reg_fd_v12_0_4_viv__parameterized2_226
INFO: [VRFC 10-311] analyzing module Cordic_SinCos_c_reg_fd_v12_0_4_viv__parameterized2_23
INFO: [VRFC 10-311] analyzing module Cordic_SinCos_c_reg_fd_v12_0_4_viv__parameterized2_230
INFO: [VRFC 10-311] analyzing module Cordic_SinCos_c_reg_fd_v12_0_4_viv__parameterized2_236
INFO: [VRFC 10-311] analyzing module Cordic_SinCos_c_reg_fd_v12_0_4_viv__parameterized2_242
INFO: [VRFC 10-311] analyzing module Cordic_SinCos_c_reg_fd_v12_0_4_viv__parameterized2_246
INFO: [VRFC 10-311] analyzing module Cordic_SinCos_c_reg_fd_v12_0_4_viv__parameterized2_252
INFO: [VRFC 10-311] analyzing module Cordic_SinCos_c_reg_fd_v12_0_4_viv__parameterized2_258
INFO: [VRFC 10-311] analyzing module Cordic_SinCos_c_reg_fd_v12_0_4_viv__parameterized2_262
INFO: [VRFC 10-311] analyzing module Cordic_SinCos_c_reg_fd_v12_0_4_viv__parameterized2_27
INFO: [VRFC 10-311] analyzing module Cordic_SinCos_c_reg_fd_v12_0_4_viv__parameterized2_31
INFO: [VRFC 10-311] analyzing module Cordic_SinCos_c_reg_fd_v12_0_4_viv__parameterized2_35
INFO: [VRFC 10-311] analyzing module Cordic_SinCos_c_reg_fd_v12_0_4_viv__parameterized2_39
INFO: [VRFC 10-311] analyzing module Cordic_SinCos_c_reg_fd_v12_0_4_viv__parameterized2_43
INFO: [VRFC 10-311] analyzing module Cordic_SinCos_c_reg_fd_v12_0_4_viv__parameterized2_48
INFO: [VRFC 10-311] analyzing module Cordic_SinCos_c_reg_fd_v12_0_4_viv__parameterized2_54
INFO: [VRFC 10-311] analyzing module Cordic_SinCos_c_reg_fd_v12_0_4_viv__parameterized2_58
INFO: [VRFC 10-311] analyzing module Cordic_SinCos_c_reg_fd_v12_0_4_viv__parameterized2_64
INFO: [VRFC 10-311] analyzing module Cordic_SinCos_c_reg_fd_v12_0_4_viv__parameterized2_7
INFO: [VRFC 10-311] analyzing module Cordic_SinCos_c_reg_fd_v12_0_4_viv__parameterized2_70
INFO: [VRFC 10-311] analyzing module Cordic_SinCos_c_reg_fd_v12_0_4_viv__parameterized2_74
INFO: [VRFC 10-311] analyzing module Cordic_SinCos_c_reg_fd_v12_0_4_viv__parameterized2_80
INFO: [VRFC 10-311] analyzing module Cordic_SinCos_c_reg_fd_v12_0_4_viv__parameterized2_86
INFO: [VRFC 10-311] analyzing module Cordic_SinCos_c_reg_fd_v12_0_4_viv__parameterized2_90
INFO: [VRFC 10-311] analyzing module Cordic_SinCos_c_reg_fd_v12_0_4_viv__parameterized2_96
INFO: [VRFC 10-311] analyzing module Cordic_SinCos_cordic_ctrl_slice_par
INFO: [VRFC 10-311] analyzing module Cordic_SinCos_cordic_ctrl_slice_par_197
INFO: [VRFC 10-311] analyzing module Cordic_SinCos_cordic_dat_acc_slice_par
INFO: [VRFC 10-311] analyzing module Cordic_SinCos_cordic_dat_acc_slice_par__parameterized1
INFO: [VRFC 10-311] analyzing module Cordic_SinCos_cordic_dat_acc_slice_par__parameterized11
INFO: [VRFC 10-311] analyzing module Cordic_SinCos_cordic_dat_acc_slice_par__parameterized13
INFO: [VRFC 10-311] analyzing module Cordic_SinCos_cordic_dat_acc_slice_par__parameterized15
INFO: [VRFC 10-311] analyzing module Cordic_SinCos_cordic_dat_acc_slice_par__parameterized17
INFO: [VRFC 10-311] analyzing module Cordic_SinCos_cordic_dat_acc_slice_par__parameterized19
INFO: [VRFC 10-311] analyzing module Cordic_SinCos_cordic_dat_acc_slice_par__parameterized21
INFO: [VRFC 10-311] analyzing module Cordic_SinCos_cordic_dat_acc_slice_par__parameterized23
INFO: [VRFC 10-311] analyzing module Cordic_SinCos_cordic_dat_acc_slice_par__parameterized25
INFO: [VRFC 10-311] analyzing module Cordic_SinCos_cordic_dat_acc_slice_par__parameterized3
INFO: [VRFC 10-311] analyzing module Cordic_SinCos_cordic_dat_acc_slice_par__parameterized5
INFO: [VRFC 10-311] analyzing module Cordic_SinCos_cordic_dat_acc_slice_par__parameterized7
INFO: [VRFC 10-311] analyzing module Cordic_SinCos_cordic_dat_acc_slice_par__parameterized9
INFO: [VRFC 10-311] analyzing module Cordic_SinCos_cordic_eng
INFO: [VRFC 10-311] analyzing module Cordic_SinCos_cordic_eng_slice_par
INFO: [VRFC 10-311] analyzing module Cordic_SinCos_cordic_eng_slice_par__parameterized1
INFO: [VRFC 10-311] analyzing module Cordic_SinCos_cordic_eng_slice_par__parameterized11
INFO: [VRFC 10-311] analyzing module Cordic_SinCos_cordic_eng_slice_par__parameterized13
INFO: [VRFC 10-311] analyzing module Cordic_SinCos_cordic_eng_slice_par__parameterized15
INFO: [VRFC 10-311] analyzing module Cordic_SinCos_cordic_eng_slice_par__parameterized17
INFO: [VRFC 10-311] analyzing module Cordic_SinCos_cordic_eng_slice_par__parameterized19
INFO: [VRFC 10-311] analyzing module Cordic_SinCos_cordic_eng_slice_par__parameterized21
INFO: [VRFC 10-311] analyzing module Cordic_SinCos_cordic_eng_slice_par__parameterized23
INFO: [VRFC 10-311] analyzing module Cordic_SinCos_cordic_eng_slice_par__parameterized25
INFO: [VRFC 10-311] analyzing module Cordic_SinCos_cordic_eng_slice_par__parameterized3
INFO: [VRFC 10-311] analyzing module Cordic_SinCos_cordic_eng_slice_par__parameterized5
INFO: [VRFC 10-311] analyzing module Cordic_SinCos_cordic_eng_slice_par__parameterized7
INFO: [VRFC 10-311] analyzing module Cordic_SinCos_cordic_eng_slice_par__parameterized9
INFO: [VRFC 10-311] analyzing module Cordic_SinCos_cordic_inp_config
INFO: [VRFC 10-311] analyzing module Cordic_SinCos_cordic_out_config
INFO: [VRFC 10-311] analyzing module Cordic_SinCos_cordic_pha_acc_slice_par
INFO: [VRFC 10-311] analyzing module Cordic_SinCos_cordic_pha_acc_slice_par_107
INFO: [VRFC 10-311] analyzing module Cordic_SinCos_cordic_pha_acc_slice_par_123
INFO: [VRFC 10-311] analyzing module Cordic_SinCos_cordic_pha_acc_slice_par_139
INFO: [VRFC 10-311] analyzing module Cordic_SinCos_cordic_pha_acc_slice_par_155
INFO: [VRFC 10-311] analyzing module Cordic_SinCos_cordic_pha_acc_slice_par_171
INFO: [VRFC 10-311] analyzing module Cordic_SinCos_cordic_pha_acc_slice_par_198
INFO: [VRFC 10-311] analyzing module Cordic_SinCos_cordic_pha_acc_slice_par_215
INFO: [VRFC 10-311] analyzing module Cordic_SinCos_cordic_pha_acc_slice_par_231
INFO: [VRFC 10-311] analyzing module Cordic_SinCos_cordic_pha_acc_slice_par_247
INFO: [VRFC 10-311] analyzing module Cordic_SinCos_cordic_pha_acc_slice_par_59
INFO: [VRFC 10-311] analyzing module Cordic_SinCos_cordic_pha_acc_slice_par_75
INFO: [VRFC 10-311] analyzing module Cordic_SinCos_cordic_pha_acc_slice_par_91
INFO: [VRFC 10-311] analyzing module Cordic_SinCos_cordic_round
INFO: [VRFC 10-311] analyzing module Cordic_SinCos_cordic_round_2
INFO: [VRFC 10-311] analyzing module Cordic_SinCos_cordic_v6_0_13_synth
INFO: [VRFC 10-311] analyzing module Cordic_SinCos_cordic_v6_0_13_viv
INFO: [VRFC 10-311] analyzing module Cordic_SinCos_delay
INFO: [VRFC 10-311] analyzing module Cordic_SinCos_delay_1
INFO: [VRFC 10-311] analyzing module Cordic_SinCos_delay_13
INFO: [VRFC 10-311] analyzing module Cordic_SinCos_delay_14
INFO: [VRFC 10-311] analyzing module Cordic_SinCos_delay_15
INFO: [VRFC 10-311] analyzing module Cordic_SinCos_delay_16
INFO: [VRFC 10-311] analyzing module Cordic_SinCos_delay__parameterized4
INFO: [VRFC 10-311] analyzing module Cordic_SinCos_delay__parameterized4_214
INFO: [VRFC 10-311] analyzing module Cordic_SinCos_delay__parameterized8
INFO: [VRFC 10-311] analyzing module Cordic_SinCos_delay__parameterized8_3
INFO: [VRFC 10-311] analyzing module Cordic_SinCos_delay_bit
INFO: [VRFC 10-311] analyzing module Cordic_SinCos_delay_bit_8
INFO: [VRFC 10-311] analyzing module Cordic_SinCos_delay_bit__parameterized1
INFO: [VRFC 10-311] analyzing module Cordic_SinCos_xbip_pipe_v3_0_4_viv
INFO: [VRFC 10-311] analyzing module glbl
