
*** Running vivado
    with args -log Cordic_SinCos.vds -m64 -product Vivado -mode batch -messageDb vivado.pb -notrace -source Cordic_SinCos.tcl


****** Vivado v2017.4 (64-bit)
  **** SW Build 2086221 on Fri Dec 15 20:55:39 MST 2017
  **** IP Build 2085800 on Fri Dec 15 22:25:07 MST 2017
    ** Copyright 1986-2017 Xilinx, Inc. All Rights Reserved.

source Cordic_SinCos.tcl -notrace
Command: synth_design -top Cordic_SinCos -part xc7a100tcsg324-1 -mode out_of_context
Starting synth_design
Attempting to get a license for feature 'Synthesis' and/or device 'xc7a100t'
INFO: [Common 17-349] Got license for feature 'Synthesis' and/or device 'xc7a100t'
INFO: Launching helper process for spawning children vivado processes
INFO: Helper process launched with PID 1736 
---------------------------------------------------------------------------------
Starting RTL Elaboration : Time (s): cpu = 00:00:40 ; elapsed = 00:00:44 . Memory (MB): peak = 348.199 ; gain = 94.074
---------------------------------------------------------------------------------
INFO: [Synth 8-638] synthesizing module 'Cordic_SinCos' [e:/bildiri ve makaleler/kitap/fpga/uygulamalar/prj_bolum11_uyg2/prj_bolum11_uyg2.srcs/sources_1/ip/Cordic_SinCos/synth/Cordic_SinCos.vhd:71]
	Parameter C_ARCHITECTURE bound to: 2 - type: integer 
	Parameter C_CORDIC_FUNCTION bound to: 0 - type: integer 
	Parameter C_COARSE_ROTATE bound to: 1 - type: integer 
	Parameter C_DATA_FORMAT bound to: 0 - type: integer 
	Parameter C_XDEVICEFAMILY bound to: artix7 - type: string 
	Parameter C_HAS_ACLKEN bound to: 0 - type: integer 
	Parameter C_HAS_ACLK bound to: 1 - type: integer 
	Parameter C_HAS_S_AXIS_CARTESIAN bound to: 1 - type: integer 
	Parameter C_HAS_S_AXIS_PHASE bound to: 1 - type: integer 
	Parameter C_HAS_ARESETN bound to: 0 - type: integer 
	Parameter C_INPUT_WIDTH bound to: 16 - type: integer 
	Parameter C_ITERATIONS bound to: 0 - type: integer 
	Parameter C_OUTPUT_WIDTH bound to: 16 - type: integer 
	Parameter C_PHASE_FORMAT bound to: 0 - type: integer 
	Parameter C_PIPELINE_MODE bound to: -2 - type: integer 
	Parameter C_PRECISION bound to: 0 - type: integer 
	Parameter C_ROUND_MODE bound to: 0 - type: integer 
	Parameter C_SCALE_COMP bound to: 0 - type: integer 
	Parameter C_THROTTLE_SCHEME bound to: 3 - type: integer 
	Parameter C_TLAST_RESOLUTION bound to: 0 - type: integer 
	Parameter C_HAS_S_AXIS_PHASE_TUSER bound to: 0 - type: integer 
	Parameter C_HAS_S_AXIS_PHASE_TLAST bound to: 0 - type: integer 
	Parameter C_S_AXIS_PHASE_TDATA_WIDTH bound to: 16 - type: integer 
	Parameter C_S_AXIS_PHASE_TUSER_WIDTH bound to: 1 - type: integer 
	Parameter C_HAS_S_AXIS_CARTESIAN_TUSER bound to: 0 - type: integer 
	Parameter C_HAS_S_AXIS_CARTESIAN_TLAST bound to: 0 - type: integer 
	Parameter C_S_AXIS_CARTESIAN_TDATA_WIDTH bound to: 32 - type: integer 
	Parameter C_S_AXIS_CARTESIAN_TUSER_WIDTH bound to: 1 - type: integer 
	Parameter C_M_AXIS_DOUT_TDATA_WIDTH bound to: 32 - type: integer 
	Parameter C_M_AXIS_DOUT_TUSER_WIDTH bound to: 1 - type: integer 
INFO: [Synth 8-3491] module 'cordic_v6_0_13' declared at 'e:/bildiri ve makaleler/kitap/fpga/uygulamalar/prj_bolum11_uyg2/prj_bolum11_uyg2.srcs/sources_1/ip/Cordic_SinCos/hdl/cordic_v6_0_vh_rfs.vhd:10135' bound to instance 'U0' of component 'cordic_v6_0_13' [e:/bildiri ve makaleler/kitap/fpga/uygulamalar/prj_bolum11_uyg2/prj_bolum11_uyg2.srcs/sources_1/ip/Cordic_SinCos/synth/Cordic_SinCos.vhd:149]
INFO: [Synth 8-256] done synthesizing module 'Cordic_SinCos' (21#1) [e:/bildiri ve makaleler/kitap/fpga/uygulamalar/prj_bolum11_uyg2/prj_bolum11_uyg2.srcs/sources_1/ip/Cordic_SinCos/synth/Cordic_SinCos.vhd:71]
WARNING: [Synth 8-3331] design delay__parameterized6 has unconnected port WE
WARNING: [Synth 8-3331] design delay__parameterized6 has unconnected port CE
WARNING: [Synth 8-3331] design delay__parameterized6 has unconnected port SCLR
WARNING: [Synth 8-3331] design delay__parameterized6 has unconnected port CLK
WARNING: [Synth 8-3331] design c_reg_fd_v12_0_4_viv__parameterized2 has unconnected port CE
WARNING: [Synth 8-3331] design c_reg_fd_v12_0_4_viv__parameterized2 has unconnected port AINIT
WARNING: [Synth 8-3331] design c_reg_fd_v12_0_4_viv__parameterized2 has unconnected port ACLR
WARNING: [Synth 8-3331] design c_reg_fd_v12_0_4_viv__parameterized2 has unconnected port ASET
WARNING: [Synth 8-3331] design c_reg_fd_v12_0_4_viv__parameterized2 has unconnected port SINIT
WARNING: [Synth 8-3331] design c_reg_fd_v12_0_4_viv__parameterized2 has unconnected port SCLR
WARNING: [Synth 8-3331] design c_reg_fd_v12_0_4_viv__parameterized2 has unconnected port SSET
WARNING: [Synth 8-3331] design c_addsub_v12_0_11_lut6_legacy__parameterized3 has unconnected port c_in
WARNING: [Synth 8-3331] design c_addsub_v12_0_11_lut6_legacy__parameterized3 has unconnected port ce
WARNING: [Synth 8-3331] design c_addsub_v12_0_11_lut6_legacy__parameterized3 has unconnected port bypass
WARNING: [Synth 8-3331] design c_addsub_v12_0_11_lut6_legacy__parameterized3 has unconnected port sclr
WARNING: [Synth 8-3331] design c_addsub_v12_0_11_lut6_legacy__parameterized3 has unconnected port sset
WARNING: [Synth 8-3331] design c_addsub_v12_0_11_lut6_legacy__parameterized3 has unconnected port sinit
WARNING: [Synth 8-3331] design c_addsub_v12_0_11_legacy__parameterized3 has unconnected port c_in
WARNING: [Synth 8-3331] design c_addsub_v12_0_11_legacy__parameterized3 has unconnected port b_in
WARNING: [Synth 8-3331] design c_addsub_v12_0_11_legacy__parameterized3 has unconnected port a_signed
WARNING: [Synth 8-3331] design c_addsub_v12_0_11_legacy__parameterized3 has unconnected port b_signed
WARNING: [Synth 8-3331] design c_addsub_v12_0_11_viv__parameterized3 has unconnected port C_IN
WARNING: [Synth 8-3331] design cordic_round has unconnected port round_in[3]
WARNING: [Synth 8-3331] design cordic_round has unconnected port round_in[2]
WARNING: [Synth 8-3331] design cordic_round has unconnected port round_in[1]
WARNING: [Synth 8-3331] design cordic_round has unconnected port round_in[0]
WARNING: [Synth 8-3331] design delay_bit has unconnected port SCLR
WARNING: [Synth 8-3331] design delay_bit__parameterized3 has unconnected port WE
WARNING: [Synth 8-3331] design delay_bit__parameterized3 has unconnected port CE
WARNING: [Synth 8-3331] design delay_bit__parameterized3 has unconnected port SCLR
WARNING: [Synth 8-3331] design delay_bit__parameterized3 has unconnected port CLK
WARNING: [Synth 8-3331] design cordic_out_config has unconnected port aclr
WARNING: [Synth 8-3331] design cordic_ctrl_slice_par has unconnected port aclr
WARNING: [Synth 8-3331] design cordic_eng has unconnected port nd_in
WARNING: [Synth 8-3331] design c_reg_fd_v12_0_4_viv has unconnected port CE
WARNING: [Synth 8-3331] design c_reg_fd_v12_0_4_viv has unconnected port AINIT
WARNING: [Synth 8-3331] design c_reg_fd_v12_0_4_viv has unconnected port ACLR
WARNING: [Synth 8-3331] design c_reg_fd_v12_0_4_viv has unconnected port ASET
WARNING: [Synth 8-3331] design c_reg_fd_v12_0_4_viv has unconnected port SINIT
WARNING: [Synth 8-3331] design c_reg_fd_v12_0_4_viv has unconnected port SCLR
WARNING: [Synth 8-3331] design c_reg_fd_v12_0_4_viv has unconnected port SSET
WARNING: [Synth 8-3331] design c_addsub_v12_0_11_lut6_legacy__parameterized1 has unconnected port add
WARNING: [Synth 8-3331] design c_addsub_v12_0_11_lut6_legacy__parameterized1 has unconnected port c_in
WARNING: [Synth 8-3331] design c_addsub_v12_0_11_lut6_legacy__parameterized1 has unconnected port ce
WARNING: [Synth 8-3331] design c_addsub_v12_0_11_lut6_legacy__parameterized1 has unconnected port bypass
WARNING: [Synth 8-3331] design c_addsub_v12_0_11_lut6_legacy__parameterized1 has unconnected port sclr
WARNING: [Synth 8-3331] design c_addsub_v12_0_11_lut6_legacy__parameterized1 has unconnected port sset
WARNING: [Synth 8-3331] design c_addsub_v12_0_11_lut6_legacy__parameterized1 has unconnected port sinit
WARNING: [Synth 8-3331] design c_addsub_v12_0_11_legacy__parameterized1 has unconnected port c_in
WARNING: [Synth 8-3331] design c_addsub_v12_0_11_legacy__parameterized1 has unconnected port b_in
WARNING: [Synth 8-3331] design c_addsub_v12_0_11_legacy__parameterized1 has unconnected port a_signed
WARNING: [Synth 8-3331] design c_addsub_v12_0_11_legacy__parameterized1 has unconnected port b_signed
WARNING: [Synth 8-3331] design c_addsub_v12_0_11_viv__parameterized1 has unconnected port C_IN
WARNING: [Synth 8-3331] design c_addsub_v12_0_11_lut6_legacy has unconnected port add
WARNING: [Synth 8-3331] design c_addsub_v12_0_11_lut6_legacy has unconnected port c_in
WARNING: [Synth 8-3331] design c_addsub_v12_0_11_lut6_legacy has unconnected port ce
WARNING: [Synth 8-3331] design c_addsub_v12_0_11_lut6_legacy has unconnected port bypass
WARNING: [Synth 8-3331] design c_addsub_v12_0_11_lut6_legacy has unconnected port sclr
WARNING: [Synth 8-3331] design c_addsub_v12_0_11_lut6_legacy has unconnected port sset
WARNING: [Synth 8-3331] design c_addsub_v12_0_11_lut6_legacy has unconnected port sinit
WARNING: [Synth 8-3331] design c_addsub_v12_0_11_legacy has unconnected port c_in
WARNING: [Synth 8-3331] design c_addsub_v12_0_11_legacy has unconnected port b_in
WARNING: [Synth 8-3331] design c_addsub_v12_0_11_legacy has unconnected port a_signed
WARNING: [Synth 8-3331] design c_addsub_v12_0_11_legacy has unconnected port b_signed
WARNING: [Synth 8-3331] design c_addsub_v12_0_11_viv has unconnected port C_IN
WARNING: [Synth 8-3331] design cordic_v6_0_13_synth has unconnected port ND
WARNING: [Synth 8-3331] design cordic_v6_0_13_synth has unconnected port CE
WARNING: [Synth 8-3331] design cordic_v6_0_13_synth has unconnected port SCLR
WARNING: [Synth 8-3331] design xbip_pipe_v3_0_4_viv has unconnected port SCLR
WARNING: [Synth 8-3331] design xbip_pipe_v3_0_4_viv has unconnected port SSET
WARNING: [Synth 8-3331] design xbip_pipe_v3_0_4_viv has unconnected port SINIT
WARNING: [Synth 8-3331] design cordic_v6_0_13_viv has unconnected port aclken
WARNING: [Synth 8-3331] design cordic_v6_0_13_viv has unconnected port aresetn
WARNING: [Synth 8-3331] design cordic_v6_0_13_viv has unconnected port s_axis_phase_tuser[0]
WARNING: [Synth 8-3331] design cordic_v6_0_13_viv has unconnected port s_axis_phase_tlast
WARNING: [Synth 8-3331] design cordic_v6_0_13_viv has unconnected port s_axis_cartesian_tuser[0]
WARNING: [Synth 8-3331] design cordic_v6_0_13_viv has unconnected port s_axis_cartesian_tlast
WARNING: [Synth 8-3331] design cordic_v6_0_13_viv has unconnected port m_axis_dout_tready
---------------------------------------------------------------------------------
Finished RTL Elaboration : Time (s): cpu = 00:02:53 ; elapsed = 00:03:03 . Memory (MB): peak = 441.914 ; gain = 187.789
---------------------------------------------------------------------------------

Report Check Netlist: 
+------+------------------+-------+---------+-------+------------------+
|      |Item              |Errors |Warnings |Status |Description       |
+------+------------------+-------+---------+-------+------------------+
|1     |multi_driven_nets |      0|        0|Passed |Multi driven nets |
+------+------------------+-------+---------+-------+------------------+
---------------------------------------------------------------------------------
Finished RTL Optimization Phase 1 : Time (s): cpu = 00:02:54 ; elapsed = 00:03:07 . Memory (MB): peak = 441.914 ; gain = 187.789
---------------------------------------------------------------------------------
INFO: [Netlist 29-17] Analyzing 2136 Unisim elements for replacement
INFO: [Netlist 29-28] Unisim Transformation completed in 1 CPU seconds
INFO: [Device 21-403] Loading part xc7a100tcsg324-1
INFO: [Project 1-570] Preparing netlist for logic optimization

Processing XDC Constraints
Initializing timing engine
Parsing XDC File [e:/bildiri ve makaleler/kitap/fpga/uygulamalar/prj_bolum11_uyg2/prj_bolum11_uyg2.srcs/sources_1/ip/Cordic_SinCos/Cordic_SinCos_ooc.xdc] for cell 'U0'
Finished Parsing XDC File [e:/bildiri ve makaleler/kitap/fpga/uygulamalar/prj_bolum11_uyg2/prj_bolum11_uyg2.srcs/sources_1/ip/Cordic_SinCos/Cordic_SinCos_ooc.xdc] for cell 'U0'
Parsing XDC File [E:/bildiri ve makaleler/kitap/fpga/uygulamalar/prj_bolum11_uyg2/prj_bolum11_uyg2.runs/cordic_SinCos_synth_1/dont_touch.xdc]
Finished Parsing XDC File [E:/bildiri ve makaleler/kitap/fpga/uygulamalar/prj_bolum11_uyg2/prj_bolum11_uyg2.runs/cordic_SinCos_synth_1/dont_touch.xdc]
Completed Processing XDC Constraints

INFO: [Project 1-111] Unisim Transformation Summary:
No Unisim elements were transformed.

Constraint Validation Runtime : Time (s): cpu = 00:00:00 ; elapsed = 00:00:00.350 . Memory (MB): peak = 764.895 ; gain = 0.375
---------------------------------------------------------------------------------
Finished Constraint Validation : Time (s): cpu = 00:04:14 ; elapsed = 00:04:58 . Memory (MB): peak = 764.895 ; gain = 510.770
---------------------------------------------------------------------------------
---------------------------------------------------------------------------------
Start Loading Part and Timing Information
---------------------------------------------------------------------------------
Loading part: xc7a100tcsg324-1
---------------------------------------------------------------------------------
Finished Loading Part and Timing Information : Time (s): cpu = 00:04:14 ; elapsed = 00:04:58 . Memory (MB): peak = 764.895 ; gain = 510.770
---------------------------------------------------------------------------------
---------------------------------------------------------------------------------
Start Applying 'set_property' XDC Constraints
---------------------------------------------------------------------------------
Applied set_property DONT_TOUCH = true for U0. (constraint file  {E:/bildiri ve makaleler/kitap/fpga/uygulamalar/prj_bolum11_uyg2/prj_bolum11_uyg2.runs/cordic_SinCos_synth_1/dont_touch.xdc}, line 9).
---------------------------------------------------------------------------------
Finished applying 'set_property' XDC Constraints : Time (s): cpu = 00:04:14 ; elapsed = 00:04:59 . Memory (MB): peak = 764.895 ; gain = 510.770
---------------------------------------------------------------------------------
---------------------------------------------------------------------------------
Finished RTL Optimization Phase 2 : Time (s): cpu = 00:04:19 ; elapsed = 00:05:05 . Memory (MB): peak = 764.895 ; gain = 510.770
---------------------------------------------------------------------------------

Report RTL Partitions: 
+-+--------------+------------+----------+
| |RTL Partition |Replication |Instances |
+-+--------------+------------+----------+
+-+--------------+------------+----------+
---------------------------------------------------------------------------------
Start RTL Component Statistics 
---------------------------------------------------------------------------------
---------------------------------------------------------------------------------
Finished RTL Component Statistics 
---------------------------------------------------------------------------------
---------------------------------------------------------------------------------
Start RTL Hierarchical Component Statistics 
---------------------------------------------------------------------------------
---------------------------------------------------------------------------------
Finished RTL Hierarchical Component Statistics
---------------------------------------------------------------------------------
---------------------------------------------------------------------------------
Start Part Resource Summary
---------------------------------------------------------------------------------
Part Resources:
DSPs: 240 (col length:80)
BRAMs: 270 (col length: RAMB18 80 RAMB36 40)
---------------------------------------------------------------------------------
Finished Part Resource Summary
---------------------------------------------------------------------------------
---------------------------------------------------------------------------------
Start Cross Boundary and Area Optimization
---------------------------------------------------------------------------------
WARNING: [Synth 8-3331] design c_addsub_v12_0_11_viv__parameterized3 has unconnected port C_IN
WARNING: [Synth 8-3331] design c_addsub_v12_0_11_viv__parameterized3 has unconnected port CE
WARNING: [Synth 8-3331] design c_addsub_v12_0_11_viv__parameterized3 has unconnected port BYPASS
WARNING: [Synth 8-3331] design c_addsub_v12_0_11_viv__parameterized3 has unconnected port SCLR
WARNING: [Synth 8-3331] design c_addsub_v12_0_11_viv__parameterized3 has unconnected port SSET
WARNING: [Synth 8-3331] design c_addsub_v12_0_11_viv__parameterized3 has unconnected port SINIT
WARNING: [Synth 8-3331] design c_addsub_v12_0_11_viv__parameterized3__49 has unconnected port C_IN
WARNING: [Synth 8-3331] design c_addsub_v12_0_11_viv__parameterized3__49 has unconnected port CE
WARNING: [Synth 8-3331] design c_addsub_v12_0_11_viv__parameterized3__49 has unconnected port BYPASS
WARNING: [Synth 8-3331] design c_addsub_v12_0_11_viv__parameterized3__49 has unconnected port SCLR
WARNING: [Synth 8-3331] design c_addsub_v12_0_11_viv__parameterized3__49 has unconnected port SSET
WARNING: [Synth 8-3331] design c_addsub_v12_0_11_viv__parameterized3__49 has unconnected port SINIT
WARNING: [Synth 8-3331] design c_addsub_v12_0_11_viv__parameterized3__9 has unconnected port C_IN
WARNING: [Synth 8-3331] design c_addsub_v12_0_11_viv__parameterized3__9 has unconnected port CE
WARNING: [Synth 8-3331] design c_addsub_v12_0_11_viv__parameterized3__9 has unconnected port BYPASS
WARNING: [Synth 8-3331] design c_addsub_v12_0_11_viv__parameterized3__9 has unconnected port SCLR
WARNING: [Synth 8-3331] design c_addsub_v12_0_11_viv__parameterized3__9 has unconnected port SSET
WARNING: [Synth 8-3331] design c_addsub_v12_0_11_viv__parameterized3__9 has unconnected port SINIT
WARNING: [Synth 8-3331] design c_addsub_v12_0_11_viv__parameterized3__48 has unconnected port C_IN
WARNING: [Synth 8-3331] design c_addsub_v12_0_11_viv__parameterized3__48 has unconnected port CE
WARNING: [Synth 8-3331] design c_addsub_v12_0_11_viv__parameterized3__48 has unconnected port BYPASS
WARNING: [Synth 8-3331] design c_addsub_v12_0_11_viv__parameterized3__48 has unconnected port SCLR
INFO: [Common 17-14] Message 'Synth 8-3331' appears 100 times and further instances of the messages will be disabled. Use the Tcl command set_msg_config to change the current settings.
INFO: [Synth 8-3886] merging instance 'U0/i_synth/i_synth/gen_cordic.input_stage/gen_input_regs.data_x_int_reg[0]' (FDR) to 'U0/i_synth/i_synth/gen_cordic.input_stage/gen_input_regs.data_y_int_reg[3]'
INFO: [Synth 8-3886] merging instance 'U0/i_synth/i_synth/gen_cordic.input_stage/gen_input_regs.data_y_int_reg[0]' (FDR) to 'U0/i_synth/i_synth/gen_cordic.input_stage/gen_input_regs.data_y_int_reg[3]'
INFO: [Synth 8-3886] merging instance 'U0/i_synth/i_synth/gen_cordic.input_stage/gen_input_regs.data_x_int_reg[1]' (FDR) to 'U0/i_synth/i_synth/gen_cordic.input_stage/gen_input_regs.data_y_int_reg[3]'
INFO: [Synth 8-3886] merging instance 'U0/i_synth/i_synth/gen_cordic.input_stage/gen_input_regs.data_y_int_reg[1]' (FDR) to 'U0/i_synth/i_synth/gen_cordic.input_stage/gen_input_regs.data_y_int_reg[3]'
INFO: [Synth 8-3886] merging instance 'U0/i_synth/i_synth/gen_cordic.input_stage/gen_input_regs.data_x_int_reg[2]' (FDR) to 'U0/i_synth/i_synth/gen_cordic.input_stage/gen_input_regs.data_y_int_reg[3]'
INFO: [Synth 8-3886] merging instance 'U0/i_synth/i_synth/gen_cordic.input_stage/gen_input_regs.data_y_int_reg[2]' (FDR) to 'U0/i_synth/i_synth/gen_cordic.input_stage/gen_input_regs.data_y_int_reg[3]'
INFO: [Synth 8-3886] merging instance 'U0/i_synth/i_synth/gen_cordic.input_stage/gen_input_regs.data_x_int_reg[3]' (FDR) to 'U0/i_synth/i_synth/gen_cordic.input_stage/gen_input_regs.data_y_int_reg[3]'
INFO: [Synth 8-3886] merging instance 'U0/i_synth/i_synth/gen_cordic.input_stage/gen_input_regs.data_y_int_reg[3]' (FDR) to 'U0/i_synth/i_synth/gen_cordic.input_stage/gen_input_regs.phase_int_reg[0]'
INFO: [Synth 8-3886] merging instance 'U0/i_synth/i_synth/gen_cordic.input_stage/gen_input_regs.phase_int_reg[0]' (FDR) to 'U0/i_synth/i_synth/gen_cordic.input_stage/gen_input_regs.phase_int_reg[1]'
INFO: [Synth 8-3886] merging instance 'U0/i_synth/i_synth/gen_cordic.input_stage/gen_input_regs.phase_int_reg[1]' (FDR) to 'U0/i_synth/i_synth/gen_cordic.input_stage/gen_input_regs.phase_int_reg[2]'
INFO: [Synth 8-3886] merging instance 'U0/i_synth/i_synth/gen_cordic.input_stage/gen_input_regs.phase_int_reg[2]' (FDR) to 'U0/i_synth/i_synth/gen_cordic.input_stage/gen_input_regs.phase_int_reg[3]'
INFO: [Synth 8-3333] propagating constant 0 across sequential element (U0/i_synth/\i_synth/gen_cordic.input_stage/gen_input_regs.phase_int_reg[3] )
INFO: [Synth 8-3886] merging instance 'U0/i_synth/i_synth/gen_cordic.input_stage/gen_rotation.gen_rot_phase.gen_phase_int_dly/gen_rtl.gen_reg.d_reg_reg[0]' (FDRE) to 'U0/i_synth/i_synth/gen_cordic.cordic_engine/gen_para_arch.gen_iteration[0].eng/cntrl/engine_mode_dly/gen_rtl.gen_reg.d_reg_reg'
INFO: [Synth 8-3886] merging instance 'U0/i_synth/i_synth/gen_cordic.input_stage/gen_rotation.gen_rot_phase.gen_phase_int_dly/gen_rtl.gen_reg.d_reg_reg[1]' (FDRE) to 'U0/i_synth/i_synth/gen_cordic.cordic_engine/gen_para_arch.gen_iteration[0].eng/cntrl/engine_mode_dly/gen_rtl.gen_reg.d_reg_reg'
INFO: [Synth 8-3886] merging instance 'U0/i_synth/i_synth/gen_cordic.input_stage/gen_rotation.gen_rot_phase.gen_phase_int_dly/gen_rtl.gen_reg.d_reg_reg[2]' (FDRE) to 'U0/i_synth/i_synth/gen_cordic.cordic_engine/gen_para_arch.gen_iteration[0].eng/cntrl/engine_mode_dly/gen_rtl.gen_reg.d_reg_reg'
INFO: [Synth 8-3886] merging instance 'U0/i_synth/i_synth/gen_cordic.input_stage/gen_rotation.gen_rot_phase.gen_phase_int_dly/gen_rtl.gen_reg.d_reg_reg[3]' (FDRE) to 'U0/i_synth/i_synth/gen_cordic.cordic_engine/gen_para_arch.gen_iteration[0].eng/cntrl/engine_mode_dly/gen_rtl.gen_reg.d_reg_reg'
INFO: [Synth 8-3886] merging instance 'U0/i_synth/i_synth/gen_cordic.input_stage/gen_rotation.gen_rot_xy.gen_data_x_int_dly/gen_rtl.gen_reg.d_reg_reg[0]' (FDRE) to 'U0/i_synth/i_synth/gen_cordic.cordic_engine/gen_para_arch.gen_iteration[0].eng/cntrl/engine_mode_dly/gen_rtl.gen_reg.d_reg_reg'
INFO: [Synth 8-3886] merging instance 'U0/i_synth/i_synth/gen_cordic.input_stage/gen_rotation.gen_rot_xy.gen_data_y_int_dly/gen_rtl.gen_reg.d_reg_reg[0]' (FDRE) to 'U0/i_synth/i_synth/gen_cordic.cordic_engine/gen_para_arch.gen_iteration[0].eng/cntrl/engine_mode_dly/gen_rtl.gen_reg.d_reg_reg'
INFO: [Synth 8-3886] merging instance 'U0/i_synth/i_synth/gen_cordic.input_stage/gen_rotation.gen_rot_xy.gen_data_x_int_dly/gen_rtl.gen_reg.d_reg_reg[1]' (FDRE) to 'U0/i_synth/i_synth/gen_cordic.cordic_engine/gen_para_arch.gen_iteration[0].eng/cntrl/engine_mode_dly/gen_rtl.gen_reg.d_reg_reg'
INFO: [Synth 8-3886] merging instance 'U0/i_synth/i_synth/gen_cordic.input_stage/gen_rotation.gen_rot_xy.gen_data_y_int_dly/gen_rtl.gen_reg.d_reg_reg[1]' (FDRE) to 'U0/i_synth/i_synth/gen_cordic.cordic_engine/gen_para_arch.gen_iteration[0].eng/cntrl/engine_mode_dly/gen_rtl.gen_reg.d_reg_reg'
INFO: [Synth 8-3886] merging instance 'U0/i_synth/i_synth/gen_cordic.input_stage/gen_rotation.gen_rot_xy.gen_data_x_int_dly/gen_rtl.gen_reg.d_reg_reg[2]' (FDRE) to 'U0/i_synth/i_synth/gen_cordic.cordic_engine/gen_para_arch.gen_iteration[0].eng/cntrl/engine_mode_dly/gen_rtl.gen_reg.d_reg_reg'
INFO: [Synth 8-3886] merging instance 'U0/i_synth/i_synth/gen_cordic.input_stage/gen_rotation.gen_rot_xy.gen_data_y_int_dly/gen_rtl.gen_reg.d_reg_reg[2]' (FDRE) to 'U0/i_synth/i_synth/gen_cordic.cordic_engine/gen_para_arch.gen_iteration[0].eng/cntrl/engine_mode_dly/gen_rtl.gen_reg.d_reg_reg'
INFO: [Synth 8-3886] merging instance 'U0/i_synth/i_synth/gen_cordic.input_stage/gen_rotation.gen_rot_xy.gen_data_x_int_dly/gen_rtl.gen_reg.d_reg_reg[3]' (FDRE) to 'U0/i_synth/i_synth/gen_cordic.cordic_engine/gen_para_arch.gen_iteration[0].eng/cntrl/engine_mode_dly/gen_rtl.gen_reg.d_reg_reg'
INFO: [Synth 8-3886] merging instance 'U0/i_synth/i_synth/gen_cordic.input_stage/gen_rotation.gen_rot_xy.gen_data_y_int_dly/gen_rtl.gen_reg.d_reg_reg[3]' (FDRE) to 'U0/i_synth/i_synth/gen_cordic.cordic_engine/gen_para_arch.gen_iteration[0].eng/cntrl/engine_mode_dly/gen_rtl.gen_reg.d_reg_reg'
INFO: [Synth 8-3333] propagating constant 0 across sequential element (U0/i_synth/\i_synth/gen_cordic.cordic_engine/gen_para_arch.gen_iteration[0].eng/cntrl/engine_mode_dly/gen_rtl.gen_reg.d_reg_reg )
INFO: [Synth 8-3886] merging instance 'U0/i_synth/i_synth/gen_cordic.cordic_engine/gen_para_arch.gen_iteration[1].eng/cntrl/engine_mode_dly/gen_rtl.gen_reg.d_reg_reg' (FDRE) to 'U0/i_synth/i_synth/gen_cordic.cordic_engine/gen_para_arch.gen_iteration[0].eng/cntrl/engine_mode_dly/gen_rtl.gen_reg.d_reg_reg'
INFO: [Synth 8-3333] propagating constant 0 across sequential element (U0/i_synth/\i_synth/gen_cordic.cordic_engine/gen_para_arch.gen_iteration[0].eng/cntrl/engine_mode_dly/gen_rtl.gen_reg.d_reg_reg )
INFO: [Synth 8-3886] merging instance 'U0/i_synth/i_synth/gen_cordic.cordic_engine/gen_para_arch.gen_iteration[2].eng/cntrl/engine_mode_dly/gen_rtl.gen_reg.d_reg_reg' (FDRE) to 'U0/i_synth/i_synth/gen_cordic.cordic_engine/gen_para_arch.gen_iteration[0].eng/cntrl/engine_mode_dly/gen_rtl.gen_reg.d_reg_reg'
INFO: [Synth 8-3333] propagating constant 0 across sequential element (U0/i_synth/\i_synth/gen_cordic.cordic_engine/gen_para_arch.gen_iteration[0].eng/cntrl/engine_mode_dly/gen_rtl.gen_reg.d_reg_reg )
INFO: [Synth 8-3886] merging instance 'U0/i_synth/i_synth/gen_cordic.cordic_engine/gen_para_arch.gen_iteration[3].eng/cntrl/engine_mode_dly/gen_rtl.gen_reg.d_reg_reg' (FDRE) to 'U0/i_synth/i_synth/gen_cordic.cordic_engine/gen_para_arch.gen_iteration[0].eng/cntrl/engine_mode_dly/gen_rtl.gen_reg.d_reg_reg'
INFO: [Synth 8-3333] propagating constant 0 across sequential element (U0/i_synth/\i_synth/gen_cordic.cordic_engine/gen_para_arch.gen_iteration[0].eng/cntrl/engine_mode_dly/gen_rtl.gen_reg.d_reg_reg )
INFO: [Synth 8-3886] merging instance 'U0/i_synth/i_synth/gen_cordic.cordic_engine/gen_para_arch.gen_iteration[4].eng/cntrl/engine_mode_dly/gen_rtl.gen_reg.d_reg_reg' (FDRE) to 'U0/i_synth/i_synth/gen_cordic.cordic_engine/gen_para_arch.gen_iteration[0].eng/cntrl/engine_mode_dly/gen_rtl.gen_reg.d_reg_reg'
INFO: [Synth 8-3333] propagating constant 0 across sequential element (U0/i_synth/\i_synth/gen_cordic.cordic_engine/gen_para_arch.gen_iteration[0].eng/cntrl/engine_mode_dly/gen_rtl.gen_reg.d_reg_reg )
INFO: [Synth 8-3886] merging instance 'U0/i_synth/i_synth/gen_cordic.cordic_engine/gen_para_arch.gen_iteration[5].eng/cntrl/engine_mode_dly/gen_rtl.gen_reg.d_reg_reg' (FDRE) to 'U0/i_synth/i_synth/gen_cordic.cordic_engine/gen_para_arch.gen_iteration[0].eng/cntrl/engine_mode_dly/gen_rtl.gen_reg.d_reg_reg'
INFO: [Synth 8-3333] propagating constant 0 across sequential element (U0/i_synth/\i_synth/gen_cordic.cordic_engine/gen_para_arch.gen_iteration[0].eng/cntrl/engine_mode_dly/gen_rtl.gen_reg.d_reg_reg )
INFO: [Synth 8-3886] merging instance 'U0/i_synth/i_synth/gen_cordic.cordic_engine/gen_para_arch.gen_iteration[6].eng/cntrl/engine_mode_dly/gen_rtl.gen_reg.d_reg_reg' (FDRE) to 'U0/i_synth/i_synth/gen_cordic.cordic_engine/gen_para_arch.gen_iteration[0].eng/cntrl/engine_mode_dly/gen_rtl.gen_reg.d_reg_reg'
INFO: [Synth 8-3333] propagating constant 0 across sequential element (U0/i_synth/\i_synth/gen_cordic.cordic_engine/gen_para_arch.gen_iteration[0].eng/cntrl/engine_mode_dly/gen_rtl.gen_reg.d_reg_reg )
INFO: [Synth 8-3886] merging instance 'U0/i_synth/i_synth/gen_cordic.cordic_engine/gen_para_arch.gen_iteration[7].eng/cntrl/engine_mode_dly/gen_rtl.gen_reg.d_reg_reg' (FDRE) to 'U0/i_synth/i_synth/gen_cordic.cordic_engine/gen_para_arch.gen_iteration[0].eng/cntrl/engine_mode_dly/gen_rtl.gen_reg.d_reg_reg'
INFO: [Synth 8-3333] propagating constant 0 across sequential element (U0/i_synth/\i_synth/gen_cordic.cordic_engine/gen_para_arch.gen_iteration[0].eng/cntrl/engine_mode_dly/gen_rtl.gen_reg.d_reg_reg )
INFO: [Synth 8-3886] merging instance 'U0/i_synth/i_synth/gen_cordic.cordic_engine/gen_para_arch.gen_iteration[8].eng/cntrl/engine_mode_dly/gen_rtl.gen_reg.d_reg_reg' (FDRE) to 'U0/i_synth/i_synth/gen_cordic.cordic_engine/gen_para_arch.gen_iteration[0].eng/cntrl/engine_mode_dly/gen_rtl.gen_reg.d_reg_reg'
INFO: [Synth 8-3333] propagating constant 0 across sequential element (U0/i_synth/\i_synth/gen_cordic.cordic_engine/gen_para_arch.gen_iteration[0].eng/cntrl/engine_mode_dly/gen_rtl.gen_reg.d_reg_reg )
INFO: [Synth 8-3886] merging instance 'U0/i_synth/i_synth/gen_cordic.cordic_engine/gen_para_arch.gen_iteration[9].eng/cntrl/engine_mode_dly/gen_rtl.gen_reg.d_reg_reg' (FDRE) to 'U0/i_synth/i_synth/gen_cordic.cordic_engine/gen_para_arch.gen_iteration[0].eng/cntrl/engine_mode_dly/gen_rtl.gen_reg.d_reg_reg'
INFO: [Synth 8-3333] propagating constant 0 across sequential element (U0/i_synth/\i_synth/gen_cordic.cordic_engine/gen_para_arch.gen_iteration[0].eng/cntrl/engine_mode_dly/gen_rtl.gen_reg.d_reg_reg )
INFO: [Synth 8-3886] merging instance 'U0/i_synth/i_synth/gen_cordic.cordic_engine/gen_para_arch.gen_iteration[10].eng/cntrl/engine_mode_dly/gen_rtl.gen_reg.d_reg_reg' (FDRE) to 'U0/i_synth/i_synth/gen_cordic.cordic_engine/gen_para_arch.gen_iteration[0].eng/cntrl/engine_mode_dly/gen_rtl.gen_reg.d_reg_reg'
INFO: [Synth 8-3333] propagating constant 0 across sequential element (U0/i_synth/\i_synth/gen_cordic.cordic_engine/gen_para_arch.gen_iteration[0].eng/cntrl/engine_mode_dly/gen_rtl.gen_reg.d_reg_reg )
INFO: [Synth 8-3886] merging instance 'U0/i_synth/i_synth/gen_cordic.cordic_engine/gen_para_arch.gen_iteration[11].eng/cntrl/engine_mode_dly/gen_rtl.gen_reg.d_reg_reg' (FDRE) to 'U0/i_synth/i_synth/gen_cordic.cordic_engine/gen_para_arch.gen_iteration[0].eng/cntrl/engine_mode_dly/gen_rtl.gen_reg.d_reg_reg'
INFO: [Synth 8-3333] propagating constant 0 across sequential element (U0/i_synth/\i_synth/gen_cordic.cordic_engine/gen_para_arch.gen_iteration[0].eng/cntrl/engine_mode_dly/gen_rtl.gen_reg.d_reg_reg )
INFO: [Synth 8-3886] merging instance 'U0/i_synth/i_synth/gen_cordic.cordic_engine/gen_para_arch.gen_iteration[12].eng/cntrl/engine_mode_dly/gen_rtl.gen_reg.d_reg_reg' (FDRE) to 'U0/i_synth/i_synth/gen_cordic.cordic_engine/gen_para_arch.gen_iteration[0].eng/cntrl/engine_mode_dly/gen_rtl.gen_reg.d_reg_reg'
INFO: [Synth 8-3333] propagating constant 0 across sequential element (U0/i_synth/\i_synth/gen_cordic.cordic_engine/gen_para_arch.gen_iteration[0].eng/cntrl/engine_mode_dly/gen_rtl.gen_reg.d_reg_reg )
INFO: [Synth 8-3332] Sequential element (i_baseblox.i_baseblox_addsub/no_pipelining.the_addsub/i_lut6.i_lut6_addsub/i_q.i_simple.qreg/i_no_async_controls.output_reg[22]) is unused and will be removed from module c_addsub_v12_0_11_viv.
INFO: [Synth 8-3332] Sequential element (i_baseblox.i_baseblox_addsub/no_pipelining.the_addsub/i_lut6.i_lut6_addsub/i_q.i_simple.qreg/i_no_async_controls.output_reg[20]) is unused and will be removed from module c_addsub_v12_0_11_viv.
INFO: [Synth 8-3332] Sequential element (i_baseblox.i_baseblox_addsub/no_pipelining.the_addsub/i_lut6.i_lut6_addsub/i_q.i_simple.qreg/i_no_async_controls.output_reg[19]) is unused and will be removed from module c_addsub_v12_0_11_viv.
INFO: [Synth 8-3332] Sequential element (i_baseblox.i_baseblox_addsub/no_pipelining.the_addsub/i_lut6.i_lut6_addsub/i_q.i_simple.qreg/i_no_async_controls.output_reg[18]) is unused and will be removed from module c_addsub_v12_0_11_viv.
INFO: [Synth 8-3332] Sequential element (i_baseblox.i_baseblox_addsub/no_pipelining.the_addsub/i_lut6.i_lut6_addsub/i_q.i_simple.qreg/i_no_async_controls.output_reg[17]) is unused and will be removed from module c_addsub_v12_0_11_viv.
INFO: [Synth 8-3332] Sequential element (i_baseblox.i_baseblox_addsub/no_pipelining.the_addsub/i_lut6.i_lut6_addsub/i_q.i_simple.qreg/i_no_async_controls.output_reg[16]) is unused and will be removed from module c_addsub_v12_0_11_viv.
INFO: [Synth 8-3332] Sequential element (i_baseblox.i_baseblox_addsub/no_pipelining.the_addsub/i_lut6.i_lut6_addsub/i_q.i_simple.qreg/i_no_async_controls.output_reg[15]) is unused and will be removed from module c_addsub_v12_0_11_viv.
INFO: [Synth 8-3332] Sequential element (i_baseblox.i_baseblox_addsub/no_pipelining.the_addsub/i_lut6.i_lut6_addsub/i_q.i_simple.qreg/i_no_async_controls.output_reg[14]) is unused and will be removed from module c_addsub_v12_0_11_viv.
INFO: [Synth 8-3332] Sequential element (i_baseblox.i_baseblox_addsub/no_pipelining.the_addsub/i_lut6.i_lut6_addsub/i_q.i_simple.qreg/i_no_async_controls.output_reg[13]) is unused and will be removed from module c_addsub_v12_0_11_viv.
INFO: [Synth 8-3332] Sequential element (i_baseblox.i_baseblox_addsub/no_pipelining.the_addsub/i_lut6.i_lut6_addsub/i_q.i_simple.qreg/i_no_async_controls.output_reg[12]) is unused and will be removed from module c_addsub_v12_0_11_viv.
INFO: [Synth 8-3332] Sequential element (i_baseblox.i_baseblox_addsub/no_pipelining.the_addsub/i_lut6.i_lut6_addsub/i_q.i_simple.qreg/i_no_async_controls.output_reg[11]) is unused and will be removed from module c_addsub_v12_0_11_viv.
INFO: [Synth 8-3332] Sequential element (i_baseblox.i_baseblox_addsub/no_pipelining.the_addsub/i_lut6.i_lut6_addsub/i_q.i_simple.qreg/i_no_async_controls.output_reg[10]) is unused and will be removed from module c_addsub_v12_0_11_viv.
INFO: [Synth 8-3332] Sequential element (i_baseblox.i_baseblox_addsub/no_pipelining.the_addsub/i_lut6.i_lut6_addsub/i_q.i_simple.qreg/i_no_async_controls.output_reg[9]) is unused and will be removed from module c_addsub_v12_0_11_viv.
INFO: [Synth 8-3332] Sequential element (i_baseblox.i_baseblox_addsub/no_pipelining.the_addsub/i_lut6.i_lut6_addsub/i_q.i_simple.qreg/i_no_async_controls.output_reg[8]) is unused and will be removed from module c_addsub_v12_0_11_viv.
INFO: [Synth 8-3332] Sequential element (i_baseblox.i_baseblox_addsub/no_pipelining.the_addsub/i_lut6.i_lut6_addsub/i_q.i_simple.qreg/i_no_async_controls.output_reg[7]) is unused and will be removed from module c_addsub_v12_0_11_viv.
INFO: [Synth 8-3332] Sequential element (i_baseblox.i_baseblox_addsub/no_pipelining.the_addsub/i_lut6.i_lut6_addsub/i_q.i_simple.qreg/i_no_async_controls.output_reg[6]) is unused and will be removed from module c_addsub_v12_0_11_viv.
INFO: [Synth 8-3332] Sequential element (i_baseblox.i_baseblox_addsub/no_pipelining.the_addsub/i_lut6.i_lut6_addsub/i_q.i_simple.qreg/i_no_async_controls.output_reg[5]) is unused and will be removed from module c_addsub_v12_0_11_viv.
INFO: [Synth 8-3332] Sequential element (i_baseblox.i_baseblox_addsub/no_pipelining.the_addsub/i_lut6.i_lut6_addsub/i_q.i_simple.qreg/i_no_async_controls.output_reg[4]) is unused and will be removed from module c_addsub_v12_0_11_viv.
INFO: [Synth 8-3332] Sequential element (i_baseblox.i_baseblox_addsub/no_pipelining.the_addsub/i_lut6.i_lut6_addsub/i_q.i_simple.qreg/i_no_async_controls.output_reg[3]) is unused and will be removed from module c_addsub_v12_0_11_viv.
INFO: [Synth 8-3332] Sequential element (i_baseblox.i_baseblox_addsub/no_pipelining.the_addsub/i_lut6.i_lut6_addsub/i_q.i_simple.qreg/i_no_async_controls.output_reg[2]) is unused and will be removed from module c_addsub_v12_0_11_viv.
INFO: [Synth 8-3332] Sequential element (i_baseblox.i_baseblox_addsub/no_pipelining.the_addsub/i_lut6.i_lut6_addsub/i_q.i_simple.qreg/i_no_async_controls.output_reg[1]) is unused and will be removed from module c_addsub_v12_0_11_viv.
INFO: [Synth 8-3332] Sequential element (i_baseblox.i_baseblox_addsub/no_pipelining.the_addsub/i_lut6.i_lut6_addsub/i_q.i_simple.qreg/i_no_async_controls.output_reg[22]) is unused and will be removed from module c_addsub_v12_0_11_viv__parameterized1.
INFO: [Synth 8-3332] Sequential element (i_baseblox.i_baseblox_addsub/no_pipelining.the_addsub/i_lut6.i_lut6_addsub/i_q.i_simple.qreg/i_no_async_controls.output_reg[20]) is unused and will be removed from module c_addsub_v12_0_11_viv__parameterized1.
INFO: [Synth 8-3332] Sequential element (i_baseblox.i_baseblox_addsub/no_pipelining.the_addsub/i_lut6.i_lut6_addsub/i_q.i_simple.qreg/i_no_async_controls.output_reg[19]) is unused and will be removed from module c_addsub_v12_0_11_viv__parameterized1.
INFO: [Synth 8-3332] Sequential element (i_baseblox.i_baseblox_addsub/no_pipelining.the_addsub/i_lut6.i_lut6_addsub/i_q.i_simple.qreg/i_no_async_controls.output_reg[18]) is unused and will be removed from module c_addsub_v12_0_11_viv__parameterized1.
INFO: [Synth 8-3332] Sequential element (i_baseblox.i_baseblox_addsub/no_pipelining.the_addsub/i_lut6.i_lut6_addsub/i_q.i_simple.qreg/i_no_async_controls.output_reg[17]) is unused and will be removed from module c_addsub_v12_0_11_viv__parameterized1.
INFO: [Synth 8-3332] Sequential element (i_baseblox.i_baseblox_addsub/no_pipelining.the_addsub/i_lut6.i_lut6_addsub/i_q.i_simple.qreg/i_no_async_controls.output_reg[16]) is unused and will be removed from module c_addsub_v12_0_11_viv__parameterized1.
INFO: [Synth 8-3332] Sequential element (i_baseblox.i_baseblox_addsub/no_pipelining.the_addsub/i_lut6.i_lut6_addsub/i_q.i_simple.qreg/i_no_async_controls.output_reg[15]) is unused and will be removed from module c_addsub_v12_0_11_viv__parameterized1.
INFO: [Synth 8-3332] Sequential element (i_baseblox.i_baseblox_addsub/no_pipelining.the_addsub/i_lut6.i_lut6_addsub/i_q.i_simple.qreg/i_no_async_controls.output_reg[14]) is unused and will be removed from module c_addsub_v12_0_11_viv__parameterized1.
INFO: [Synth 8-3332] Sequential element (i_baseblox.i_baseblox_addsub/no_pipelining.the_addsub/i_lut6.i_lut6_addsub/i_q.i_simple.qreg/i_no_async_controls.output_reg[13]) is unused and will be removed from module c_addsub_v12_0_11_viv__parameterized1.
INFO: [Synth 8-3332] Sequential element (i_baseblox.i_baseblox_addsub/no_pipelining.the_addsub/i_lut6.i_lut6_addsub/i_q.i_simple.qreg/i_no_async_controls.output_reg[12]) is unused and will be removed from module c_addsub_v12_0_11_viv__parameterized1.
INFO: [Synth 8-3332] Sequential element (i_baseblox.i_baseblox_addsub/no_pipelining.the_addsub/i_lut6.i_lut6_addsub/i_q.i_simple.qreg/i_no_async_controls.output_reg[11]) is unused and will be removed from module c_addsub_v12_0_11_viv__parameterized1.
INFO: [Synth 8-3332] Sequential element (i_baseblox.i_baseblox_addsub/no_pipelining.the_addsub/i_lut6.i_lut6_addsub/i_q.i_simple.qreg/i_no_async_controls.output_reg[10]) is unused and will be removed from module c_addsub_v12_0_11_viv__parameterized1.
INFO: [Synth 8-3332] Sequential element (i_baseblox.i_baseblox_addsub/no_pipelining.the_addsub/i_lut6.i_lut6_addsub/i_q.i_simple.qreg/i_no_async_controls.output_reg[9]) is unused and will be removed from module c_addsub_v12_0_11_viv__parameterized1.
INFO: [Synth 8-3332] Sequential element (i_baseblox.i_baseblox_addsub/no_pipelining.the_addsub/i_lut6.i_lut6_addsub/i_q.i_simple.qreg/i_no_async_controls.output_reg[8]) is unused and will be removed from module c_addsub_v12_0_11_viv__parameterized1.
INFO: [Synth 8-3332] Sequential element (i_baseblox.i_baseblox_addsub/no_pipelining.the_addsub/i_lut6.i_lut6_addsub/i_q.i_simple.qreg/i_no_async_controls.output_reg[7]) is unused and will be removed from module c_addsub_v12_0_11_viv__parameterized1.
INFO: [Synth 8-3332] Sequential element (i_baseblox.i_baseblox_addsub/no_pipelining.the_addsub/i_lut6.i_lut6_addsub/i_q.i_simple.qreg/i_no_async_controls.output_reg[6]) is unused and will be removed from module c_addsub_v12_0_11_viv__parameterized1.
INFO: [Synth 8-3332] Sequential element (i_baseblox.i_baseblox_addsub/no_pipelining.the_addsub/i_lut6.i_lut6_addsub/i_q.i_simple.qreg/i_no_async_controls.output_reg[5]) is unused and will be removed from module c_addsub_v12_0_11_viv__parameterized1.
INFO: [Synth 8-3332] Sequential element (i_baseblox.i_baseblox_addsub/no_pipelining.the_addsub/i_lut6.i_lut6_addsub/i_q.i_simple.qreg/i_no_async_controls.output_reg[4]) is unused and will be removed from module c_addsub_v12_0_11_viv__parameterized1.
INFO: [Synth 8-3332] Sequential element (i_baseblox.i_baseblox_addsub/no_pipelining.the_addsub/i_lut6.i_lut6_addsub/i_q.i_simple.qreg/i_no_async_controls.output_reg[3]) is unused and will be removed from module c_addsub_v12_0_11_viv__parameterized1.
INFO: [Synth 8-3332] Sequential element (i_baseblox.i_baseblox_addsub/no_pipelining.the_addsub/i_lut6.i_lut6_addsub/i_q.i_simple.qreg/i_no_async_controls.output_reg[2]) is unused and will be removed from module c_addsub_v12_0_11_viv__parameterized1.
INFO: [Synth 8-3332] Sequential element (i_baseblox.i_baseblox_addsub/no_pipelining.the_addsub/i_lut6.i_lut6_addsub/i_q.i_simple.qreg/i_no_async_controls.output_reg[1]) is unused and will be removed from module c_addsub_v12_0_11_viv__parameterized1.
INFO: [Synth 8-3332] Sequential element (i_baseblox.i_baseblox_addsub/no_pipelining.the_addsub/i_lut6.i_lut6_addsub/i_q.i_simple.qreg/i_no_async_controls.output_reg[21]) is unused and will be removed from module c_addsub_v12_0_11_viv__parameterized3__1.
INFO: [Synth 8-3332] Sequential element (i_baseblox.i_baseblox_addsub/no_pipelining.the_addsub/i_lut6.i_lut6_addsub/i_q.i_simple.qreg/i_no_async_controls.output_reg[21]) is unused and will be removed from module c_addsub_v12_0_11_viv__parameterized3__2.
INFO: [Synth 8-3332] Sequential element (i_baseblox.i_baseblox_addsub/no_pipelining.the_addsub/i_lut6.i_lut6_addsub/i_q.i_simple.qreg/i_no_async_controls.output_reg[21]) is unused and will be removed from module c_addsub_v12_0_11_viv__parameterized3__3.
INFO: [Synth 8-3332] Sequential element (i_baseblox.i_baseblox_addsub/no_pipelining.the_addsub/i_lut6.i_lut6_addsub/i_q.i_simple.qreg/i_no_async_controls.output_reg[21]) is unused and will be removed from module c_addsub_v12_0_11_viv__parameterized3__4.
INFO: [Synth 8-3332] Sequential element (i_baseblox.i_baseblox_addsub/no_pipelining.the_addsub/i_lut6.i_lut6_addsub/i_q.i_simple.qreg/i_no_async_controls.output_reg[19]) is unused and will be removed from module c_addsub_v12_0_11_viv__parameterized3__4.
INFO: [Synth 8-3332] Sequential element (i_baseblox.i_baseblox_addsub/no_pipelining.the_addsub/i_lut6.i_lut6_addsub/i_q.i_simple.qreg/i_no_async_controls.output_reg[18]) is unused and will be removed from module c_addsub_v12_0_11_viv__parameterized3__4.
INFO: [Synth 8-3332] Sequential element (i_baseblox.i_baseblox_addsub/no_pipelining.the_addsub/i_lut6.i_lut6_addsub/i_q.i_simple.qreg/i_no_async_controls.output_reg[17]) is unused and will be removed from module c_addsub_v12_0_11_viv__parameterized3__4.
INFO: [Synth 8-3332] Sequential element (i_baseblox.i_baseblox_addsub/no_pipelining.the_addsub/i_lut6.i_lut6_addsub/i_q.i_simple.qreg/i_no_async_controls.output_reg[16]) is unused and will be removed from module c_addsub_v12_0_11_viv__parameterized3__4.
INFO: [Synth 8-3332] Sequential element (i_baseblox.i_baseblox_addsub/no_pipelining.the_addsub/i_lut6.i_lut6_addsub/i_q.i_simple.qreg/i_no_async_controls.output_reg[15]) is unused and will be removed from module c_addsub_v12_0_11_viv__parameterized3__4.
INFO: [Synth 8-3332] Sequential element (i_baseblox.i_baseblox_addsub/no_pipelining.the_addsub/i_lut6.i_lut6_addsub/i_q.i_simple.qreg/i_no_async_controls.output_reg[14]) is unused and will be removed from module c_addsub_v12_0_11_viv__parameterized3__4.
INFO: [Synth 8-3332] Sequential element (i_baseblox.i_baseblox_addsub/no_pipelining.the_addsub/i_lut6.i_lut6_addsub/i_q.i_simple.qreg/i_no_async_controls.output_reg[13]) is unused and will be removed from module c_addsub_v12_0_11_viv__parameterized3__4.
INFO: [Synth 8-3332] Sequential element (i_baseblox.i_baseblox_addsub/no_pipelining.the_addsub/i_lut6.i_lut6_addsub/i_q.i_simple.qreg/i_no_async_controls.output_reg[12]) is unused and will be removed from module c_addsub_v12_0_11_viv__parameterized3__4.
INFO: [Synth 8-3332] Sequential element (i_baseblox.i_baseblox_addsub/no_pipelining.the_addsub/i_lut6.i_lut6_addsub/i_q.i_simple.qreg/i_no_async_controls.output_reg[11]) is unused and will be removed from module c_addsub_v12_0_11_viv__parameterized3__4.
INFO: [Synth 8-3332] Sequential element (i_baseblox.i_baseblox_addsub/no_pipelining.the_addsub/i_lut6.i_lut6_addsub/i_q.i_simple.qreg/i_no_async_controls.output_reg[10]) is unused and will be removed from module c_addsub_v12_0_11_viv__parameterized3__4.
INFO: [Synth 8-3332] Sequential element (i_baseblox.i_baseblox_addsub/no_pipelining.the_addsub/i_lut6.i_lut6_addsub/i_q.i_simple.qreg/i_no_async_controls.output_reg[9]) is unused and will be removed from module c_addsub_v12_0_11_viv__parameterized3__4.
INFO: [Synth 8-3332] Sequential element (i_baseblox.i_baseblox_addsub/no_pipelining.the_addsub/i_lut6.i_lut6_addsub/i_q.i_simple.qreg/i_no_async_controls.output_reg[8]) is unused and will be removed from module c_addsub_v12_0_11_viv__parameterized3__4.
INFO: [Synth 8-3332] Sequential element (i_baseblox.i_baseblox_addsub/no_pipelining.the_addsub/i_lut6.i_lut6_addsub/i_q.i_simple.qreg/i_no_async_controls.output_reg[7]) is unused and will be removed from module c_addsub_v12_0_11_viv__parameterized3__4.
INFO: [Synth 8-3332] Sequential element (i_baseblox.i_baseblox_addsub/no_pipelining.the_addsub/i_lut6.i_lut6_addsub/i_q.i_simple.qreg/i_no_async_controls.output_reg[6]) is unused and will be removed from module c_addsub_v12_0_11_viv__parameterized3__4.
INFO: [Synth 8-3332] Sequential element (i_baseblox.i_baseblox_addsub/no_pipelining.the_addsub/i_lut6.i_lut6_addsub/i_q.i_simple.qreg/i_no_async_controls.output_reg[5]) is unused and will be removed from module c_addsub_v12_0_11_viv__parameterized3__4.
INFO: [Synth 8-3332] Sequential element (i_baseblox.i_baseblox_addsub/no_pipelining.the_addsub/i_lut6.i_lut6_addsub/i_q.i_simple.qreg/i_no_async_controls.output_reg[4]) is unused and will be removed from module c_addsub_v12_0_11_viv__parameterized3__4.
INFO: [Synth 8-3332] Sequential element (i_baseblox.i_baseblox_addsub/no_pipelining.the_addsub/i_lut6.i_lut6_addsub/i_q.i_simple.qreg/i_no_async_controls.output_reg[3]) is unused and will be removed from module c_addsub_v12_0_11_viv__parameterized3__4.
INFO: [Synth 8-3332] Sequential element (i_baseblox.i_baseblox_addsub/no_pipelining.the_addsub/i_lut6.i_lut6_addsub/i_q.i_simple.qreg/i_no_async_controls.output_reg[2]) is unused and will be removed from module c_addsub_v12_0_11_viv__parameterized3__4.
INFO: [Synth 8-3332] Sequential element (i_baseblox.i_baseblox_addsub/no_pipelining.the_addsub/i_lut6.i_lut6_addsub/i_q.i_simple.qreg/i_no_async_controls.output_reg[1]) is unused and will be removed from module c_addsub_v12_0_11_viv__parameterized3__4.
INFO: [Synth 8-3332] Sequential element (i_baseblox.i_baseblox_addsub/no_pipelining.the_addsub/i_lut6.i_lut6_addsub/i_q.i_simple.qreg/i_no_async_controls.output_reg[21]) is unused and will be removed from module c_addsub_v12_0_11_viv__parameterized3__5.
INFO: [Synth 8-3332] Sequential element (i_baseblox.i_baseblox_addsub/no_pipelining.the_addsub/i_lut6.i_lut6_addsub/i_q.i_simple.qreg/i_no_async_controls.output_reg[21]) is unused and will be removed from module c_addsub_v12_0_11_viv__parameterized3__6.
INFO: [Synth 8-3332] Sequential element (i_baseblox.i_baseblox_addsub/no_pipelining.the_addsub/i_lut6.i_lut6_addsub/i_q.i_simple.qreg/i_no_async_controls.output_reg[19]) is unused and will be removed from module c_addsub_v12_0_11_viv__parameterized3__6.
INFO: [Synth 8-3332] Sequential element (i_baseblox.i_baseblox_addsub/no_pipelining.the_addsub/i_lut6.i_lut6_addsub/i_q.i_simple.qreg/i_no_async_controls.output_reg[18]) is unused and will be removed from module c_addsub_v12_0_11_viv__parameterized3__6.
INFO: [Synth 8-3332] Sequential element (i_baseblox.i_baseblox_addsub/no_pipelining.the_addsub/i_lut6.i_lut6_addsub/i_q.i_simple.qreg/i_no_async_controls.output_reg[17]) is unused and will be removed from module c_addsub_v12_0_11_viv__parameterized3__6.
INFO: [Synth 8-3332] Sequential element (i_baseblox.i_baseblox_addsub/no_pipelining.the_addsub/i_lut6.i_lut6_addsub/i_q.i_simple.qreg/i_no_async_controls.output_reg[16]) is unused and will be removed from module c_addsub_v12_0_11_viv__parameterized3__6.
INFO: [Synth 8-3332] Sequential element (i_baseblox.i_baseblox_addsub/no_pipelining.the_addsub/i_lut6.i_lut6_addsub/i_q.i_simple.qreg/i_no_async_controls.output_reg[15]) is unused and will be removed from module c_addsub_v12_0_11_viv__parameterized3__6.
INFO: [Synth 8-3332] Sequential element (i_baseblox.i_baseblox_addsub/no_pipelining.the_addsub/i_lut6.i_lut6_addsub/i_q.i_simple.qreg/i_no_async_controls.output_reg[14]) is unused and will be removed from module c_addsub_v12_0_11_viv__parameterized3__6.
INFO: [Synth 8-3332] Sequential element (i_baseblox.i_baseblox_addsub/no_pipelining.the_addsub/i_lut6.i_lut6_addsub/i_q.i_simple.qreg/i_no_async_controls.output_reg[13]) is unused and will be removed from module c_addsub_v12_0_11_viv__parameterized3__6.
INFO: [Synth 8-3332] Sequential element (i_baseblox.i_baseblox_addsub/no_pipelining.the_addsub/i_lut6.i_lut6_addsub/i_q.i_simple.qreg/i_no_async_controls.output_reg[12]) is unused and will be removed from module c_addsub_v12_0_11_viv__parameterized3__6.
INFO: [Synth 8-3332] Sequential element (i_baseblox.i_baseblox_addsub/no_pipelining.the_addsub/i_lut6.i_lut6_addsub/i_q.i_simple.qreg/i_no_async_controls.output_reg[11]) is unused and will be removed from module c_addsub_v12_0_11_viv__parameterized3__6.
INFO: [Synth 8-3332] Sequential element (i_baseblox.i_baseblox_addsub/no_pipelining.the_addsub/i_lut6.i_lut6_addsub/i_q.i_simple.qreg/i_no_async_controls.output_reg[10]) is unused and will be removed from module c_addsub_v12_0_11_viv__parameterized3__6.
INFO: [Synth 8-3332] Sequential element (i_baseblox.i_baseblox_addsub/no_pipelining.the_addsub/i_lut6.i_lut6_addsub/i_q.i_simple.qreg/i_no_async_controls.output_reg[9]) is unused and will be removed from module c_addsub_v12_0_11_viv__parameterized3__6.
INFO: [Synth 8-3332] Sequential element (i_baseblox.i_baseblox_addsub/no_pipelining.the_addsub/i_lut6.i_lut6_addsub/i_q.i_simple.qreg/i_no_async_controls.output_reg[8]) is unused and will be removed from module c_addsub_v12_0_11_viv__parameterized3__6.
INFO: [Synth 8-3332] Sequential element (i_baseblox.i_baseblox_addsub/no_pipelining.the_addsub/i_lut6.i_lut6_addsub/i_q.i_simple.qreg/i_no_async_controls.output_reg[7]) is unused and will be removed from module c_addsub_v12_0_11_viv__parameterized3__6.
INFO: [Synth 8-3332] Sequential element (i_baseblox.i_baseblox_addsub/no_pipelining.the_addsub/i_lut6.i_lut6_addsub/i_q.i_simple.qreg/i_no_async_controls.output_reg[6]) is unused and will be removed from module c_addsub_v12_0_11_viv__parameterized3__6.
INFO: [Synth 8-3332] Sequential element (i_baseblox.i_baseblox_addsub/no_pipelining.the_addsub/i_lut6.i_lut6_addsub/i_q.i_simple.qreg/i_no_async_controls.output_reg[5]) is unused and will be removed from module c_addsub_v12_0_11_viv__parameterized3__6.
INFO: [Synth 8-3332] Sequential element (i_baseblox.i_baseblox_addsub/no_pipelining.the_addsub/i_lut6.i_lut6_addsub/i_q.i_simple.qreg/i_no_async_controls.output_reg[4]) is unused and will be removed from module c_addsub_v12_0_11_viv__parameterized3__6.
INFO: [Synth 8-3332] Sequential element (i_baseblox.i_baseblox_addsub/no_pipelining.the_addsub/i_lut6.i_lut6_addsub/i_q.i_simple.qreg/i_no_async_controls.output_reg[3]) is unused and will be removed from module c_addsub_v12_0_11_viv__parameterized3__6.
INFO: [Synth 8-3332] Sequential element (i_baseblox.i_baseblox_addsub/no_pipelining.the_addsub/i_lut6.i_lut6_addsub/i_q.i_simple.qreg/i_no_async_controls.output_reg[2]) is unused and will be removed from module c_addsub_v12_0_11_viv__parameterized3__6.
INFO: [Synth 8-3332] Sequential element (i_baseblox.i_baseblox_addsub/no_pipelining.the_addsub/i_lut6.i_lut6_addsub/i_q.i_simple.qreg/i_no_async_controls.output_reg[1]) is unused and will be removed from module c_addsub_v12_0_11_viv__parameterized3__6.
INFO: [Synth 8-3332] Sequential element (i_baseblox.i_baseblox_addsub/no_pipelining.the_addsub/i_lut6.i_lut6_addsub/i_q.i_simple.qreg/i_no_async_controls.output_reg[21]) is unused and will be removed from module c_addsub_v12_0_11_viv__parameterized3__7.
INFO: [Synth 8-3332] Sequential element (i_baseblox.i_baseblox_addsub/no_pipelining.the_addsub/i_lut6.i_lut6_addsub/i_q.i_simple.qreg/i_no_async_controls.output_reg[21]) is unused and will be removed from module c_addsub_v12_0_11_viv__parameterized3__8.
INFO: [Synth 8-3332] Sequential element (i_baseblox.i_baseblox_addsub/no_pipelining.the_addsub/i_lut6.i_lut6_addsub/i_q.i_simple.qreg/i_no_async_controls.output_reg[21]) is unused and will be removed from module c_addsub_v12_0_11_viv__parameterized3__10.
INFO: [Synth 8-3332] Sequential element (i_baseblox.i_baseblox_addsub/no_pipelining.the_addsub/i_lut6.i_lut6_addsub/i_q.i_simple.qreg/i_no_async_controls.output_reg[21]) is unused and will be removed from module c_addsub_v12_0_11_viv__parameterized3__11.
INFO: [Synth 8-3332] Sequential element (i_baseblox.i_baseblox_addsub/no_pipelining.the_addsub/i_lut6.i_lut6_addsub/i_q.i_simple.qreg/i_no_async_controls.output_reg[21]) is unused and will be removed from module c_addsub_v12_0_11_viv__parameterized3__12.
INFO: [Synth 8-3332] Sequential element (i_baseblox.i_baseblox_addsub/no_pipelining.the_addsub/i_lut6.i_lut6_addsub/i_q.i_simple.qreg/i_no_async_controls.output_reg[21]) is unused and will be removed from module c_addsub_v12_0_11_viv__parameterized3__13.
INFO: [Synth 8-3332] Sequential element (i_baseblox.i_baseblox_addsub/no_pipelining.the_addsub/i_lut6.i_lut6_addsub/i_q.i_simple.qreg/i_no_async_controls.output_reg[21]) is unused and will be removed from module c_addsub_v12_0_11_viv__parameterized3__14.
INFO: [Synth 8-3332] Sequential element (i_baseblox.i_baseblox_addsub/no_pipelining.the_addsub/i_lut6.i_lut6_addsub/i_q.i_simple.qreg/i_no_async_controls.output_reg[21]) is unused and will be removed from module c_addsub_v12_0_11_viv__parameterized3__15.
INFO: [Synth 8-3332] Sequential element (i_baseblox.i_baseblox_addsub/no_pipelining.the_addsub/i_lut6.i_lut6_addsub/i_q.i_simple.qreg/i_no_async_controls.output_reg[21]) is unused and will be removed from module c_addsub_v12_0_11_viv__parameterized3__16.
INFO: [Synth 8-3332] Sequential element (i_baseblox.i_baseblox_addsub/no_pipelining.the_addsub/i_lut6.i_lut6_addsub/i_q.i_simple.qreg/i_no_async_controls.output_reg[21]) is unused and will be removed from module c_addsub_v12_0_11_viv__parameterized3__17.
INFO: [Synth 8-3332] Sequential element (i_baseblox.i_baseblox_addsub/no_pipelining.the_addsub/i_lut6.i_lut6_addsub/i_q.i_simple.qreg/i_no_async_controls.output_reg[21]) is unused and will be removed from module c_addsub_v12_0_11_viv__parameterized3__18.
INFO: [Synth 8-3332] Sequential element (i_baseblox.i_baseblox_addsub/no_pipelining.the_addsub/i_lut6.i_lut6_addsub/i_q.i_simple.qreg/i_no_async_controls.output_reg[21]) is unused and will be removed from module c_addsub_v12_0_11_viv__parameterized3__19.
INFO: [Synth 8-3332] Sequential element (i_baseblox.i_baseblox_addsub/no_pipelining.the_addsub/i_lut6.i_lut6_addsub/i_q.i_simple.qreg/i_no_async_controls.output_reg[21]) is unused and will be removed from module c_addsub_v12_0_11_viv__parameterized3__20.
INFO: [Synth 8-3332] Sequential element (i_baseblox.i_baseblox_addsub/no_pipelining.the_addsub/i_lut6.i_lut6_addsub/i_q.i_simple.qreg/i_no_async_controls.output_reg[21]) is unused and will be removed from module c_addsub_v12_0_11_viv__parameterized3__21.
INFO: [Common 17-14] Message 'Synth 8-3332' appears 100 times and further instances of the messages will be disabled. Use the Tcl command set_msg_config to change the current settings.
---------------------------------------------------------------------------------
Finished Cross Boundary and Area Optimization : Time (s): cpu = 00:04:36 ; elapsed = 00:05:27 . Memory (MB): peak = 764.895 ; gain = 510.770
---------------------------------------------------------------------------------

Report RTL Partitions: 
+-+--------------+------------+----------+
| |RTL Partition |Replication |Instances |
+-+--------------+------------+----------+
+-+--------------+------------+----------+
---------------------------------------------------------------------------------
Start Applying XDC Timing Constraints
---------------------------------------------------------------------------------
---------------------------------------------------------------------------------
Finished Applying XDC Timing Constraints : Time (s): cpu = 00:05:32 ; elapsed = 00:06:31 . Memory (MB): peak = 764.895 ; gain = 510.770
---------------------------------------------------------------------------------
---------------------------------------------------------------------------------
Start Timing Optimization
---------------------------------------------------------------------------------
---------------------------------------------------------------------------------
Finished Timing Optimization : Time (s): cpu = 00:05:33 ; elapsed = 00:06:33 . Memory (MB): peak = 772.633 ; gain = 518.508
---------------------------------------------------------------------------------

Report RTL Partitions: 
+-+--------------+------------+----------+
| |RTL Partition |Replication |Instances |
+-+--------------+------------+----------+
+-+--------------+------------+----------+
---------------------------------------------------------------------------------
Start Technology Mapping
---------------------------------------------------------------------------------
---------------------------------------------------------------------------------
Finished Technology Mapping : Time (s): cpu = 00:05:40 ; elapsed = 00:06:40 . Memory (MB): peak = 784.750 ; gain = 530.625
---------------------------------------------------------------------------------

Report RTL Partitions: 
+-+--------------+------------+----------+
| |RTL Partition |Replication |Instances |
+-+--------------+------------+----------+
+-+--------------+------------+----------+
---------------------------------------------------------------------------------
Start IO Insertion
---------------------------------------------------------------------------------
---------------------------------------------------------------------------------
Start Flattening Before IO Insertion
---------------------------------------------------------------------------------
---------------------------------------------------------------------------------
Finished Flattening Before IO Insertion
---------------------------------------------------------------------------------
---------------------------------------------------------------------------------
Start Final Netlist Cleanup
---------------------------------------------------------------------------------
---------------------------------------------------------------------------------
Finished Final Netlist Cleanup
---------------------------------------------------------------------------------
---------------------------------------------------------------------------------
Finished IO Insertion : Time (s): cpu = 00:05:45 ; elapsed = 00:06:46 . Memory (MB): peak = 784.750 ; gain = 530.625
---------------------------------------------------------------------------------

Report Check Netlist: 
+------+------------------+-------+---------+-------+------------------+
|      |Item              |Errors |Warnings |Status |Description       |
+------+------------------+-------+---------+-------+------------------+
|1     |multi_driven_nets |      0|        0|Passed |Multi driven nets |
+------+------------------+-------+---------+-------+------------------+
---------------------------------------------------------------------------------
Start Renaming Generated Instances
---------------------------------------------------------------------------------
---------------------------------------------------------------------------------
Finished Renaming Generated Instances : Time (s): cpu = 00:05:46 ; elapsed = 00:06:47 . Memory (MB): peak = 784.750 ; gain = 530.625
---------------------------------------------------------------------------------

Report RTL Partitions: 
+-+--------------+------------+----------+
| |RTL Partition |Replication |Instances |
+-+--------------+------------+----------+
+-+--------------+------------+----------+
---------------------------------------------------------------------------------
Start Rebuilding User Hierarchy
---------------------------------------------------------------------------------
---------------------------------------------------------------------------------
Finished Rebuilding User Hierarchy : Time (s): cpu = 00:05:48 ; elapsed = 00:06:49 . Memory (MB): peak = 784.750 ; gain = 530.625
---------------------------------------------------------------------------------
---------------------------------------------------------------------------------
Start Renaming Generated Ports
---------------------------------------------------------------------------------
---------------------------------------------------------------------------------
Finished Renaming Generated Ports : Time (s): cpu = 00:05:48 ; elapsed = 00:06:49 . Memory (MB): peak = 784.750 ; gain = 530.625
---------------------------------------------------------------------------------
---------------------------------------------------------------------------------
Start Handling Custom Attributes
---------------------------------------------------------------------------------
---------------------------------------------------------------------------------
Finished Handling Custom Attributes : Time (s): cpu = 00:05:49 ; elapsed = 00:06:50 . Memory (MB): peak = 784.750 ; gain = 530.625
---------------------------------------------------------------------------------
---------------------------------------------------------------------------------
Start Renaming Generated Nets
---------------------------------------------------------------------------------
---------------------------------------------------------------------------------
Finished Renaming Generated Nets : Time (s): cpu = 00:05:49 ; elapsed = 00:06:50 . Memory (MB): peak = 784.750 ; gain = 530.625
---------------------------------------------------------------------------------
---------------------------------------------------------------------------------
Start Writing Synthesis Report
---------------------------------------------------------------------------------

Report BlackBoxes: 
+-+--------------+----------+
| |BlackBox name |Instances |
+-+--------------+----------+
+-+--------------+----------+

Report Cell Usage: 
+------+--------+------+
|      |Cell    |Count |
+------+--------+------+
|1     |LUT1    |    70|
|2     |LUT2    |   416|
|3     |LUT3    |   592|
|4     |LUT4    |    36|
|5     |LUT5    |     3|
|6     |LUT6    |    15|
|7     |MUXCY   |   971|
|8     |SRL16E  |     5|
|9     |SRLC32E |     1|
|10    |XORCY   |   917|
|11    |FDRE    |  1105|
+------+--------+------+
---------------------------------------------------------------------------------
Finished Writing Synthesis Report : Time (s): cpu = 00:05:49 ; elapsed = 00:06:50 . Memory (MB): peak = 784.750 ; gain = 530.625
---------------------------------------------------------------------------------
Synthesis finished with 0 errors, 0 critical warnings and 321 warnings.
Synthesis Optimization Runtime : Time (s): cpu = 00:02:12 ; elapsed = 00:05:43 . Memory (MB): peak = 784.750 ; gain = 207.645
Synthesis Optimization Complete : Time (s): cpu = 00:05:49 ; elapsed = 00:06:50 . Memory (MB): peak = 784.750 ; gain = 530.625
INFO: [Project 1-571] Translating synthesized netlist
INFO: [Netlist 29-17] Analyzing 1888 Unisim elements for replacement
INFO: [Netlist 29-28] Unisim Transformation completed in 0 CPU seconds
INFO: [Project 1-570] Preparing netlist for logic optimization
INFO: [Opt 31-138] Pushed 0 inverter(s) to 0 load pin(s).
INFO: [Project 1-111] Unisim Transformation Summary:
  A total of 265 instances were transformed.
  (MUXCY,XORCY) => CARRY4: 265 instances

INFO: [Common 17-83] Releasing license: Synthesis
167 Infos, 100 Warnings, 0 Critical Warnings and 0 Errors encountered.
synth_design completed successfully
synth_design: Time (s): cpu = 00:06:07 ; elapsed = 00:07:11 . Memory (MB): peak = 803.391 ; gain = 561.109
INFO: [Common 17-1381] The checkpoint 'E:/bildiri ve makaleler/kitap/fpga/uygulamalar/prj_bolum11_uyg2/prj_bolum11_uyg2.runs/cordic_SinCos_synth_1/Cordic_SinCos.dcp' has been generated.
write_checkpoint: Time (s): cpu = 00:00:07 ; elapsed = 00:00:06 . Memory (MB): peak = 803.391 ; gain = 0.000
write_vhdl: Time (s): cpu = 00:00:04 ; elapsed = 00:00:06 . Memory (MB): peak = 803.391 ; gain = 0.000
