#-----------------------------------------------------------
# Vivado v2017.4 (64-bit)
# SW Build 2086221 on Fri Dec 15 20:55:39 MST 2017
# IP Build 2085800 on Fri Dec 15 22:25:07 MST 2017
# Start of session at: Sat Jul 13 06:04:59 2019
# Process ID: 6352
# Current directory: E:/bildiri ve makaleler/kitap/fpga/uygulamalar/prj_bolum6_uyg8
# Command line: vivado.exe -gui_launcher_event rodinguilauncherevent2088 E:\bildiri ve makaleler\kitap\fpga\uygulamalar\prj_bolum6_uyg8\prj_bolum6_uyg8.xpr
# Log file: E:/bildiri ve makaleler/kitap/fpga/uygulamalar/prj_bolum6_uyg8/vivado.log
# Journal file: E:/bildiri ve makaleler/kitap/fpga/uygulamalar/prj_bolum6_uyg8\vivado.jou
#-----------------------------------------------------------
start_gui
open_project {E:/bildiri ve makaleler/kitap/fpga/uygulamalar/prj_bolum6_uyg8/prj_bolum6_uyg8.xpr}
Scanning sources...
Finished scanning sources
INFO: [IP_Flow 19-234] Refreshing IP repositories
INFO: [IP_Flow 19-1704] No user IP repositories specified
INFO: [IP_Flow 19-2313] Loaded Vivado IP repository 'C:/Xilinx/Vivado/2017.4/data/ip'.
open_project: Time (s): cpu = 00:00:51 ; elapsed = 00:00:25 . Memory (MB): peak = 729.195 ; gain = 29.934
update_compile_order -fileset sources_1
close_project
create_project prj_bolum6_uyg7 {E:/bildiri ve makaleler/kitap/fpga/uygulamalar/prj_bolum6_uyg7} -part xc7a100tcsg324-1
INFO: [IP_Flow 19-234] Refreshing IP repositories
INFO: [IP_Flow 19-1704] No user IP repositories specified
INFO: [IP_Flow 19-2313] Loaded Vivado IP repository 'C:/Xilinx/Vivado/2017.4/data/ip'.
create_project: Time (s): cpu = 00:00:40 ; elapsed = 00:00:29 . Memory (MB): peak = 760.477 ; gain = 4.004
file mkdir E:/bildiri ve makaleler/kitap/fpga/uygulamalar/prj_bolum6_uyg7/prj_bolum6_uyg7.srcs/sources_1/new
set_property target_language VHDL [current_project]
file mkdir E:/bildiri ve makaleler/kitap/fpga/uygulamalar/prj_bolum6_uyg7/prj_bolum6_uyg7.srcs/sources_1/new
file mkdir E:/bildiri ve makaleler/kitap/fpga/uygulamalar/prj_bolum6_uyg7/prj_bolum6_uyg7.srcs/sources_1/new
file mkdir {E:/bildiri ve makaleler/kitap/fpga/uygulamalar/prj_bolum6_uyg7/prj_bolum6_uyg7.srcs/sources_1/new}
close [ open {E:/bildiri ve makaleler/kitap/fpga/uygulamalar/prj_bolum6_uyg7/prj_bolum6_uyg7.srcs/sources_1/new/uyg67.vhd} w ]
add_files {{E:/bildiri ve makaleler/kitap/fpga/uygulamalar/prj_bolum6_uyg7/prj_bolum6_uyg7.srcs/sources_1/new/uyg67.vhd}}
update_compile_order -fileset sources_1
launch_simulation
INFO: [Vivado 12-5682] Launching behavioral simulation in 'E:/bildiri ve makaleler/kitap/fpga/uygulamalar/prj_bolum6_uyg7/prj_bolum6_uyg7.sim/sim_1/behav/xsim'
INFO: [SIM-utils-51] Simulation object is 'sim_1'
INFO: [SIM-utils-54] Inspecting design source files for 'uyg67' in fileset 'sim_1'...
INFO: [USF-XSim-97] Finding global include files...
INFO: [USF-XSim-98] Fetching design files from 'sim_1'...
INFO: [USF-XSim-2] XSim::Compile design
INFO: [USF-XSim-61] Executing 'COMPILE and ANALYZE' step in 'E:/bildiri ve makaleler/kitap/fpga/uygulamalar/prj_bolum6_uyg7/prj_bolum6_uyg7.sim/sim_1/behav/xsim'
"xvhdl --incr --relax -prj uyg67_vhdl.prj"
INFO: [VRFC 10-163] Analyzing VHDL file "E:/bildiri ve makaleler/kitap/fpga/uygulamalar/prj_bolum6_uyg7/prj_bolum6_uyg7.srcs/sources_1/new/uyg67.vhd" into library xil_defaultlib
INFO: [VRFC 10-307] analyzing entity uyg67
run_program: Time (s): cpu = 00:00:01 ; elapsed = 00:00:05 . Memory (MB): peak = 772.379 ; gain = 0.000
INFO: [USF-XSim-69] 'compile' step finished in '5' seconds
INFO: [USF-XSim-3] XSim::Elaborate design
INFO: [USF-XSim-61] Executing 'ELABORATE' step in 'E:/bildiri ve makaleler/kitap/fpga/uygulamalar/prj_bolum6_uyg7/prj_bolum6_uyg7.sim/sim_1/behav/xsim'
Vivado Simulator 2017.4
Copyright 1986-1999, 2001-2016 Xilinx, Inc. All Rights Reserved.
Running: C:/Xilinx/Vivado/2017.4/bin/unwrapped/win64.o/xelab.exe -wto 5f7105370eec4984a370d3abceb82fe8 --incr --debug typical --relax --mt 2 -L xil_defaultlib -L secureip --snapshot uyg67_behav xil_defaultlib.uyg67 -log elaborate.log 
Using 2 slave threads.
Starting static elaboration
Completed static elaboration
Starting simulation data flow analysis
Completed simulation data flow analysis
Time Resolution for simulation is 1ps
Compiling package std.standard
Compiling package std.textio
Compiling package ieee.std_logic_1164
Compiling package ieee.numeric_std
Compiling architecture behavioral of entity xil_defaultlib.uyg67
Built simulation snapshot uyg67_behav

****** Webtalk v2017.4 (64-bit)
  **** SW Build 2086221 on Fri Dec 15 20:55:39 MST 2017
  **** IP Build 2085800 on Fri Dec 15 22:25:07 MST 2017
    ** Copyright 1986-2017 Xilinx, Inc. All Rights Reserved.

source E:/bildiri -notrace
couldn't read file "E:/bildiri": permission denied
INFO: [Common 17-206] Exiting Webtalk at Sat Jul 13 06:47:58 2019...
run_program: Time (s): cpu = 00:00:04 ; elapsed = 00:00:14 . Memory (MB): peak = 772.379 ; gain = 0.000
INFO: [USF-XSim-69] 'elaborate' step finished in '14' seconds
INFO: [USF-XSim-4] XSim::Simulate design
INFO: [USF-XSim-61] Executing 'SIMULATE' step in 'E:/bildiri ve makaleler/kitap/fpga/uygulamalar/prj_bolum6_uyg7/prj_bolum6_uyg7.sim/sim_1/behav/xsim'
INFO: [USF-XSim-98] *** Running xsim
   with args "uyg67_behav -key {Behavioral:sim_1:Functional:uyg67} -tclbatch {uyg67.tcl} -log {simulate.log}"
INFO: [USF-XSim-8] Loading simulator feature
Vivado Simulator 2017.4
Time resolution is 1 ps
source uyg67.tcl
# set curr_wave [current_wave_config]
# if { [string length $curr_wave] == 0 } {
#   if { [llength [get_objects]] > 0} {
#     add_wave /
#     set_property needs_save false [current_wave_config]
#   } else {
#      send_msg_id Add_Wave-1 WARNING "No top level signals found. Simulator will start without a wave window. If you want to open a wave window go to 'File->New Waveform Configuration' or type 'create_wave_config' in the TCL console."
#   }
# }
# run 1000ns
xsim: Time (s): cpu = 00:00:17 ; elapsed = 00:00:08 . Memory (MB): peak = 785.523 ; gain = 13.145
INFO: [USF-XSim-96] XSim completed. Design snapshot 'uyg67_behav' loaded.
INFO: [USF-XSim-97] XSim simulation ran for 1000ns
launch_simulation: Time (s): cpu = 00:00:24 ; elapsed = 00:00:31 . Memory (MB): peak = 785.523 ; gain = 13.145
add_force {/uyg67/clk} -radix hex {0 0ns} {1 50000ps} -repeat_every 100000ps
add_force {/uyg67/rst} -radix hex {1 0ns}
add_force {/uyg67/gir} -radix hex {d2 0ns}
run 100 ns
add_force {/uyg67/rst} -radix hex {0 0ns}
run 100 ns
run 100 ns
run 100 ns
run 100 ns
close_sim
INFO: [Simtcl 6-16] Simulation closed
close_sim: Time (s): cpu = 00:00:03 ; elapsed = 00:00:11 . Memory (MB): peak = 801.391 ; gain = 0.000
exit
INFO: [Common 17-206] Exiting Vivado at Sun Jul 14 07:45:51 2019...
