#-----------------------------------------------------------
# Vivado v2017.4 (64-bit)
# SW Build 2086221 on Fri Dec 15 20:55:39 MST 2017
# IP Build 2085800 on Fri Dec 15 22:25:07 MST 2017
# Start of session at: Fri Jul 12 16:01:54 2019
# Process ID: 3144
# Current directory: E:/bildiri ve makaleler/kitap/fpga/uygulamalar/prj_bolum6_uyg8
# Command line: vivado.exe -gui_launcher_event rodinguilauncherevent1188 E:\bildiri ve makaleler\kitap\fpga\uygulamalar\prj_bolum6_uyg8\prj_bolum6_uyg8.xpr
# Log file: E:/bildiri ve makaleler/kitap/fpga/uygulamalar/prj_bolum6_uyg8/vivado.log
# Journal file: E:/bildiri ve makaleler/kitap/fpga/uygulamalar/prj_bolum6_uyg8\vivado.jou
#-----------------------------------------------------------
start_gui
open_project {E:/bildiri ve makaleler/kitap/fpga/uygulamalar/prj_bolum6_uyg8/prj_bolum6_uyg8.xpr}
Scanning sources...
Finished scanning sources
INFO: [IP_Flow 19-234] Refreshing IP repositories
INFO: [IP_Flow 19-1704] No user IP repositories specified
INFO: [IP_Flow 19-2313] Loaded Vivado IP repository 'C:/Xilinx/Vivado/2017.4/data/ip'.
open_project: Time (s): cpu = 00:00:48 ; elapsed = 00:00:20 . Memory (MB): peak = 759.453 ; gain = 42.352
update_compile_order -fileset sources_1
exit
INFO: [Common 17-206] Exiting Vivado at Fri Jul 12 16:51:44 2019...
