#-----------------------------------------------------------
# Vivado v2017.4 (64-bit)
# SW Build 2086221 on Fri Dec 15 20:55:39 MST 2017
# IP Build 2085800 on Fri Dec 15 22:25:07 MST 2017
# Start of session at: Thu Aug  8 17:02:04 2019
# Process ID: 1036
# Current directory: E:/bildiri ve makaleler/kitap/fpga/uygulamalar/prj_bolum9_uyg3
# Command line: vivado.exe -gui_launcher_event rodinguilauncherevent5540 E:\bildiri ve makaleler\kitap\fpga\uygulamalar\prj_bolum9_uyg3\prj_bolum9_uyg3.xpr
# Log file: E:/bildiri ve makaleler/kitap/fpga/uygulamalar/prj_bolum9_uyg3/vivado.log
# Journal file: E:/bildiri ve makaleler/kitap/fpga/uygulamalar/prj_bolum9_uyg3\vivado.jou
#-----------------------------------------------------------
start_gui
open_project {E:/bildiri ve makaleler/kitap/fpga/uygulamalar/prj_bolum9_uyg3/prj_bolum9_uyg3.xpr}
Scanning sources...
Finished scanning sources
INFO: [IP_Flow 19-234] Refreshing IP repositories
INFO: [IP_Flow 19-1704] No user IP repositories specified
INFO: [IP_Flow 19-2313] Loaded Vivado IP repository 'C:/Xilinx/Vivado/2017.4/data/ip'.
open_project: Time (s): cpu = 00:00:53 ; elapsed = 00:00:29 . Memory (MB): peak = 735.926 ; gain = 30.215
update_compile_order -fileset sources_1
