#-----------------------------------------------------------
# Vivado v2017.4 (64-bit)
# SW Build 2086221 on Fri Dec 15 20:55:39 MST 2017
# IP Build 2085800 on Fri Dec 15 22:25:07 MST 2017
# Start of session at: Thu Aug  8 08:33:56 2019
# Process ID: 9744
# Current directory: E:/bildiri ve makaleler/kitap/fpga/uygulamalar/prj_bolum9_uyg3
# Command line: vivado.exe -gui_launcher_event rodinguilauncherevent8604 E:\bildiri ve makaleler\kitap\fpga\uygulamalar\prj_bolum9_uyg3\prj_bolum9_uyg3.xpr
# Log file: E:/bildiri ve makaleler/kitap/fpga/uygulamalar/prj_bolum9_uyg3/vivado.log
# Journal file: E:/bildiri ve makaleler/kitap/fpga/uygulamalar/prj_bolum9_uyg3\vivado.jou
#-----------------------------------------------------------
start_gui
open_project {E:/bildiri ve makaleler/kitap/fpga/uygulamalar/prj_bolum9_uyg3/prj_bolum9_uyg3.xpr}
Scanning sources...
Finished scanning sources
INFO: [IP_Flow 19-234] Refreshing IP repositories
INFO: [IP_Flow 19-1704] No user IP repositories specified
INFO: [IP_Flow 19-2313] Loaded Vivado IP repository 'C:/Xilinx/Vivado/2017.4/data/ip'.
open_project: Time (s): cpu = 00:00:59 ; elapsed = 00:00:24 . Memory (MB): peak = 772.074 ; gain = 70.211
update_compile_order -fileset sources_1
launch_simulation
INFO: [Vivado 12-5682] Launching behavioral simulation in 'E:/bildiri ve makaleler/kitap/fpga/uygulamalar/prj_bolum9_uyg3/prj_bolum9_uyg3.sim/sim_1/behav/xsim'
INFO: [SIM-utils-51] Simulation object is 'sim_1'
INFO: [SIM-utils-54] Inspecting design source files for 'uyg903' in fileset 'sim_1'...
INFO: [USF-XSim-97] Finding global include files...
INFO: [USF-XSim-98] Fetching design files from 'sim_1'...
INFO: [USF-XSim-2] XSim::Compile design
INFO: [USF-XSim-61] Executing 'COMPILE and ANALYZE' step in 'E:/bildiri ve makaleler/kitap/fpga/uygulamalar/prj_bolum9_uyg3/prj_bolum9_uyg3.sim/sim_1/behav/xsim'
"xvhdl --incr --relax -prj uyg903_vhdl.prj"
INFO: [USF-XSim-69] 'compile' step finished in '4' seconds
INFO: [USF-XSim-3] XSim::Elaborate design
INFO: [USF-XSim-61] Executing 'ELABORATE' step in 'E:/bildiri ve makaleler/kitap/fpga/uygulamalar/prj_bolum9_uyg3/prj_bolum9_uyg3.sim/sim_1/behav/xsim'
Vivado Simulator 2017.4
Copyright 1986-1999, 2001-2016 Xilinx, Inc. All Rights Reserved.
Running: C:/Xilinx/Vivado/2017.4/bin/unwrapped/win64.o/xelab.exe -wto 3cfbb2e23e0642cc9694820901f2dc05 --incr --debug typical --relax --mt 2 -L xil_defaultlib -L secureip --snapshot uyg903_behav xil_defaultlib.uyg903 -log elaborate.log 
Using 2 slave threads.
Starting static elaboration
Completed static elaboration
INFO: [XSIM 43-4323] No Change in HDL. Linking previously generated obj files to create kernel
run_program: Time (s): cpu = 00:00:01 ; elapsed = 00:00:06 . Memory (MB): peak = 772.074 ; gain = 0.000
INFO: [USF-XSim-69] 'elaborate' step finished in '6' seconds
INFO: [USF-XSim-4] XSim::Simulate design
INFO: [USF-XSim-61] Executing 'SIMULATE' step in 'E:/bildiri ve makaleler/kitap/fpga/uygulamalar/prj_bolum9_uyg3/prj_bolum9_uyg3.sim/sim_1/behav/xsim'
INFO: [USF-XSim-98] *** Running xsim
   with args "uyg903_behav -key {Behavioral:sim_1:Functional:uyg903} -tclbatch {uyg903.tcl} -log {simulate.log}"
INFO: [USF-XSim-8] Loading simulator feature
Vivado Simulator 2017.4
Time resolution is 1 ps
source uyg903.tcl
# set curr_wave [current_wave_config]
# if { [string length $curr_wave] == 0 } {
#   if { [llength [get_objects]] > 0} {
#     add_wave /
#     set_property needs_save false [current_wave_config]
#   } else {
#      send_msg_id Add_Wave-1 WARNING "No top level signals found. Simulator will start without a wave window. If you want to open a wave window go to 'File->New Waveform Configuration' or type 'create_wave_config' in the TCL console."
#   }
# }
# run 1000ns
xsim: Time (s): cpu = 00:00:21 ; elapsed = 00:00:11 . Memory (MB): peak = 784.000 ; gain = 11.926
INFO: [USF-XSim-96] XSim completed. Design snapshot 'uyg903_behav' loaded.
INFO: [USF-XSim-97] XSim simulation ran for 1000ns
launch_simulation: Time (s): cpu = 00:00:28 ; elapsed = 00:00:26 . Memory (MB): peak = 784.000 ; gain = 11.926
add_force {/uyg903/clk} -radix hex {0 0ns} {1 50000ps} -repeat_every 100000ps
add_force {/uyg903/rst} -radix hex {0 0ns}
add_force {/uyg903/aktif} -radix hex {11 0ns}
ERROR: [Simtcl 6-179] Couldn't add force for the following reason: Illegal value '11': Object size 1 does not match size of given value 11.
add_force {/uyg903/aktif} -radix hex {1 0ns}
add_force {/uyg903/adres} -radix hex {5 0ns}
run 100 ns
add_force {/uyg903/adres} -radix hex {1 0ns}
run 100 ns
add_force {/uyg903/adres} -radix hex {e 0ns}
run 100 ns
add_force {/uyg903/adres} -radix hex {b 0ns}
run 100 ns
add_force {/uyg903/adres} -radix hex {8 0ns}
run 100 ns
add_force {/uyg903/adres} -radix hex {0 0ns}
add_force {/uyg903/aktif} -radix hex {0 0ns}
run 100 ns
add_force {/uyg903/aktif} -radix hex {1 0ns}
run 100 ns
add_force {/uyg903/rst} -radix hex {1 0ns}
add_force {/uyg903/adres} -radix hex {9 0ns}
run 100 ns
add_force {/uyg903/rst} -radix hex {0 0ns}
run 100 ns
synth_design -rtl -name rtl_1
Command: synth_design -rtl -name rtl_1
Starting synth_design
Using part: xc7a100tcsg324-1
Top: uyg903
---------------------------------------------------------------------------------
Starting RTL Elaboration : Time (s): cpu = 00:00:36 ; elapsed = 00:00:35 . Memory (MB): peak = 895.488 ; gain = 69.598
---------------------------------------------------------------------------------
INFO: [Synth 8-638] synthesizing module 'uyg903' [E:/bildiri ve makaleler/kitap/fpga/uygulamalar/prj_bolum9_uyg3/prj_bolum9_uyg3.srcs/sources_1/new/uyg903.vhd:22]
CRITICAL WARNING: [Synth 8-5550] found explicit dontcare in slice;  simulation mismatch may occur [E:/bildiri ve makaleler/kitap/fpga/uygulamalar/prj_bolum9_uyg3/prj_bolum9_uyg3.srcs/sources_1/new/uyg903.vhd:49]
CRITICAL WARNING: [Synth 8-5550] found explicit dontcare in slice;  simulation mismatch may occur [E:/bildiri ve makaleler/kitap/fpga/uygulamalar/prj_bolum9_uyg3/prj_bolum9_uyg3.srcs/sources_1/new/uyg903.vhd:50]
WARNING: [Synth 8-614] signal 'rst' is read in the process but is not in the sensitivity list [E:/bildiri ve makaleler/kitap/fpga/uygulamalar/prj_bolum9_uyg3/prj_bolum9_uyg3.srcs/sources_1/new/uyg903.vhd:42]
INFO: [Synth 8-256] done synthesizing module 'uyg903' (1#1) [E:/bildiri ve makaleler/kitap/fpga/uygulamalar/prj_bolum9_uyg3/prj_bolum9_uyg3.srcs/sources_1/new/uyg903.vhd:22]
---------------------------------------------------------------------------------
Finished RTL Elaboration : Time (s): cpu = 00:00:41 ; elapsed = 00:00:41 . Memory (MB): peak = 946.176 ; gain = 120.285
---------------------------------------------------------------------------------

Report Check Netlist: 
+------+------------------+-------+---------+-------+------------------+
|      |Item              |Errors |Warnings |Status |Description       |
+------+------------------+-------+---------+-------+------------------+
|1     |multi_driven_nets |      0|        0|Passed |Multi driven nets |
+------+------------------+-------+---------+-------+------------------+
---------------------------------------------------------------------------------
Finished RTL Optimization Phase 1 : Time (s): cpu = 00:00:41 ; elapsed = 00:00:43 . Memory (MB): peak = 946.176 ; gain = 120.285
---------------------------------------------------------------------------------
INFO: [Device 21-403] Loading part xc7a100tcsg324-1
INFO: [Project 1-570] Preparing netlist for logic optimization

Processing XDC Constraints
Initializing timing engine
Completed Processing XDC Constraints

INFO: [Opt 31-138] Pushed 0 inverter(s) to 0 load pin(s).
INFO: [Project 1-111] Unisim Transformation Summary:
No Unisim elements were transformed.

RTL Elaboration Complete:  : Time (s): cpu = 00:02:06 ; elapsed = 00:01:53 . Memory (MB): peak = 1313.266 ; gain = 487.375
6 Infos, 1 Warnings, 2 Critical Warnings and 0 Errors encountered.
synth_design completed successfully
synth_design: Time (s): cpu = 00:02:08 ; elapsed = 00:01:54 . Memory (MB): peak = 1313.266 ; gain = 487.375
close_sim
INFO: [Simtcl 6-16] Simulation closed
exit
INFO: [Common 17-206] Exiting Vivado at Thu Aug  8 10:18:09 2019...
