#-----------------------------------------------------------
# Vivado v2017.4 (64-bit)
# SW Build 2086221 on Fri Dec 15 20:55:39 MST 2017
# IP Build 2085800 on Fri Dec 15 22:25:07 MST 2017
# Start of session at: Thu Aug  8 08:33:56 2019
# Process ID: 9744
# Current directory: E:/bildiri ve makaleler/kitap/fpga/uygulamalar/prj_bolum9_uyg3
# Command line: vivado.exe -gui_launcher_event rodinguilauncherevent8604 E:\bildiri ve makaleler\kitap\fpga\uygulamalar\prj_bolum9_uyg3\prj_bolum9_uyg3.xpr
# Log file: E:/bildiri ve makaleler/kitap/fpga/uygulamalar/prj_bolum9_uyg3/vivado.log
# Journal file: E:/bildiri ve makaleler/kitap/fpga/uygulamalar/prj_bolum9_uyg3\vivado.jou
#-----------------------------------------------------------
start_gui
open_project {E:/bildiri ve makaleler/kitap/fpga/uygulamalar/prj_bolum9_uyg3/prj_bolum9_uyg3.xpr}
update_compile_order -fileset sources_1
launch_simulation
source uyg903.tcl
add_force {/uyg903/clk} -radix hex {0 0ns} {1 50000ps} -repeat_every 100000ps
add_force {/uyg903/rst} -radix hex {0 0ns}
add_force {/uyg903/aktif} -radix hex {11 0ns}
add_force {/uyg903/aktif} -radix hex {1 0ns}
add_force {/uyg903/adres} -radix hex {5 0ns}
run 100 ns
add_force {/uyg903/adres} -radix hex {1 0ns}
run 100 ns
add_force {/uyg903/adres} -radix hex {e 0ns}
run 100 ns
add_force {/uyg903/adres} -radix hex {b 0ns}
run 100 ns
add_force {/uyg903/adres} -radix hex {8 0ns}
run 100 ns
add_force {/uyg903/adres} -radix hex {0 0ns}
add_force {/uyg903/aktif} -radix hex {0 0ns}
run 100 ns
add_force {/uyg903/aktif} -radix hex {1 0ns}
run 100 ns
add_force {/uyg903/rst} -radix hex {1 0ns}
add_force {/uyg903/adres} -radix hex {9 0ns}
run 100 ns
add_force {/uyg903/rst} -radix hex {0 0ns}
run 100 ns
synth_design -rtl -name rtl_1
close_sim
