#-----------------------------------------------------------
# Vivado v2017.4 (64-bit)
# SW Build 2086221 on Fri Dec 15 20:55:39 MST 2017
# IP Build 2085800 on Fri Dec 15 22:25:07 MST 2017
# Start of session at: Wed Jul 31 19:36:33 2019
# Process ID: 996
# Current directory: E:/bildiri ve makaleler/kitap/fpga/uygulamalar/prj_bolum8_uyg1
# Command line: vivado.exe -gui_launcher_event rodinguilauncherevent3228 E:\bildiri ve makaleler\kitap\fpga\uygulamalar\prj_bolum8_uyg1\prj_bolum8_uyg1.xpr
# Log file: E:/bildiri ve makaleler/kitap/fpga/uygulamalar/prj_bolum8_uyg1/vivado.log
# Journal file: E:/bildiri ve makaleler/kitap/fpga/uygulamalar/prj_bolum8_uyg1\vivado.jou
#-----------------------------------------------------------
start_gui
open_project {E:/bildiri ve makaleler/kitap/fpga/uygulamalar/prj_bolum8_uyg1/prj_bolum8_uyg1.xpr}
Scanning sources...
Finished scanning sources
INFO: [IP_Flow 19-234] Refreshing IP repositories
INFO: [IP_Flow 19-1704] No user IP repositories specified
INFO: [IP_Flow 19-2313] Loaded Vivado IP repository 'C:/Xilinx/Vivado/2017.4/data/ip'.
open_project: Time (s): cpu = 00:00:53 ; elapsed = 00:00:26 . Memory (MB): peak = 737.512 ; gain = 31.711
update_compile_order -fileset sources_1
launch_simulation
INFO: [Vivado 12-5682] Launching behavioral simulation in 'E:/bildiri ve makaleler/kitap/fpga/uygulamalar/prj_bolum8_uyg1/prj_bolum8_uyg1.sim/sim_1/behav/xsim'
INFO: [SIM-utils-51] Simulation object is 'sim_1'
INFO: [SIM-utils-54] Inspecting design source files for 'uyg81' in fileset 'sim_1'...
INFO: [USF-XSim-97] Finding global include files...
INFO: [USF-XSim-98] Fetching design files from 'sim_1'...
INFO: [USF-XSim-2] XSim::Compile design
INFO: [USF-XSim-61] Executing 'COMPILE and ANALYZE' step in 'E:/bildiri ve makaleler/kitap/fpga/uygulamalar/prj_bolum8_uyg1/prj_bolum8_uyg1.sim/sim_1/behav/xsim'
"xvhdl --incr --relax -prj uyg81_vhdl.prj"
INFO: [VRFC 10-163] Analyzing VHDL file "E:/bildiri ve makaleler/kitap/fpga/uygulamalar/prj_bolum8_uyg1/prj_bolum8_uyg1.srcs/sources_1/new/uyg81.vhd" into library xil_defaultlib
INFO: [VRFC 10-307] analyzing entity uyg81
run_program: Time (s): cpu = 00:00:00 ; elapsed = 00:00:07 . Memory (MB): peak = 783.629 ; gain = 0.000
INFO: [USF-XSim-69] 'compile' step finished in '7' seconds
INFO: [USF-XSim-3] XSim::Elaborate design
INFO: [USF-XSim-61] Executing 'ELABORATE' step in 'E:/bildiri ve makaleler/kitap/fpga/uygulamalar/prj_bolum8_uyg1/prj_bolum8_uyg1.sim/sim_1/behav/xsim'
Vivado Simulator 2017.4
Copyright 1986-1999, 2001-2016 Xilinx, Inc. All Rights Reserved.
Running: C:/Xilinx/Vivado/2017.4/bin/unwrapped/win64.o/xelab.exe -wto 9de68db95b3b4c80b38a01a021c5aaa6 --incr --debug typical --relax --mt 2 -L xil_defaultlib -L secureip --snapshot uyg81_behav xil_defaultlib.uyg81 -log elaborate.log 
Using 2 slave threads.
Starting static elaboration
Completed static elaboration
Starting simulation data flow analysis
Completed simulation data flow analysis
Time Resolution for simulation is 1ps
Compiling package std.standard
Compiling package std.textio
Compiling package ieee.std_logic_1164
Compiling package ieee.std_logic_arith
Compiling package ieee.std_logic_unsigned
Compiling architecture behavioral of entity xil_defaultlib.uyg81
Built simulation snapshot uyg81_behav

****** Webtalk v2017.4 (64-bit)
  **** SW Build 2086221 on Fri Dec 15 20:55:39 MST 2017
  **** IP Build 2085800 on Fri Dec 15 22:25:07 MST 2017
    ** Copyright 1986-2017 Xilinx, Inc. All Rights Reserved.

source E:/bildiri -notrace
couldn't read file "E:/bildiri": permission denied
INFO: [Common 17-206] Exiting Webtalk at Wed Jul 31 22:56:31 2019...
run_program: Time (s): cpu = 00:00:01 ; elapsed = 00:00:17 . Memory (MB): peak = 783.629 ; gain = 0.000
INFO: [USF-XSim-69] 'elaborate' step finished in '17' seconds
INFO: [USF-XSim-4] XSim::Simulate design
INFO: [USF-XSim-61] Executing 'SIMULATE' step in 'E:/bildiri ve makaleler/kitap/fpga/uygulamalar/prj_bolum8_uyg1/prj_bolum8_uyg1.sim/sim_1/behav/xsim'
INFO: [USF-XSim-98] *** Running xsim
   with args "uyg81_behav -key {Behavioral:sim_1:Functional:uyg81} -tclbatch {uyg81.tcl} -log {simulate.log}"
INFO: [USF-XSim-8] Loading simulator feature
Vivado Simulator 2017.4
Time resolution is 1 ps
source uyg81.tcl
# set curr_wave [current_wave_config]
# if { [string length $curr_wave] == 0 } {
#   if { [llength [get_objects]] > 0} {
#     add_wave /
#     set_property needs_save false [current_wave_config]
#   } else {
#      send_msg_id Add_Wave-1 WARNING "No top level signals found. Simulator will start without a wave window. If you want to open a wave window go to 'File->New Waveform Configuration' or type 'create_wave_config' in the TCL console."
#   }
# }
# run 1000ns
xsim: Time (s): cpu = 00:00:25 ; elapsed = 00:00:12 . Memory (MB): peak = 804.824 ; gain = 21.195
INFO: [USF-XSim-96] XSim completed. Design snapshot 'uyg81_behav' loaded.
INFO: [USF-XSim-97] XSim simulation ran for 1000ns
launch_simulation: Time (s): cpu = 00:00:31 ; elapsed = 00:00:40 . Memory (MB): peak = 804.824 ; gain = 21.195
add_force {/uyg81/clk} -radix hex {0 0ns} {1 50000ps} -repeat_every 100000ps
add_force {/uyg81/rst} -radix hex {0 0ns}
add_force {/uyg81/s1} -radix hex {3 0ns}
add_force {/uyg81/s2} -radix hex {9 0ns}
run 100 ns
ERROR: Array sizes do not match, left array has 5 elements, right array has 4 elements
Time: 1050 ns  Iteration: 0  Process: /uyg81/line__25
  File: E:/bildiri ve makaleler/kitap/fpga/uygulamalar/prj_bolum8_uyg1/prj_bolum8_uyg1.srcs/sources_1/new/uyg81.vhd

HDL Line: E:/bildiri ve makaleler/kitap/fpga/uygulamalar/prj_bolum8_uyg1/prj_bolum8_uyg1.srcs/sources_1/new/uyg81.vhd:31
close_sim
INFO: [Simtcl 6-16] Simulation closed
close_sim: Time (s): cpu = 00:00:03 ; elapsed = 00:00:08 . Memory (MB): peak = 820.074 ; gain = 0.000
launch_simulation
INFO: [Vivado 12-5682] Launching behavioral simulation in 'E:/bildiri ve makaleler/kitap/fpga/uygulamalar/prj_bolum8_uyg1/prj_bolum8_uyg1.sim/sim_1/behav/xsim'
INFO: [SIM-utils-51] Simulation object is 'sim_1'
INFO: [SIM-utils-54] Inspecting design source files for 'uyg81' in fileset 'sim_1'...
INFO: [USF-XSim-97] Finding global include files...
INFO: [USF-XSim-98] Fetching design files from 'sim_1'...
INFO: [USF-XSim-2] XSim::Compile design
INFO: [USF-XSim-61] Executing 'COMPILE and ANALYZE' step in 'E:/bildiri ve makaleler/kitap/fpga/uygulamalar/prj_bolum8_uyg1/prj_bolum8_uyg1.sim/sim_1/behav/xsim'
"xvhdl --incr --relax -prj uyg81_vhdl.prj"
INFO: [VRFC 10-163] Analyzing VHDL file "E:/bildiri ve makaleler/kitap/fpga/uygulamalar/prj_bolum8_uyg1/prj_bolum8_uyg1.srcs/sources_1/new/uyg81.vhd" into library xil_defaultlib
INFO: [VRFC 10-307] analyzing entity uyg81
run_program: Time (s): cpu = 00:00:00 ; elapsed = 00:00:05 . Memory (MB): peak = 820.074 ; gain = 0.000
INFO: [USF-XSim-69] 'compile' step finished in '5' seconds
INFO: [USF-XSim-3] XSim::Elaborate design
INFO: [USF-XSim-61] Executing 'ELABORATE' step in 'E:/bildiri ve makaleler/kitap/fpga/uygulamalar/prj_bolum8_uyg1/prj_bolum8_uyg1.sim/sim_1/behav/xsim'
Vivado Simulator 2017.4
Copyright 1986-1999, 2001-2016 Xilinx, Inc. All Rights Reserved.
Running: C:/Xilinx/Vivado/2017.4/bin/unwrapped/win64.o/xelab.exe -wto 9de68db95b3b4c80b38a01a021c5aaa6 --incr --debug typical --relax --mt 2 -L xil_defaultlib -L secureip --snapshot uyg81_behav xil_defaultlib.uyg81 -log elaborate.log 
Using 2 slave threads.
Starting static elaboration
Completed static elaboration
Starting simulation data flow analysis
Completed simulation data flow analysis
Time Resolution for simulation is 1ps
Compiling package std.standard
Compiling package std.textio
Compiling package ieee.std_logic_1164
Compiling package ieee.std_logic_arith
Compiling package ieee.std_logic_unsigned
Compiling architecture behavioral of entity xil_defaultlib.uyg81
Built simulation snapshot uyg81_behav
run_program: Time (s): cpu = 00:00:02 ; elapsed = 00:00:07 . Memory (MB): peak = 820.074 ; gain = 0.000
INFO: [USF-XSim-69] 'elaborate' step finished in '7' seconds
INFO: [USF-XSim-4] XSim::Simulate design
INFO: [USF-XSim-61] Executing 'SIMULATE' step in 'E:/bildiri ve makaleler/kitap/fpga/uygulamalar/prj_bolum8_uyg1/prj_bolum8_uyg1.sim/sim_1/behav/xsim'
INFO: [USF-XSim-98] *** Running xsim
   with args "uyg81_behav -key {Behavioral:sim_1:Functional:uyg81} -tclbatch {uyg81.tcl} -log {simulate.log}"
INFO: [USF-XSim-8] Loading simulator feature
Vivado Simulator 2017.4
Time resolution is 1 ps
source uyg81.tcl
# set curr_wave [current_wave_config]
# if { [string length $curr_wave] == 0 } {
#   if { [llength [get_objects]] > 0} {
#     add_wave /
#     set_property needs_save false [current_wave_config]
#   } else {
#      send_msg_id Add_Wave-1 WARNING "No top level signals found. Simulator will start without a wave window. If you want to open a wave window go to 'File->New Waveform Configuration' or type 'create_wave_config' in the TCL console."
#   }
# }
# run 1000ns
xsim: Time (s): cpu = 00:00:12 ; elapsed = 00:00:07 . Memory (MB): peak = 820.074 ; gain = 0.000
INFO: [USF-XSim-96] XSim completed. Design snapshot 'uyg81_behav' loaded.
INFO: [USF-XSim-97] XSim simulation ran for 1000ns
launch_simulation: Time (s): cpu = 00:00:15 ; elapsed = 00:00:21 . Memory (MB): peak = 820.074 ; gain = 0.000
add_force {/uyg81/clk} -radix hex {0 0ns} {1 50000ps} -repeat_every 100000ps
add_force {/uyg81/rst} -radix hex {0 0ns}
add_force {/uyg81/s1} -radix hex {3 0ns}
add_force {/uyg81/s2} -radix hex {9 0ns}
run 100 ns
run 100 ns
add_force {/uyg81/s1} -radix hex {a 0ns}
run 100 ns
run 100 ns
synth_design -rtl -name rtl_1
Command: synth_design -rtl -name rtl_1
Starting synth_design
Using part: xc7a100tcsg324-1
Top: uyg81
---------------------------------------------------------------------------------
Starting RTL Elaboration : Time (s): cpu = 00:00:35 ; elapsed = 00:00:34 . Memory (MB): peak = 888.090 ; gain = 68.016
---------------------------------------------------------------------------------
INFO: [Synth 8-638] synthesizing module 'uyg81' [E:/bildiri ve makaleler/kitap/fpga/uygulamalar/prj_bolum8_uyg1/prj_bolum8_uyg1.srcs/sources_1/new/uyg81.vhd:22]
	Parameter n bound to: 4 - type: integer 
INFO: [Synth 8-256] done synthesizing module 'uyg81' (1#1) [E:/bildiri ve makaleler/kitap/fpga/uygulamalar/prj_bolum8_uyg1/prj_bolum8_uyg1.srcs/sources_1/new/uyg81.vhd:22]
---------------------------------------------------------------------------------
Finished RTL Elaboration : Time (s): cpu = 00:00:40 ; elapsed = 00:00:39 . Memory (MB): peak = 939.961 ; gain = 119.887
---------------------------------------------------------------------------------

Report Check Netlist: 
+------+------------------+-------+---------+-------+------------------+
|      |Item              |Errors |Warnings |Status |Description       |
+------+------------------+-------+---------+-------+------------------+
|1     |multi_driven_nets |      0|        0|Passed |Multi driven nets |
+------+------------------+-------+---------+-------+------------------+
---------------------------------------------------------------------------------
Finished RTL Optimization Phase 1 : Time (s): cpu = 00:00:41 ; elapsed = 00:00:41 . Memory (MB): peak = 939.961 ; gain = 119.887
---------------------------------------------------------------------------------
INFO: [Device 21-403] Loading part xc7a100tcsg324-1
INFO: [Project 1-570] Preparing netlist for logic optimization

Processing XDC Constraints
Initializing timing engine
Completed Processing XDC Constraints

INFO: [Opt 31-138] Pushed 0 inverter(s) to 0 load pin(s).
INFO: [Project 1-111] Unisim Transformation Summary:
No Unisim elements were transformed.

RTL Elaboration Complete:  : Time (s): cpu = 00:02:04 ; elapsed = 00:01:49 . Memory (MB): peak = 1312.574 ; gain = 492.500
6 Infos, 0 Warnings, 0 Critical Warnings and 0 Errors encountered.
synth_design completed successfully
synth_design: Time (s): cpu = 00:02:04 ; elapsed = 00:01:49 . Memory (MB): peak = 1312.574 ; gain = 492.500
add_force {/uyg81/s2} -radix hex {d 0ns}
run 100 ns
run 100 ns
close_sim
INFO: [Simtcl 6-16] Simulation closed
close_sim: Time (s): cpu = 00:00:05 ; elapsed = 00:00:06 . Memory (MB): peak = 1312.574 ; gain = 0.000
exit
INFO: [Common 17-206] Exiting Vivado at Thu Aug  1 07:48:07 2019...
