#-----------------------------------------------------------
# Vivado v2017.4 (64-bit)
# SW Build 2086221 on Fri Dec 15 20:55:39 MST 2017
# IP Build 2085800 on Fri Dec 15 22:25:07 MST 2017
# Start of session at: Wed Jul 31 19:36:33 2019
# Process ID: 996
# Current directory: E:/bildiri ve makaleler/kitap/fpga/uygulamalar/prj_bolum8_uyg1
# Command line: vivado.exe -gui_launcher_event rodinguilauncherevent3228 E:\bildiri ve makaleler\kitap\fpga\uygulamalar\prj_bolum8_uyg1\prj_bolum8_uyg1.xpr
# Log file: E:/bildiri ve makaleler/kitap/fpga/uygulamalar/prj_bolum8_uyg1/vivado.log
# Journal file: E:/bildiri ve makaleler/kitap/fpga/uygulamalar/prj_bolum8_uyg1\vivado.jou
#-----------------------------------------------------------
start_gui
open_project {E:/bildiri ve makaleler/kitap/fpga/uygulamalar/prj_bolum8_uyg1/prj_bolum8_uyg1.xpr}
update_compile_order -fileset sources_1
launch_simulation
source uyg81.tcl
add_force {/uyg81/clk} -radix hex {0 0ns} {1 50000ps} -repeat_every 100000ps
add_force {/uyg81/rst} -radix hex {0 0ns}
add_force {/uyg81/s1} -radix hex {3 0ns}
add_force {/uyg81/s2} -radix hex {9 0ns}
run 100 ns
close_sim
launch_simulation
source uyg81.tcl
add_force {/uyg81/clk} -radix hex {0 0ns} {1 50000ps} -repeat_every 100000ps
add_force {/uyg81/rst} -radix hex {0 0ns}
add_force {/uyg81/s1} -radix hex {3 0ns}
add_force {/uyg81/s2} -radix hex {9 0ns}
run 100 ns
run 100 ns
add_force {/uyg81/s1} -radix hex {a 0ns}
run 100 ns
run 100 ns
synth_design -rtl -name rtl_1
add_force {/uyg81/s2} -radix hex {d 0ns}
run 100 ns
run 100 ns
close_sim
