#-----------------------------------------------------------
# Vivado v2019.2 (64-bit)
# SW Build 2708876 on Wed Nov  6 21:40:23 MST 2019
# IP Build 2700528 on Thu Nov  7 00:09:20 MST 2019
# Start of session at: Sat Jan 21 09:11:46 2023
# Process ID: 11664
# Current directory: D:/USBbellek32GB/bildiri - makaleler - kitap - patent - proje/kitap/fpga ile gömülü sistemler/uygulamalar/prj_bolum10_uyg1
# Command line: vivado.exe -gui_launcher_event rodinguilauncherevent10612 D:\USBbellek32GB\bildiri - makaleler - kitap - patent - proje\kitap\fpga ile gömülü sistemler\uygulamalar\prj_bolum10_uyg1\prj_bolum10_uyg1.xpr
# Log file: D:/USBbellek32GB/bildiri - makaleler - kitap - patent - proje/kitap/fpga ile gömülü sistemler/uygulamalar/prj_bolum10_uyg1/vivado.log
# Journal file: D:/USBbellek32GB/bildiri - makaleler - kitap - patent - proje/kitap/fpga ile gömülü sistemler/uygulamalar/prj_bolum10_uyg1\vivado.jou
#-----------------------------------------------------------
start_gui
open_project {D:/USBbellek32GB/bildiri - makaleler - kitap - patent - proje/kitap/fpga ile gömülü sistemler/uygulamalar/prj_bolum10_uyg1/prj_bolum10_uyg1.xpr}
INFO: [ProjectBase 1-489] The host OS only allows 260 characters in a normal path. The project is stored in a path with more than 80 characters. If you experience issues with IP, Block Designs, or files not being found, please consider moving the project to a location with a shorter path. Alternately consider using the OS subst command to map part of the path to a drive letter.
Current project path is 'D:/USBbellek32GB/bildiri - makaleler - kitap - patent - proje/kitap/fpga ile gömülü sistemler/uygulamalar/prj_bolum10_uyg1'
INFO: [Project 1-313] Project file moved from 'E:/bildiri ve makaleler/kitap/fpga/uygulamalar/prj_bolum10_uyg1' since last save.
Scanning sources...
Finished scanning sources
INFO: [Project 1-230] Project 'prj_bolum10_uyg1.xpr' upgraded for this version of Vivado.
INFO: [IP_Flow 19-234] Refreshing IP repositories
INFO: [IP_Flow 19-1704] No user IP repositories specified
INFO: [IP_Flow 19-2313] Loaded Vivado IP repository 'C:/Xilinx/Vivado/2019.2/data/ip'.
update_compile_order -fileset sources_1
exit
INFO: [Common 17-206] Exiting Vivado at Sat Jan 21 09:18:37 2023...
