#-----------------------------------------------------------
# Vivado v2017.4 (64-bit)
# SW Build 2086221 on Fri Dec 15 20:55:39 MST 2017
# IP Build 2085800 on Fri Dec 15 22:25:07 MST 2017
# Start of session at: Wed Jul  3 14:14:08 2019
# Process ID: 4808
# Current directory: E:/bildiri ve makaleler/kitap/fpga/uygulamalar/prj_bolum3_uyg1
# Command line: vivado.exe -gui_launcher_event rodinguilauncherevent4324 E:\bildiri ve makaleler\kitap\fpga\uygulamalar\prj_bolum3_uyg1\prj_bolum3_uyg1.xpr
# Log file: E:/bildiri ve makaleler/kitap/fpga/uygulamalar/prj_bolum3_uyg1/vivado.log
# Journal file: E:/bildiri ve makaleler/kitap/fpga/uygulamalar/prj_bolum3_uyg1\vivado.jou
#-----------------------------------------------------------
start_gui
open_project {E:/bildiri ve makaleler/kitap/fpga/uygulamalar/prj_bolum3_uyg1/prj_bolum3_uyg1.xpr}
Scanning sources...
Finished scanning sources
INFO: [IP_Flow 19-234] Refreshing IP repositories
INFO: [IP_Flow 19-1704] No user IP repositories specified
INFO: [IP_Flow 19-2313] Loaded Vivado IP repository 'C:/Xilinx/Vivado/2017.4/data/ip'.
open_project: Time (s): cpu = 00:00:44 ; elapsed = 00:00:21 . Memory (MB): peak = 722.547 ; gain = 1.074
update_compile_order -fileset sources_1
close_project
create_project prj_bolum4_uyg1 {E:/bildiri ve makaleler/kitap/fpga/uygulamalar/prj_bolum4_uyg1} -part xc7a100tcsg324-1
INFO: [IP_Flow 19-234] Refreshing IP repositories
INFO: [IP_Flow 19-1704] No user IP repositories specified
INFO: [IP_Flow 19-2313] Loaded Vivado IP repository 'C:/Xilinx/Vivado/2017.4/data/ip'.
create_project: Time (s): cpu = 00:00:33 ; elapsed = 00:00:23 . Memory (MB): peak = 793.750 ; gain = 39.832
file mkdir E:/bildiri ve makaleler/kitap/fpga/uygulamalar/prj_bolum4_uyg1/prj_bolum4_uyg1.srcs/sources_1/new
set_property target_language VHDL [current_project]
file mkdir E:/bildiri ve makaleler/kitap/fpga/uygulamalar/prj_bolum4_uyg1/prj_bolum4_uyg1.srcs/sources_1/new
file mkdir E:/bildiri ve makaleler/kitap/fpga/uygulamalar/prj_bolum4_uyg1/prj_bolum4_uyg1.srcs/sources_1/new
file mkdir {E:/bildiri ve makaleler/kitap/fpga/uygulamalar/prj_bolum4_uyg1/prj_bolum4_uyg1.srcs/sources_1/new}
close [ open {E:/bildiri ve makaleler/kitap/fpga/uygulamalar/prj_bolum4_uyg1/prj_bolum4_uyg1.srcs/sources_1/new/Uyg41.vhd} w ]
add_files {{E:/bildiri ve makaleler/kitap/fpga/uygulamalar/prj_bolum4_uyg1/prj_bolum4_uyg1.srcs/sources_1/new/Uyg41.vhd}}
update_compile_order -fileset sources_1
launch_simulation
INFO: [Vivado 12-5682] Launching behavioral simulation in 'E:/bildiri ve makaleler/kitap/fpga/uygulamalar/prj_bolum4_uyg1/prj_bolum4_uyg1.sim/sim_1/behav/xsim'
INFO: [SIM-utils-51] Simulation object is 'sim_1'
INFO: [SIM-utils-54] Inspecting design source files for 'Uyg41' in fileset 'sim_1'...
INFO: [USF-XSim-97] Finding global include files...
INFO: [USF-XSim-98] Fetching design files from 'sim_1'...
INFO: [USF-XSim-2] XSim::Compile design
INFO: [USF-XSim-61] Executing 'COMPILE and ANALYZE' step in 'E:/bildiri ve makaleler/kitap/fpga/uygulamalar/prj_bolum4_uyg1/prj_bolum4_uyg1.sim/sim_1/behav/xsim'
"xvhdl --incr --relax -prj Uyg41_vhdl.prj"
INFO: [VRFC 10-163] Analyzing VHDL file "E:/bildiri ve makaleler/kitap/fpga/uygulamalar/prj_bolum4_uyg1/prj_bolum4_uyg1.srcs/sources_1/new/Uyg41.vhd" into library xil_defaultlib
INFO: [VRFC 10-307] analyzing entity Uyg41
run_program: Time (s): cpu = 00:00:01 ; elapsed = 00:00:06 . Memory (MB): peak = 793.750 ; gain = 0.000
INFO: [USF-XSim-69] 'compile' step finished in '6' seconds
INFO: [USF-XSim-3] XSim::Elaborate design
INFO: [USF-XSim-61] Executing 'ELABORATE' step in 'E:/bildiri ve makaleler/kitap/fpga/uygulamalar/prj_bolum4_uyg1/prj_bolum4_uyg1.sim/sim_1/behav/xsim'
Vivado Simulator 2017.4
Copyright 1986-1999, 2001-2016 Xilinx, Inc. All Rights Reserved.
Running: C:/Xilinx/Vivado/2017.4/bin/unwrapped/win64.o/xelab.exe -wto 4d2f836128d94b4e87021626af13e697 --incr --debug typical --relax --mt 2 -L xil_defaultlib -L secureip --snapshot Uyg41_behav xil_defaultlib.Uyg41 -log elaborate.log 
Using 2 slave threads.
Starting static elaboration
Completed static elaboration
Starting simulation data flow analysis
Completed simulation data flow analysis
Time Resolution for simulation is 1ps
Compiling package std.standard
Compiling package std.textio
Compiling package ieee.std_logic_1164
Compiling architecture behavioral of entity xil_defaultlib.uyg41
Built simulation snapshot Uyg41_behav

****** Webtalk v2017.4 (64-bit)
  **** SW Build 2086221 on Fri Dec 15 20:55:39 MST 2017
  **** IP Build 2085800 on Fri Dec 15 22:25:07 MST 2017
    ** Copyright 1986-2017 Xilinx, Inc. All Rights Reserved.

source E:/bildiri -notrace
couldn't read file "E:/bildiri": permission denied
INFO: [Common 17-206] Exiting Webtalk at Wed Jul  3 15:55:30 2019...
run_program: Time (s): cpu = 00:00:01 ; elapsed = 00:00:15 . Memory (MB): peak = 793.750 ; gain = 0.000
INFO: [USF-XSim-69] 'elaborate' step finished in '14' seconds
INFO: [USF-XSim-4] XSim::Simulate design
INFO: [USF-XSim-61] Executing 'SIMULATE' step in 'E:/bildiri ve makaleler/kitap/fpga/uygulamalar/prj_bolum4_uyg1/prj_bolum4_uyg1.sim/sim_1/behav/xsim'
INFO: [USF-XSim-98] *** Running xsim
   with args "Uyg41_behav -key {Behavioral:sim_1:Functional:Uyg41} -tclbatch {Uyg41.tcl} -log {simulate.log}"
INFO: [USF-XSim-8] Loading simulator feature
Vivado Simulator 2017.4
Time resolution is 1 ps
source Uyg41.tcl
# set curr_wave [current_wave_config]
# if { [string length $curr_wave] == 0 } {
#   if { [llength [get_objects]] > 0} {
#     add_wave /
#     set_property needs_save false [current_wave_config]
#   } else {
#      send_msg_id Add_Wave-1 WARNING "No top level signals found. Simulator will start without a wave window. If you want to open a wave window go to 'File->New Waveform Configuration' or type 'create_wave_config' in the TCL console."
#   }
# }
# run 1000ns
xsim: Time (s): cpu = 00:00:14 ; elapsed = 00:00:08 . Memory (MB): peak = 793.750 ; gain = 0.000
INFO: [USF-XSim-96] XSim completed. Design snapshot 'Uyg41_behav' loaded.
INFO: [USF-XSim-97] XSim simulation ran for 1000ns
launch_simulation: Time (s): cpu = 00:00:19 ; elapsed = 00:00:34 . Memory (MB): peak = 793.750 ; gain = 0.000
add_force {/Uyg41/clk} -radix hex {0 0ns} {1 50000ps} -repeat_every 100000ps
add_force {/Uyg41/rst} -radix hex {0 0ns}
add_force {/Uyg41/sayi_16b} -radix hex {12c6 0ns}
run 100 ns
add_force {/Uyg41/rst} -radix hex {1 0ns}
run 100 ns
run 100 ns
add_force {/Uyg41/rst} -radix hex {0 0ns}
run 100 ns
close_sim
INFO: [Simtcl 6-16] Simulation closed
close_sim: Time (s): cpu = 00:00:03 ; elapsed = 00:00:10 . Memory (MB): peak = 798.539 ; gain = 0.000
exit
INFO: [Common 17-206] Exiting Vivado at Wed Jul  3 17:02:18 2019...
