#-----------------------------------------------------------
# Vivado v2017.4 (64-bit)
# SW Build 2086221 on Fri Dec 15 20:55:39 MST 2017
# IP Build 2085800 on Fri Dec 15 22:25:07 MST 2017
# Start of session at: Tue Jul  2 20:44:58 2019
# Process ID: 128
# Current directory: E:/bildiri ve makaleler/kitap/fpga/uygulamalar/prj_bolum3_uyg1
# Command line: vivado.exe -gui_launcher_event rodinguilauncherevent1408 E:\bildiri ve makaleler\kitap\fpga\uygulamalar\prj_bolum3_uyg1\prj_bolum3_uyg1.xpr
# Log file: E:/bildiri ve makaleler/kitap/fpga/uygulamalar/prj_bolum3_uyg1/vivado.log
# Journal file: E:/bildiri ve makaleler/kitap/fpga/uygulamalar/prj_bolum3_uyg1\vivado.jou
#-----------------------------------------------------------
start_gui
open_project {E:/bildiri ve makaleler/kitap/fpga/uygulamalar/prj_bolum3_uyg1/prj_bolum3_uyg1.xpr}
INFO: [Project 1-313] Project file moved from 'E:/bildiri ve makaleler/kitap/uygulamalar/prj_bolum3_uyg1' since last save.
Scanning sources...
Finished scanning sources
INFO: [IP_Flow 19-234] Refreshing IP repositories
INFO: [IP_Flow 19-1704] No user IP repositories specified
INFO: [IP_Flow 19-2313] Loaded Vivado IP repository 'C:/Xilinx/Vivado/2017.4/data/ip'.
open_project: Time (s): cpu = 00:00:42 ; elapsed = 00:00:23 . Memory (MB): peak = 714.793 ; gain = 18.375
update_compile_order -fileset sources_1
launch_simulation
INFO: [Vivado 12-5682] Launching behavioral simulation in 'E:/bildiri ve makaleler/kitap/fpga/uygulamalar/prj_bolum3_uyg1/prj_bolum3_uyg1.sim/sim_1/behav/xsim'
INFO: [SIM-utils-51] Simulation object is 'sim_1'
INFO: [SIM-utils-54] Inspecting design source files for 'Uyg01' in fileset 'sim_1'...
INFO: [USF-XSim-97] Finding global include files...
INFO: [USF-XSim-98] Fetching design files from 'sim_1'...
INFO: [USF-XSim-2] XSim::Compile design
INFO: [USF-XSim-61] Executing 'COMPILE and ANALYZE' step in 'E:/bildiri ve makaleler/kitap/fpga/uygulamalar/prj_bolum3_uyg1/prj_bolum3_uyg1.sim/sim_1/behav/xsim'
"xvhdl --incr --relax -prj Uyg01_vhdl.prj"
INFO: [VRFC 10-163] Analyzing VHDL file "E:/bildiri ve makaleler/kitap/fpga/uygulamalar/prj_bolum3_uyg1/prj_bolum3_uyg1.srcs/sources_1/new/Uyg01.vhd" into library xil_defaultlib
INFO: [VRFC 10-307] analyzing entity Uyg01
run_program: Time (s): cpu = 00:00:01 ; elapsed = 00:00:06 . Memory (MB): peak = 762.664 ; gain = 0.000
INFO: [USF-XSim-69] 'compile' step finished in '6' seconds
INFO: [USF-XSim-3] XSim::Elaborate design
INFO: [USF-XSim-61] Executing 'ELABORATE' step in 'E:/bildiri ve makaleler/kitap/fpga/uygulamalar/prj_bolum3_uyg1/prj_bolum3_uyg1.sim/sim_1/behav/xsim'
Vivado Simulator 2017.4
Copyright 1986-1999, 2001-2016 Xilinx, Inc. All Rights Reserved.
Running: C:/Xilinx/Vivado/2017.4/bin/unwrapped/win64.o/xelab.exe -wto 662ea4e0d9cc4ac4ab695a3dd6a96109 --incr --debug typical --relax --mt 2 -L xil_defaultlib -L secureip --snapshot Uyg01_behav xil_defaultlib.Uyg01 -log elaborate.log 
Using 2 slave threads.
Starting static elaboration
Completed static elaboration
Starting simulation data flow analysis
Completed simulation data flow analysis
Time Resolution for simulation is 1ps
Compiling package std.standard
Compiling package std.textio
Compiling package ieee.std_logic_1164
Compiling architecture behavioral of entity xil_defaultlib.uyg01
Built simulation snapshot Uyg01_behav
run_program: Time (s): cpu = 00:00:03 ; elapsed = 00:00:12 . Memory (MB): peak = 762.664 ; gain = 0.000
INFO: [USF-XSim-69] 'elaborate' step finished in '12' seconds
INFO: [USF-XSim-4] XSim::Simulate design
INFO: [USF-XSim-61] Executing 'SIMULATE' step in 'E:/bildiri ve makaleler/kitap/fpga/uygulamalar/prj_bolum3_uyg1/prj_bolum3_uyg1.sim/sim_1/behav/xsim'
INFO: [USF-XSim-98] *** Running xsim
   with args "Uyg01_behav -key {Behavioral:sim_1:Functional:Uyg01} -tclbatch {Uyg01.tcl} -log {simulate.log}"
INFO: [USF-XSim-8] Loading simulator feature
Vivado Simulator 2017.4
Time resolution is 1 ps
source Uyg01.tcl
# set curr_wave [current_wave_config]
# if { [string length $curr_wave] == 0 } {
#   if { [llength [get_objects]] > 0} {
#     add_wave /
#     set_property needs_save false [current_wave_config]
#   } else {
#      send_msg_id Add_Wave-1 WARNING "No top level signals found. Simulator will start without a wave window. If you want to open a wave window go to 'File->New Waveform Configuration' or type 'create_wave_config' in the TCL console."
#   }
# }
# run 1000ns
xsim: Time (s): cpu = 00:00:21 ; elapsed = 00:00:09 . Memory (MB): peak = 765.867 ; gain = 3.203
INFO: [USF-XSim-96] XSim completed. Design snapshot 'Uyg01_behav' loaded.
INFO: [USF-XSim-97] XSim simulation ran for 1000ns
launch_simulation: Time (s): cpu = 00:00:31 ; elapsed = 00:00:32 . Memory (MB): peak = 765.867 ; gain = 3.203
add_force {/Uyg01/rst} -radix hex {0 0ns}
add_force {/Uyg01/s1} -radix hex {42 0ns}
add_force {/Uyg01/s1} -radix hex {17 0ns}
add_force {/Uyg01/s2} -radix hex {2b 0ns}
run 100 ns
run: Time (s): cpu = 00:00:04 ; elapsed = 00:00:06 . Memory (MB): peak = 795.211 ; gain = 0.000
add_force {/Uyg01/clk} -radix hex {0 0ns} {1 50000ps} -repeat_every 100000ps
run 100 ns
run: Time (s): cpu = 00:00:01 ; elapsed = 00:00:06 . Memory (MB): peak = 795.211 ; gain = 0.000
add_force {/Uyg01/clk} -radix hex {0 0ns} {1 50000ps} -repeat_every 100000ps
run 100 ns
run: Time (s): cpu = 00:00:01 ; elapsed = 00:00:06 . Memory (MB): peak = 795.211 ; gain = 0.000
run 1000 ns
run: Time (s): cpu = 00:00:01 ; elapsed = 00:00:06 . Memory (MB): peak = 795.211 ; gain = 0.000
add_force {/Uyg01/clk} -radix hex {0 0ns} {1 5000ps} -repeat_every 10000ps
run 100 ns
run: Time (s): cpu = 00:00:01 ; elapsed = 00:00:06 . Memory (MB): peak = 795.211 ; gain = 0.000
close_sim
