Vivado Simulator 2017.4
Copyright 1986-1999, 2001-2016 Xilinx, Inc. All Rights Reserved.
Running: C:/Xilinx/Vivado/2017.4/bin/unwrapped/win64.o/xelab.exe -wto 3affe53038ad417eb6fcd8b534937da2 --incr --debug typical --relax --mt 2 -L xil_defaultlib -L secureip --snapshot uyg111_behav xil_defaultlib.uyg111 -log elaborate.log 
Using 2 slave threads.
Starting static elaboration
Completed static elaboration
Starting simulation data flow analysis
Completed simulation data flow analysis
Time Resolution for simulation is 1ps
Compiling package std.standard
Compiling package std.textio
Compiling package ieee.std_logic_1164
Compiling package xil_defaultlib.fixed_float_types
Compiling package xil_defaultlib.math_utility_pkg
Compiling package ieee.numeric_std
Compiling package xil_defaultlib.fixed_pkg
Compiling package ieee.math_real
Compiling package xil_defaultlib.float_pkg
Compiling architecture behavioral of entity xil_defaultlib.uyg111
Built simulation snapshot uyg111_behav
