#-----------------------------------------------------------
# Vivado v2017.4 (64-bit)
# SW Build 2086221 on Fri Dec 15 20:55:39 MST 2017
# IP Build 2085800 on Fri Dec 15 22:25:07 MST 2017
# Start of session at: Tue Jul  9 11:04:57 2019
# Process ID: 2244
# Current directory: E:/bildiri ve makaleler/kitap/fpga/uygulamalar/prj_bolum5_uyg5
# Command line: vivado.exe -gui_launcher_event rodinguilauncherevent952 E:\bildiri ve makaleler\kitap\fpga\uygulamalar\prj_bolum5_uyg5\prj_bolum5_uyg5.xpr
# Log file: E:/bildiri ve makaleler/kitap/fpga/uygulamalar/prj_bolum5_uyg5/vivado.log
# Journal file: E:/bildiri ve makaleler/kitap/fpga/uygulamalar/prj_bolum5_uyg5\vivado.jou
#-----------------------------------------------------------
start_gui
open_project {E:/bildiri ve makaleler/kitap/fpga/uygulamalar/prj_bolum5_uyg5/prj_bolum5_uyg5.xpr}
Scanning sources...
Finished scanning sources
INFO: [IP_Flow 19-234] Refreshing IP repositories
INFO: [IP_Flow 19-1704] No user IP repositories specified
INFO: [IP_Flow 19-2313] Loaded Vivado IP repository 'C:/Xilinx/Vivado/2017.4/data/ip'.
open_project: Time (s): cpu = 00:00:54 ; elapsed = 00:00:25 . Memory (MB): peak = 739.887 ; gain = 55.582
update_compile_order -fileset sources_1
launch_simulation
INFO: [Vivado 12-5682] Launching behavioral simulation in 'E:/bildiri ve makaleler/kitap/fpga/uygulamalar/prj_bolum5_uyg5/prj_bolum5_uyg5.sim/sim_1/behav/xsim'
INFO: [SIM-utils-51] Simulation object is 'sim_1'
INFO: [SIM-utils-54] Inspecting design source files for 'uyg55' in fileset 'sim_1'...
INFO: [USF-XSim-97] Finding global include files...
INFO: [USF-XSim-98] Fetching design files from 'sim_1'...
INFO: [USF-XSim-2] XSim::Compile design
INFO: [USF-XSim-61] Executing 'COMPILE and ANALYZE' step in 'E:/bildiri ve makaleler/kitap/fpga/uygulamalar/prj_bolum5_uyg5/prj_bolum5_uyg5.sim/sim_1/behav/xsim'
"xvhdl --incr --relax -prj uyg55_vhdl.prj"
INFO: [VRFC 10-163] Analyzing VHDL file "E:/bildiri ve makaleler/kitap/fpga/uygulamalar/prj_bolum5_uyg5/prj_bolum5_uyg5.srcs/sources_1/new/uyg55.vhd" into library xil_defaultlib
INFO: [VRFC 10-307] analyzing entity uyg55
run_program: Time (s): cpu = 00:00:01 ; elapsed = 00:00:05 . Memory (MB): peak = 786.363 ; gain = 0.000
INFO: [USF-XSim-69] 'compile' step finished in '5' seconds
INFO: [USF-XSim-3] XSim::Elaborate design
INFO: [USF-XSim-61] Executing 'ELABORATE' step in 'E:/bildiri ve makaleler/kitap/fpga/uygulamalar/prj_bolum5_uyg5/prj_bolum5_uyg5.sim/sim_1/behav/xsim'
Vivado Simulator 2017.4
Copyright 1986-1999, 2001-2016 Xilinx, Inc. All Rights Reserved.
Running: C:/Xilinx/Vivado/2017.4/bin/unwrapped/win64.o/xelab.exe -wto ab3a3086e46649698794b11c8966e34c --incr --debug typical --relax --mt 2 -L xil_defaultlib -L secureip --snapshot uyg55_behav xil_defaultlib.uyg55 -log elaborate.log 
Using 2 slave threads.
Starting static elaboration
Completed static elaboration
Starting simulation data flow analysis
Completed simulation data flow analysis
Time Resolution for simulation is 1ps
Compiling package std.standard
Compiling package std.textio
Compiling package ieee.std_logic_1164
Compiling package ieee.std_logic_arith
Compiling architecture behavioral of entity xil_defaultlib.uyg55
Built simulation snapshot uyg55_behav

****** Webtalk v2017.4 (64-bit)
  **** SW Build 2086221 on Fri Dec 15 20:55:39 MST 2017
  **** IP Build 2085800 on Fri Dec 15 22:25:07 MST 2017
    ** Copyright 1986-2017 Xilinx, Inc. All Rights Reserved.

source E:/bildiri -notrace
couldn't read file "E:/bildiri": permission denied
INFO: [Common 17-206] Exiting Webtalk at Tue Jul  9 19:00:48 2019...
run_program: Time (s): cpu = 00:00:01 ; elapsed = 00:00:15 . Memory (MB): peak = 786.363 ; gain = 0.000
INFO: [USF-XSim-69] 'elaborate' step finished in '14' seconds
INFO: [USF-XSim-4] XSim::Simulate design
INFO: [USF-XSim-61] Executing 'SIMULATE' step in 'E:/bildiri ve makaleler/kitap/fpga/uygulamalar/prj_bolum5_uyg5/prj_bolum5_uyg5.sim/sim_1/behav/xsim'
INFO: [USF-XSim-98] *** Running xsim
   with args "uyg55_behav -key {Behavioral:sim_1:Functional:uyg55} -tclbatch {uyg55.tcl} -log {simulate.log}"
INFO: [USF-XSim-8] Loading simulator feature
Vivado Simulator 2017.4
Time resolution is 1 ps
source uyg55.tcl
# set curr_wave [current_wave_config]
# if { [string length $curr_wave] == 0 } {
#   if { [llength [get_objects]] > 0} {
#     add_wave /
#     set_property needs_save false [current_wave_config]
#   } else {
#      send_msg_id Add_Wave-1 WARNING "No top level signals found. Simulator will start without a wave window. If you want to open a wave window go to 'File->New Waveform Configuration' or type 'create_wave_config' in the TCL console."
#   }
# }
# run 1000ns
xsim: Time (s): cpu = 00:00:24 ; elapsed = 00:00:09 . Memory (MB): peak = 798.711 ; gain = 12.348
INFO: [USF-XSim-96] XSim completed. Design snapshot 'uyg55_behav' loaded.
INFO: [USF-XSim-97] XSim simulation ran for 1000ns
launch_simulation: Time (s): cpu = 00:00:29 ; elapsed = 00:00:33 . Memory (MB): peak = 798.711 ; gain = 12.348
add_force {/uyg55/clk} -radix hex {0 0ns} {1 50000ps} -repeat_every 100000ps
add_force {/uyg55/rst} -radix hex {0 0ns}
add_force {/uyg55/sayi} -radix hex {a2863cd1 0ns}
run 100 ns
add_force {/uyg55/rst} -radix hex {1 0ns}
run 100 ns
add_force {/uyg55/sayi} -radix hex {19ce3647 0ns}
add_force {/uyg55/rst} -radix hex {0 0ns}
run 100 ns
close_sim
INFO: [Simtcl 6-16] Simulation closed
close_sim: Time (s): cpu = 00:00:02 ; elapsed = 00:00:09 . Memory (MB): peak = 798.711 ; gain = 0.000
launch_simulation
INFO: [Vivado 12-5682] Launching behavioral simulation in 'E:/bildiri ve makaleler/kitap/fpga/uygulamalar/prj_bolum5_uyg5/prj_bolum5_uyg5.sim/sim_1/behav/xsim'
INFO: [SIM-utils-51] Simulation object is 'sim_1'
INFO: [SIM-utils-54] Inspecting design source files for 'uyg55' in fileset 'sim_1'...
INFO: [USF-XSim-97] Finding global include files...
INFO: [USF-XSim-98] Fetching design files from 'sim_1'...
INFO: [USF-XSim-2] XSim::Compile design
INFO: [USF-XSim-61] Executing 'COMPILE and ANALYZE' step in 'E:/bildiri ve makaleler/kitap/fpga/uygulamalar/prj_bolum5_uyg5/prj_bolum5_uyg5.sim/sim_1/behav/xsim'
"xvhdl --incr --relax -prj uyg55_vhdl.prj"
INFO: [VRFC 10-163] Analyzing VHDL file "E:/bildiri ve makaleler/kitap/fpga/uygulamalar/prj_bolum5_uyg5/prj_bolum5_uyg5.srcs/sources_1/new/uyg55.vhd" into library xil_defaultlib
INFO: [VRFC 10-307] analyzing entity uyg55
INFO: [USF-XSim-69] 'compile' step finished in '5' seconds
INFO: [USF-XSexit
INFO: [Common 17-206] Exiting Vivado at Wed Jul 10 00:04:35 2019...
ep in 'E:/bildiri ve makaleler/kitap/fpga/uygulamalar/prj_bolum5_uyg5/prj_bolum5_uyg5.sim/sim_1/behav/xsim'
Vivado Simulator 2017.4
Copyright 1986-1999, 2001-2016 Xilinx, Inc. All Rights Reserved.
Running: C:/Xilinx/Vivado/2017.4/bin/unwrapped/win64.o/xelab.exe -wto ab3a3086e46649698794b11c8966e34c --incr --debug typical --relax --mt 2 -L xil_defaultlib -L secureip --snapshot uyg55_behav xil_defaultlib.uyg55 -log elaborate.log 
Using 2 slave threads.
Starting static elaboration
Completed static elaboration
Starting simulation data flow analysis
Completed simulation data flow analysis
Time Resolution for simulation is 1ps
Compiling package std.standard
Compiling package std.textio
Compiling package ieee.std_logic_1164
Compiling package ieee.std_logic_arith
Compiling architecture behavioral of entity xil_defaultlib.uyg55
Built simulation snapshot uyg55_behav
run_program: Time (s): cpu = 00:00:00 ; elapsed = 00:00:06 . Memory (MB): peak = 798.711 ; gain = 0.000
INFO: [USF-XSim-69] 'elaborate' step finished in '6' seconds
INFO: [USF-XSim-4] XSim::Simulate design
INFO: [USF-XSim-61] Executing 'SIMULATE' step in 'E:/bildiri ve makaleler/kitap/fpga/uygulamalar/prj_bolum5_uyg5/prj_bolum5_uyg5.sim/sim_1/behav/xsim'
INFO: [USF-XSim-98] *** Running xsim
   with args "uyg55_behav -key {Behavioral:sim_1:Functional:uyg55} -tclbatch {uyg55.tcl} -log {simulate.log}"
INFO: [USF-XSim-8] Loading simulator feature
Vivado Simulator 2017.4
Time resolution is 1 ps
source uyg55.tcl
# set curr_wave [current_wave_config]
# if { [string length $curr_wave] == 0 } {
#   if { [llength [get_objects]] > 0} {
#     add_wave /
#     set_property needs_save false [current_wave_config]
#   } else {
#      send_msg_id Add_Wave-1 WARNING "No top level signals found. Simulator will start without a wave window. If you want to open a wave window go to 'File->New Waveform Configuration' or type 'create_wave_config' in the TCL console."
#   }
# }
# run 1000ns
xsim: Time (s): cpu = 00:00:07 ; elapsed = 00:00:05 . Memory (MB): peak = 798.711 ; gain = 0.000
INFO: [USF-XSim-96] XSim completed. Design snapshot 'uyg55_behav' loaded.
INFO: [USF-XSim-97] XSim simulation ran for 1000ns
launch_simulation: Time (s): cpu = 00:00:09 ; elapsed = 00:00:18 . Memory (MB): peak = 798.711 ; gain = 0.000
add_force {/uyg55/clk} -radix hex {0 0ns} {1 50000ps} -repeat_every 100000ps
add_force {/uyg55/rst} -radix hex {0 0ns}
add_force {/uyg55/sayi} -radix hex {6a7c182e 0ns}
run 100 ns
add_force {/uyg55/rst} -radix hex {1 0ns}
run 100 ns
add_force {/uyg55/rst} -radix hex {0 0ns}
add_force {/uyg55/sayi} -radix hex {16de880c 0ns}
run 100 ns
close_sim
INFO: [Simtcl 6-16] Simulation closed
launch_simulation
INFO: [Vivado 12-5682] Launching behavioral simulation in 'E:/bildiri ve makaleler/kitap/fpga/uygulamalar/prj_bolum5_uyg5/prj_bolum5_uyg5.sim/sim_1/behav/xsim'
INFO: [SIM-utils-51] Simulation object is 'sim_1'
INFO: [SIM-utils-54] Inspecting design source files for 'uyg55' in fileset 'sim_1'...
INFO: [USF-XSim-97] Finding global include files...
INFO: [USF-XSim-98] Fetching design files from 'sim_1'...
INFO: [USF-XSim-2] XSim::Compile design
INFO: [USF-XSim-61] Executing 'COMPILE and ANALYZE' step in 'E:/bildiri ve makaleler/kitap/fpga/uygulamalar/prj_bolum5_uyg5/prj_bolum5_uyg5.sim/sim_1/behav/xsim'
"xvhdl --incr --relax -prj uyg55_vhdl.prj"
INFO: [VRFC 10-163] Analyzing VHDL file "E:/bildiri ve makaleler/kitap/fpga/uygulamalar/prj_bolum5_uyg5/prj_bolum5_uyg5.srcs/sources_1/new/uyg55.vhd" into library xil_defaultlib
INFO: [VRFC 10-307] analyzing entity uyg55
INFO: [USF-XSim-69] 'compile' step finished in '5' seconds
INFO: [USF-XSim-3] XSim::Elaborate design
INFO: [USF-XSim-61] Executing 'ELABORATE' step in 'E:/bildiri ve makaleler/kitap/fpga/uygulamalar/prj_bolum5_uyg5/prj_bolum5_uyg5.sim/sim_1/behav/xsim'
Vivado Simulator 2017.4
Copyright 1986-1999, 2001-2016 Xilinx, Inc. All Rights Reserved.
Running: C:/Xilinx/Vivado/2017.4/bin/unwrapped/win64.o/xelab.exe -wto ab3a3086e46649698794b11c8966e34c --incr --debug typical --relax --mt 2 -L xil_defaultlib -L secureip --snapshot uyg55_behav xil_defaultlib.uyg55 -log elaborate.log 
Using 2 slave threads.
Starting static elaboration
Completed static elaboration
Starting simulation data flow analysis
Completed simulation data flow analysis
Time Resolution for simulation is 1ps
Compiling package std.standard
Compiling package std.textio
Compiling package ieee.std_logic_1164
Compiling package ieee.std_logic_arith
Compiling architecture behavioral of entity xil_defaultlib.uyg55
Built simulation snapshot uyg55_behav
run_program: Time (s): cpu = 00:00:00 ; elapsed = 00:00:07 . Memory (MB): peak = 798.711 ; gain = 0.000
INFO: [USF-XSim-69] 'elaborate' step finished in '7' seconds
INFO: [USF-XSim-4] XSim::Simulate design
INFO: [USF-XSim-61] Executing 'SIMULATE' step in 'E:/bildiri ve makaleler/kitap/fpga/uygulamalar/prj_bolum5_uyg5/prj_bolum5_uyg5.sim/sim_1/behav/xsim'
INFO: [USF-XSim-98] *** Running xsim
   with args "uyg55_behav -key {Behavioral:sim_1:Functional:uyg55} -tclbatch {uyg55.tcl} -log {simulate.log}"
INFO: [USF-XSim-8] Loading simulator feature
Vivado Simulator 2017.4
Time resolution is 1 ps
source uyg55.tcl
# set curr_wave [current_wave_config]
# if { [string length $curr_wave] == 0 } {
#   if { [llength [get_objects]] > 0} {
#     add_wave /
#     set_property needs_save false [current_wave_config]
#   } else {
#      send_msg_id Add_Wave-1 WARNING "No top level signals found. Simulator will start without a wave window. If you want to open a wave window go to 'File->New Waveform Configuration' or type 'create_wave_config' in the TCL console."
#   }
# }
# run 1000ns
INFO: [USF-XSim-96] XSim completed. Design snapshot 'uyg55_behav' loaded.
INFO: [USF-XSim-97] XSim simulation ran for 1000ns
launch_simulation: Time (s): cpu = 00:00:09 ; elapsed = 00:00:18 . Memory (MB): peak = 798.711 ; gain = 0.000
add_force {/uyg55/clk} -radix hex {0 0ns} {1 50000ps} -repeat_every 100000ps
add_force {/uyg55/rst} -radix hex {0 0ns}
add_force {/uyg55/sayi} -radix hex {19038ab2e 0ns}
ERROR: [Simtcl 6-179] Couldn't add force for the following reason: Illegal value '19038ab2e': Object size 32 does not match size of given value 19038ab2e.
add_force {/uyg55/sayi} -radix hex {19038ab2 0ns}
run 100 ns
add_force {/uyg55/rst} -radix hex {1 0ns}
run 100 ns
add_force {/uyg55/rst} -radix hex {0 0ns}
add_force {/uyg55/sayi} -radix hex {cc26bb81 0ns}
run 100 ns
close_sim
INFO: [Simtcl 6-16] Simulation closed
synth_design -rtl -name rtl_1
Command: synth_design -rtl -name rtl_1
Starting synth_design
Using part: xc7a100tcsg324-1
Top: uyg55
---------------------------------------------------------------------------------
Starting RTL Elaboration : Time (s): cpu = 00:00:43 ; elapsed = 00:00:40 . Memory (MB): peak = 879.961 ; gain = 81.250
---------------------------------------------------------------------------------
INFO: [Synth 8-638] synthesizing module 'uyg55' [E:/bildiri ve makaleler/kitap/fpga/uygulamalar/prj_bolum5_uyg5/prj_bolum5_uyg5.srcs/sources_1/new/uyg55.vhd:18]
ERROR: [Synth 8-3380] loop condition does not converge after 2000 iterations [E:/bildiri ve makaleler/kitap/fpga/uygulamalar/prj_bolum5_uyg5/prj_bolum5_uyg5.srcs/sources_1/new/uyg55.vhd:31]
ERROR: [Synth 8-285] failed synthesizing module 'uyg55' [E:/bildiri ve makaleler/kitap/fpga/uygulamalar/prj_bolum5_uyg5/prj_bolum5_uyg5.srcs/sources_1/new/uyg55.vhd:18]
---------------------------------------------------------------------------------
Finished RTL Elaboration : Time (s): cpu = 00:03:14 ; elapsed = 00:03:34 . Memory (MB): peak = 4254.563 ; gain = 3455.852
---------------------------------------------------------------------------------
RTL Elaboration failed
1 Infos, 0 Warnings, 0 Critical Warnings and 3 Errors encountered.
synth_design failed
ERROR: [Vivado_Tcl 4-5] Elaboration failed - please see the console for details
exit
INFO: [Common 17-206] Exiting Vivado at Wed Jul 10 00:04:15 2019...
