#-----------------------------------------------------------
# Vivado v2017.4 (64-bit)
# SW Build 2086221 on Fri Dec 15 20:55:39 MST 2017
# IP Build 2085800 on Fri Dec 15 22:25:07 MST 2017
# Start of session at: Mon Aug 12 11:23:31 2019
# Process ID: 2212
# Current directory: E:/bildiri ve makaleler/kitap/fpga/uygulamalar/prj_bolum10_uyg1_
# Command line: vivado.exe -gui_launcher_event rodinguilauncherevent3856 E:\bildiri ve makaleler\kitap\fpga\uygulamalar\prj_bolum10_uyg1_\prj_bolum10_uyg1_.xpr
# Log file: E:/bildiri ve makaleler/kitap/fpga/uygulamalar/prj_bolum10_uyg1_/vivado.log
# Journal file: E:/bildiri ve makaleler/kitap/fpga/uygulamalar/prj_bolum10_uyg1_\vivado.jou
#-----------------------------------------------------------
start_gui
open_project {E:/bildiri ve makaleler/kitap/fpga/uygulamalar/prj_bolum10_uyg1_/prj_bolum10_uyg1_.xpr}
Scanning sources...
Finished scanning sources
INFO: [IP_Flow 19-234] Refreshing IP repositories
INFO: [IP_Flow 19-1704] No user IP repositories specified
INFO: [IP_Flow 19-2313] Loaded Vivado IP repository 'C:/Xilinx/Vivado/2017.4/data/ip'.
open_project: Time (s): cpu = 00:00:56 ; elapsed = 00:00:27 . Memory (MB): peak = 745.441 ; gain = 64.148
update_compile_order -fileset sources_1
exit
INFO: [Common 17-206] Exiting Vivado at Mon Aug 12 20:57:53 2019...
