#-----------------------------------------------------------
# Vivado v2019.2 (64-bit)
# SW Build 2708876 on Wed Nov  6 21:40:23 MST 2019
# IP Build 2700528 on Thu Nov  7 00:09:20 MST 2019
# Start of session at: Sat Jan 21 09:09:09 2023
# Process ID: 16184
# Current directory: D:/USBbellek32GB/bildiri - makaleler - kitap - patent - proje/kitap/fpga ile gömülü sistemler/uygulamalar/prj_bolum10_uyg1_
# Command line: vivado.exe -gui_launcher_event rodinguilauncherevent14768 D:\USBbellek32GB\bildiri - makaleler - kitap - patent - proje\kitap\fpga ile gömülü sistemler\uygulamalar\prj_bolum10_uyg1_\prj_bolum10_uyg1_.xpr
# Log file: D:/USBbellek32GB/bildiri - makaleler - kitap - patent - proje/kitap/fpga ile gömülü sistemler/uygulamalar/prj_bolum10_uyg1_/vivado.log
# Journal file: D:/USBbellek32GB/bildiri - makaleler - kitap - patent - proje/kitap/fpga ile gömülü sistemler/uygulamalar/prj_bolum10_uyg1_\vivado.jou
#-----------------------------------------------------------
start_gui
open_project {D:/USBbellek32GB/bildiri - makaleler - kitap - patent - proje/kitap/fpga ile gömülü sistemler/uygulamalar/prj_bolum10_uyg1_/prj_bolum10_uyg1_.xpr}
INFO: [ProjectBase 1-489] The host OS only allows 260 characters in a normal path. The project is stored in a path with more than 80 characters. If you experience issues with IP, Block Designs, or files not being found, please consider moving the project to a location with a shorter path. Alternately consider using the OS subst command to map part of the path to a drive letter.
Current project path is 'D:/USBbellek32GB/bildiri - makaleler - kitap - patent - proje/kitap/fpga ile gömülü sistemler/uygulamalar/prj_bolum10_uyg1_'
INFO: [Project 1-313] Project file moved from 'E:/bildiri ve makaleler/kitap/fpga/uygulamalar/prj_bolum10_uyg1_' since last save.
Scanning sources...
Finished scanning sources
INFO: [Project 1-230] Project 'prj_bolum10_uyg1_.xpr' upgraded for this version of Vivado.
INFO: [IP_Flow 19-234] Refreshing IP repositories
INFO: [IP_Flow 19-1704] No user IP repositories specified
INFO: [IP_Flow 19-2313] Loaded Vivado IP repository 'C:/Xilinx/Vivado/2019.2/data/ip'.
update_compile_order -fileset sources_1
synth_design -rtl -name rtl_1
Command: synth_design -rtl -name rtl_1
Starting synth_design
Using part: xc7a100tcsg324-1
Top: uyg101
INFO: [Device 21-403] Loading part xc7a100tcsg324-1
---------------------------------------------------------------------------------
Starting RTL Elaboration : Time (s): cpu = 00:00:04 ; elapsed = 00:00:05 . Memory (MB): peak = 1257.652 ; gain = 215.988
---------------------------------------------------------------------------------
INFO: [Synth 8-638] synthesizing module 'uyg101' [D:/USBbellek32GB/bildiri - makaleler - kitap - patent - proje/kitap/fpga ile gömülü sistemler/uygulamalar/prj_bolum10_uyg1_/prj_bolum10_uyg1_.srcs/sources_1/new/uyg101.vhd:21]
	Parameter bitx bound to: 8 - type: integer 
	Parameter adr_bits bound to: 4 - type: integer 
	Parameter bitx bound to: 8 - type: integer 
	Parameter adr_bits bound to: 4 - type: integer 
INFO: [Synth 8-3491] module 'blokRAM' declared at 'D:/USBbellek32GB/bildiri - makaleler - kitap - patent - proje/kitap/fpga ile gömülü sistemler/uygulamalar/prj_bolum10_uyg1_/prj_bolum10_uyg1_.srcs/sources_1/imports/new/blokRAM.vhd:10' bound to instance 'RAM' of component 'blokRAM' [D:/USBbellek32GB/bildiri - makaleler - kitap - patent - proje/kitap/fpga ile gömülü sistemler/uygulamalar/prj_bolum10_uyg1_/prj_bolum10_uyg1_.srcs/sources_1/new/uyg101.vhd:86]
INFO: [Synth 8-638] synthesizing module 'blokRAM' [D:/USBbellek32GB/bildiri - makaleler - kitap - patent - proje/kitap/fpga ile gömülü sistemler/uygulamalar/prj_bolum10_uyg1_/prj_bolum10_uyg1_.srcs/sources_1/imports/new/blokRAM.vhd:27]
	Parameter bitx bound to: 8 - type: integer 
	Parameter adr_bits bound to: 4 - type: integer 
INFO: [Synth 8-256] done synthesizing module 'blokRAM' (1#1) [D:/USBbellek32GB/bildiri - makaleler - kitap - patent - proje/kitap/fpga ile gömülü sistemler/uygulamalar/prj_bolum10_uyg1_/prj_bolum10_uyg1_.srcs/sources_1/imports/new/blokRAM.vhd:27]
INFO: [Synth 8-3491] module 'dosyadanOKU' declared at 'D:/USBbellek32GB/bildiri - makaleler - kitap - patent - proje/kitap/fpga ile gömülü sistemler/uygulamalar/prj_bolum10_uyg1_/prj_bolum10_uyg1_.srcs/sources_1/imports/new/dosyadanOKU.vhd:9' bound to instance 'DOSYA_OKU' of component 'dosyadanOKU' [D:/USBbellek32GB/bildiri - makaleler - kitap - patent - proje/kitap/fpga ile gömülü sistemler/uygulamalar/prj_bolum10_uyg1_/prj_bolum10_uyg1_.srcs/sources_1/new/uyg101.vhd:102]
INFO: [Synth 8-638] synthesizing module 'dosyadanOKU' [D:/USBbellek32GB/bildiri - makaleler - kitap - patent - proje/kitap/fpga ile gömülü sistemler/uygulamalar/prj_bolum10_uyg1_/prj_bolum10_uyg1_.srcs/sources_1/imports/new/dosyadanOKU.vhd:18]
ERROR: [Synth 8-3302] unable to open file 'c:\tahlil_hasta.txt' in 'r' mode [D:/USBbellek32GB/bildiri - makaleler - kitap - patent - proje/kitap/fpga ile gömülü sistemler/uygulamalar/prj_bolum10_uyg1_/prj_bolum10_uyg1_.srcs/sources_1/imports/new/dosyadanOKU.vhd:23]
ERROR: [Synth 8-285] failed synthesizing module 'dosyadanOKU' [D:/USBbellek32GB/bildiri - makaleler - kitap - patent - proje/kitap/fpga ile gömülü sistemler/uygulamalar/prj_bolum10_uyg1_/prj_bolum10_uyg1_.srcs/sources_1/imports/new/dosyadanOKU.vhd:18]
ERROR: [Synth 8-285] failed synthesizing module 'uyg101' [D:/USBbellek32GB/bildiri - makaleler - kitap - patent - proje/kitap/fpga ile gömülü sistemler/uygulamalar/prj_bolum10_uyg1_/prj_bolum10_uyg1_.srcs/sources_1/new/uyg101.vhd:21]
---------------------------------------------------------------------------------
Finished RTL Elaboration : Time (s): cpu = 00:00:05 ; elapsed = 00:00:06 . Memory (MB): peak = 1329.926 ; gain = 288.262
---------------------------------------------------------------------------------
RTL Elaboration failed
7 Infos, 0 Warnings, 0 Critical Warnings and 4 Errors encountered.
synth_design failed
ERROR: [Vivado_Tcl 4-5] Elaboration failed - please see the console for details
exit
INFO: [Common 17-206] Exiting Vivado at Sat Jan 21 09:18:43 2023...
