#-----------------------------------------------------------
# Vivado v2019.2 (64-bit)
# SW Build 2708876 on Wed Nov  6 21:40:23 MST 2019
# IP Build 2700528 on Thu Nov  7 00:09:20 MST 2019
# Start of session at: Sat Jan 21 11:31:23 2023
# Process ID: 13640
# Current directory: D:/USBbellek32GB/bildiri - makaleler - kitap - patent - proje/kitap/fpga ile gömülü sistemler/uygulamalar/prj_bolum10_uyg1_
# Command line: vivado.exe -gui_launcher_event rodinguilauncherevent9952 D:\USBbellek32GB\bildiri - makaleler - kitap - patent - proje\kitap\fpga ile gömülü sistemler\uygulamalar\prj_bolum10_uyg1_\prj_bolum10_uyg1_.xpr
# Log file: D:/USBbellek32GB/bildiri - makaleler - kitap - patent - proje/kitap/fpga ile gömülü sistemler/uygulamalar/prj_bolum10_uyg1_/vivado.log
# Journal file: D:/USBbellek32GB/bildiri - makaleler - kitap - patent - proje/kitap/fpga ile gömülü sistemler/uygulamalar/prj_bolum10_uyg1_\vivado.jou
#-----------------------------------------------------------
start_gui
open_project {D:/USBbellek32GB/bildiri - makaleler - kitap - patent - proje/kitap/fpga ile gömülü sistemler/uygulamalar/prj_bolum10_uyg1_/prj_bolum10_uyg1_.xpr}
INFO: [ProjectBase 1-489] The host OS only allows 260 characters in a normal path. The project is stored in a path with more than 80 characters. If you experience issues with IP, Block Designs, or files not being found, please consider moving the project to a location with a shorter path. Alternately consider using the OS subst command to map part of the path to a drive letter.
Current project path is 'D:/USBbellek32GB/bildiri - makaleler - kitap - patent - proje/kitap/fpga ile gömülü sistemler/uygulamalar/prj_bolum10_uyg1_'
Scanning sources...
Finished scanning sources
INFO: [IP_Flow 19-234] Refreshing IP repositories
INFO: [IP_Flow 19-1704] No user IP repositories specified
INFO: [IP_Flow 19-2313] Loaded Vivado IP repository 'C:/Xilinx/Vivado/2019.2/data/ip'.
update_compile_order -fileset sources_1
exit
INFO: [Common 17-206] Exiting Vivado at Sat Jan 21 11:42:29 2023...
