Vivado Simulator 2017.4
Copyright 1986-1999, 2001-2016 Xilinx, Inc. All Rights Reserved.
Running: C:/Xilinx/Vivado/2017.4/bin/unwrapped/win64.o/xelab.exe -wto bf2f2967b60949c498bec52e30937043 --incr --debug typical --relax --mt 2 -L xil_defaultlib -L unisims_ver -L unimacro_ver -L secureip -L xpm --snapshot uyg113_behav xil_defaultlib.uyg113 xil_defaultlib.glbl -log elaborate.log 
Using 2 slave threads.
Starting static elaboration
Completed static elaboration
Starting simulation data flow analysis
Completed simulation data flow analysis
Time Resolution for simulation is 1ps
Compiling package std.standard
Compiling package std.textio
Compiling package ieee.std_logic_1164
Compiling package vl.vl_types
Compiling module xil_defaultlib.glbl
Compiling module unisims_ver.GND
Compiling module unisims_ver.VCC
Compiling module unisims_ver.x_lut2_mux4
Compiling module unisims_ver.LUT2
Compiling module unisims_ver.FDRE_default
Compiling module unisims_ver.SRL16E_default
Compiling module xil_defaultlib.div_8bit_xbip_pipe_v3_0_4_viv
Compiling module xil_defaultlib.div_8bit_xbip_pipe_v3_0_4_viv__p...
Compiling module unisims_ver.x_lut1_mux2
Compiling module unisims_ver.LUT1
Compiling module unisims_ver.FDRE(INIT=1'b1)
Compiling module xil_defaultlib.div_8bit_xbip_pipe_v3_0_4_viv__p...
Compiling module xil_defaultlib.div_8bit_xbip_pipe_v3_0_4_viv__p...
Compiling module unisims_ver.CARRY4
Compiling module xil_defaultlib.div_8bit_c_addsub_lut6_54
Compiling module xil_defaultlib.div_8bit_c_addsub_viv_53
Compiling module xil_defaultlib.div_8bit_addsubreg_v
Compiling module xil_defaultlib.div_8bit_xbip_pipe_v3_0_4_viv__p...
Compiling module xil_defaultlib.div_8bit_xbip_pipe_v3_0_4_viv__p...
Compiling module xil_defaultlib.div_8bit_xbip_pipe_v3_0_4_viv__p...
Compiling module xil_defaultlib.div_8bit_xbip_pipe_v3_0_4_viv__p...
Compiling module xil_defaultlib.div_8bit_xbip_pipe_v3_0_4_viv__p...
Compiling module unisims_ver.x_lut3_mux8
Compiling module unisims_ver.LUT3
Compiling module xil_defaultlib.div_8bit_c_addsub_lut6_49
Compiling module xil_defaultlib.div_8bit_c_addsub_viv_48
Compiling module xil_defaultlib.div_8bit_addsubreg_v_2
Compiling module xil_defaultlib.div_8bit_xbip_pipe_v3_0_4_viv__p...
Compiling module xil_defaultlib.div_8bit_xbip_pipe_v3_0_4_viv__p...
Compiling module xil_defaultlib.div_8bit_xbip_pipe_v3_0_4_viv__p...
Compiling module xil_defaultlib.div_8bit_xbip_pipe_v3_0_4_viv__p...
Compiling module xil_defaultlib.div_8bit_xbip_pipe_v3_0_4_viv__p...
Compiling module xil_defaultlib.div_8bit_xbip_pipe_v3_0_4_viv__p...
Compiling module xil_defaultlib.div_8bit_c_addsub_lut6_44
Compiling module xil_defaultlib.div_8bit_c_addsub_viv_43
Compiling module xil_defaultlib.div_8bit_addsubreg_v_4
Compiling module xil_defaultlib.div_8bit_xbip_pipe_v3_0_4_viv__p...
Compiling module xil_defaultlib.div_8bit_xbip_pipe_v3_0_4_viv__p...
Compiling module xil_defaultlib.div_8bit_xbip_pipe_v3_0_4_viv__p...
Compiling module xil_defaultlib.div_8bit_xbip_pipe_v3_0_4_viv__p...
Compiling module xil_defaultlib.div_8bit_xbip_pipe_v3_0_4_viv__p...
Compiling module xil_defaultlib.div_8bit_xbip_pipe_v3_0_4_viv__p...
Compiling module xil_defaultlib.div_8bit_c_addsub_lut6_39
Compiling module xil_defaultlib.div_8bit_c_addsub_viv_38
Compiling module xil_defaultlib.div_8bit_addsubreg_v_6
Compiling module xil_defaultlib.div_8bit_xbip_pipe_v3_0_4_viv__p...
Compiling module xil_defaultlib.div_8bit_xbip_pipe_v3_0_4_viv__p...
Compiling module xil_defaultlib.div_8bit_xbip_pipe_v3_0_4_viv__p...
Compiling module xil_defaultlib.div_8bit_xbip_pipe_v3_0_4_viv__p...
Compiling module xil_defaultlib.div_8bit_xbip_pipe_v3_0_4_viv__p...
Compiling module xil_defaultlib.div_8bit_xbip_pipe_v3_0_4_viv__p...
Compiling module xil_defaultlib.div_8bit_c_addsub_lut6_34
Compiling module xil_defaultlib.div_8bit_c_addsub_viv_33
Compiling module xil_defaultlib.div_8bit_addsubreg_v_8
Compiling module xil_defaultlib.div_8bit_xbip_pipe_v3_0_4_viv__p...
Compiling module xil_defaultlib.div_8bit_xbip_pipe_v3_0_4_viv__p...
Compiling module xil_defaultlib.div_8bit_xbip_pipe_v3_0_4_viv__p...
Compiling module xil_defaultlib.div_8bit_xbip_pipe_v3_0_4_viv__p...
Compiling module xil_defaultlib.div_8bit_xbip_pipe_v3_0_4_viv__p...
Compiling module xil_defaultlib.div_8bit_xbip_pipe_v3_0_4_viv__p...
Compiling module xil_defaultlib.div_8bit_c_addsub_lut6_29
Compiling module xil_defaultlib.div_8bit_c_addsub_viv_28
Compiling module xil_defaultlib.div_8bit_addsubreg_v_10
Compiling module xil_defaultlib.div_8bit_xbip_pipe_v3_0_4_viv__p...
Compiling module xil_defaultlib.div_8bit_xbip_pipe_v3_0_4_viv__p...
Compiling module xil_defaultlib.div_8bit_xbip_pipe_v3_0_4_viv__p...
Compiling module xil_defaultlib.div_8bit_xbip_pipe_v3_0_4_viv__p...
Compiling module xil_defaultlib.div_8bit_xbip_pipe_v3_0_4_viv__p...
Compiling module xil_defaultlib.div_8bit_xbip_pipe_v3_0_4_viv__p...
Compiling module xil_defaultlib.div_8bit_c_addsub_lut6_24
Compiling module xil_defaultlib.div_8bit_c_addsub_viv_23
Compiling module xil_defaultlib.div_8bit_addsubreg_v_12
Compiling module xil_defaultlib.div_8bit_xbip_pipe_v3_0_4_viv__p...
Compiling module xil_defaultlib.div_8bit_xbip_pipe_v3_0_4_viv__p...
Compiling module xil_defaultlib.div_8bit_xbip_pipe_v3_0_4_viv__p...
Compiling module xil_defaultlib.div_8bit_xbip_pipe_v3_0_4_viv__p...
Compiling module xil_defaultlib.div_8bit_xbip_pipe_v3_0_4_viv__p...
Compiling module xil_defaultlib.div_8bit_xbip_pipe_v3_0_4_viv__p...
Compiling module xil_defaultlib.div_8bit_c_addsub_lut6
Compiling module xil_defaultlib.div_8bit_c_addsub_viv
Compiling module xil_defaultlib.div_8bit_addsubreg_v_14
Compiling module xil_defaultlib.div_8bit_xbip_pipe_v3_0_4_viv__p...
Compiling module xil_defaultlib.div_8bit_xbip_pipe_v3_0_4_viv__p...
Compiling module xil_defaultlib.div_8bit_xbip_pipe_v3_0_4_viv__p...
Compiling module xil_defaultlib.div_8bit_xbip_pipe_v3_0_4_viv__p...
Compiling module unisims_ver.LUT4
Compiling module unisims_ver.LUT5
Compiling module unisims_ver.LUT6
Compiling module xil_defaultlib.div_8bit_xbip_pipe_v3_0_4_viv__p...
Compiling module xil_defaultlib.div_8bit_xbip_pipe_v3_0_4_viv__p...
Compiling module xil_defaultlib.div_8bit_xbip_pipe_v3_0_4_viv__p...
Compiling module xil_defaultlib.div_8bit_xbip_pipe_v3_0_4_viv__p...
Compiling module xil_defaultlib.div_8bit_c_addsub_lut6__paramete...
Compiling module xil_defaultlib.div_8bit_c_addsub_viv__parameter...
Compiling module xil_defaultlib.div_8bit_addsubreg_v__parameteri...
Compiling module xil_defaultlib.div_8bit_dividervdc_v
Compiling module xil_defaultlib.div_8bit_c_twos_comp_viv
Compiling module xil_defaultlib.div_8bit_cmp2s_v
Compiling module xil_defaultlib.div_8bit_c_twos_comp_viv__parame...
Compiling module xil_defaultlib.div_8bit_cmp2s_v__parameterized0
Compiling module xil_defaultlib.div_8bit_xbip_pipe_v3_0_4_viv__p...
Compiling module xil_defaultlib.div_8bit_c_twos_comp_viv__parame...
Compiling module xil_defaultlib.div_8bit_cmp2s_v__parameterized1
Compiling module xil_defaultlib.div_8bit_xbip_pipe_v3_0_4_viv__p...
Compiling module xil_defaultlib.div_8bit_c_twos_comp_viv__parame...
Compiling module xil_defaultlib.div_8bit_cmp2s_v__parameterized1...
Compiling module xil_defaultlib.div_8bit_bip_sdivider_synth
Compiling module xil_defaultlib.div_8bit_div_gen_synth
Compiling module xil_defaultlib.div_8bit_div_gen_v5_1_12_viv
Compiling module xil_defaultlib.div_8bit_div_gen_v5_1_12
Compiling module xil_defaultlib.div_8bit
Compiling architecture behavioral of entity xil_defaultlib.uyg113
Built simulation snapshot uyg113_behav
