#-----------------------------------------------------------
# Vivado v2017.4 (64-bit)
# SW Build 2086221 on Fri Dec 15 20:55:39 MST 2017
# IP Build 2085800 on Fri Dec 15 22:25:07 MST 2017
# Start of session at: Fri Jul 12 21:47:54 2019
# Process ID: 1228
# Current directory: E:/bildiri ve makaleler/kitap/fpga/uygulamalar/prj_bolum6_uyg6
# Command line: vivado.exe -gui_launcher_event rodinguilauncherevent1532 E:\bildiri ve makaleler\kitap\fpga\uygulamalar\prj_bolum6_uyg6\prj_bolum6_uyg6.xpr
# Log file: E:/bildiri ve makaleler/kitap/fpga/uygulamalar/prj_bolum6_uyg6/vivado.log
# Journal file: E:/bildiri ve makaleler/kitap/fpga/uygulamalar/prj_bolum6_uyg6\vivado.jou
#-----------------------------------------------------------
start_gui
open_project {E:/bildiri ve makaleler/kitap/fpga/uygulamalar/prj_bolum6_uyg6/prj_bolum6_uyg6.xpr}
Scanning sources...
Finished scanning sources
INFO: [IP_Flow 19-234] Refreshing IP repositories
INFO: [IP_Flow 19-1704] No user IP repositories specified
INFO: [IP_Flow 19-2313] Loaded Vivado IP repository 'C:/Xilinx/Vivado/2017.4/data/ip'.
open_project: Time (s): cpu = 00:00:48 ; elapsed = 00:00:24 . Memory (MB): peak = 741.734 ; gain = 14.492
update_compile_order -fileset sources_1
launch_simulation
INFO: [Vivado 12-5682] Launching behavioral simulation in 'E:/bildiri ve makaleler/kitap/fpga/uygulamalar/prj_bolum6_uyg6/prj_bolum6_uyg6.sim/sim_1/behav/xsim'
INFO: [SIM-utils-51] Simulation object is 'sim_1'
INFO: [SIM-utils-54] Inspecting design source files for 'uyg66' in fileset 'sim_1'...
INFO: [USF-XSim-97] Finding global include files...
INFO: [USF-XSim-98] Fetching design files from 'sim_1'...
INFO: [USF-XSim-2] XSim::Compile design
INFO: [USF-XSim-61] Executing 'COMPILE and ANALYZE' step in 'E:/bildiri ve makaleler/kitap/fpga/uygulamalar/prj_bolum6_uyg6/prj_bolum6_uyg6.sim/sim_1/behav/xsim'
"xvhdl --incr --relax -prj uyg66_vhdl.prj"
INFO: [VRFC 10-163] Analyzing VHDL file "E:/bildiri ve makaleler/kitap/fpga/uygulamalar/prj_bolum6_uyg6/prj_bolum6_uyg6.srcs/sources_1/new/uyg66.vhd" into library xil_defaultlib
INFO: [VRFC 10-307] analyzing entity uyg66
run_program: Time (s): cpu = 00:00:01 ; elapsed = 00:00:05 . Memory (MB): peak = 772.289 ; gain = 0.000
INFO: [USF-XSim-69] 'compile' step finished in '5' seconds
INFO: [USF-XSim-3] XSim::Elaborate design
INFO: [USF-XSim-61] Executing 'ELABORATE' step in 'E:/bildiri ve makaleler/kitap/fpga/uygulamalar/prj_bolum6_uyg6/prj_bolum6_uyg6.sim/sim_1/behav/xsim'
Vivado Simulator 2017.4
Copyright 1986-1999, 2001-2016 Xilinx, Inc. All Rights Reserved.
Running: C:/Xilinx/Vivado/2017.4/bin/unwrapped/win64.o/xelab.exe -wto 6aaedd0b877c4631bd57dc3faa3946c1 --incr --debug typical --relax --mt 2 -L xil_defaultlib -L secureip --snapshot uyg66_behav xil_defaultlib.uyg66 -log elaborate.log 
Using 2 slave threads.
Starting static elaboration
Completed static elaboration
Starting simulation data flow analysis
Completed simulation data flow analysis
Time Resolution for simulation is 1ps
Compiling package std.standard
Compiling package std.textio
Compiling package ieee.std_logic_1164
Compiling package ieee.numeric_std
Compiling architecture behavioral of entity xil_defaultlib.uyg66
Built simulation snapshot uyg66_behav

****** Webtalk v2017.4 (64-bit)
  **** SW Build 2086221 on Fri Dec 15 20:55:39 MST 2017
  **** IP Build 2085800 on Fri Dec 15 22:25:07 MST 2017
    ** Copyright 1986-2017 Xilinx, Inc. All Rights Reserved.

source E:/bildiri -notrace
couldn't read file "E:/bildiri": permission denied
INFO: [Common 17-206] Exiting Webtalk at Fri Jul 12 21:55:09 2019...
run_program: Time (s): cpu = 00:00:02 ; elapsed = 00:00:12 . Memory (MB): peak = 772.289 ; gain = 0.000
INFO: [USF-XSim-69] 'elaborate' step finished in '12' seconds
INFO: [USF-XSim-4] XSim::Simulate design
INFO: [USF-XSim-61] Executing 'SIMULATE' step in 'E:/bildiri ve makaleler/kitap/fpga/uygulamalar/prj_bolum6_uyg6/prj_bolum6_uyg6.sim/sim_1/behav/xsim'
INFO: [USF-XSim-98] *** Running xsim
   with args "uyg66_behav -key {Behavioral:sim_1:Functional:uyg66} -tclbatch {uyg66.tcl} -log {simulate.log}"
INFO: [USF-XSim-8] Loading simulator feature
Vivado Simulator 2017.4
Time resolution is 1 ps
source uyg66.tcl
# set curr_wave [current_wave_config]
# if { [string length $curr_wave] == 0 } {
#   if { [llength [get_objects]] > 0} {
#     add_wave /
#     set_property needs_save false [current_wave_config]
#   } else {
#      send_msg_id Add_Wave-1 WARNING "No top level signals found. Simulator will start without a wave window. If you want to open a wave window go to 'File->New Waveform Configuration' or type 'create_wave_config' in the TCL console."
#   }
# }
# run 1000ns
xsim: Time (s): cpu = 00:00:20 ; elapsed = 00:00:10 . Memory (MB): peak = 785.270 ; gain = 12.980
INFO: [USF-XSim-96] XSim completed. Design snapshot 'uyg66_behav' loaded.
INFO: [USF-XSim-97] XSim simulation ran for 1000ns
launch_simulation: Time (s): cpu = 00:00:26 ; elapsed = 00:00:32 . Memory (MB): peak = 785.270 ; gain = 12.980
add_force {/uyg66/clk} -radix hex {0 0ns} {1 50000ps} -repeat_every 100000ps
add_force {/uyg66/rst} -radix hex {0 0ns}
add_force {/uyg66/gir} -radix hex {43 0ns}
run 100 ns
add_force {/uyg66/rst} -radix hex {1 0ns}
run 100 ns
add_force {/uyg66/rst} -radix hex {0 0ns}
run 100 ns
run 100 ns
run 100 ns
close_sim
INFO: [Simtcl 6-16] Simulation closed
close_sim: Time (s): cpu = 00:00:02 ; elapsed = 00:00:07 . Memory (MB): peak = 807.465 ; gain = 0.000
launch_simulation
INFO: [Vivado 12-5682] Launching behavioral simulation in 'E:/bildiri ve makaleler/kitap/fpga/uygulamalar/prj_bolum6_uyg6/prj_bolum6_uyg6.sim/sim_1/behav/xsim'
INFO: [SIM-utils-51] Simulation object is 'sim_1'
INFO: [SIM-utils-54] Inspecting design source files for 'uyg66' in fileset 'sim_1'...
INFO: [USF-XSim-97] Finding global include files...
INFO: [USF-XSim-98] Fetching design files from 'sim_1'...
INFO: [USF-XSim-2] XSim::Compile design
INFO: [USF-XSim-61] Executing 'COMPILE and ANALYZE' step in 'E:/bildiri ve makaleler/kitap/fpga/uygulamalar/prj_bolum6_uyg6/prj_bolum6_uyg6.sim/sim_1/behav/xsim'
"xvhdl --incr --relax -prj uyg66_vhdl.prj"
INFO: [VRFC 10-163] Analyzing VHDL file "E:/bildiri ve makaleler/kitap/fpga/uygulamalar/prj_bolum6_uyg6/prj_bolum6_uyg6.srcs/sources_1/new/uyg66.vhd" into library xil_defaultlib
INFO: [VRFC 10-307] analyzing entity uyg66
run_program: Time (s): cpu = 00:00:00 ; elapsed = 00:00:05 . Memory (MB): peak = 807.465 ; gain = 0.000
INFO: [USF-XSim-69] 'compile' step finished in '5' seconds
INFO: [USF-XSim-3] XSim::Elaborate design
INFO: [USF-XSim-61] Executing 'ELABORATE' step in 'E:/bildiri ve makaleler/kitap/fpga/uygulamalar/prj_bolum6_uyg6/prj_bolum6_uyg6.sim/sim_1/behav/xsim'
Vivado Simulator 2017.4
Copyright 1986-1999, 2001-2016 Xilinx, Inc. All Rights Reserved.
Running: C:/Xilinx/Vivado/2017.4/bin/unwrapped/win64.o/xelab.exe -wto 6aaedd0b877c4631bd57dc3faa3946c1 --incr --debug typical --relax --mt 2 -L xil_defaultlib -L secureip --snapshot uyg66_behav xil_defaultlib.uyg66 -log elaborate.log 
Using 2 slave threads.
Starting static elaboration
Completed static elaboration
Starting simulation data flow analysis
Completed simulation data flow analysis
Time Resolution for simulation is 1ps
Compiling package std.standard
Compiling package std.textio
Compiling package ieee.std_logic_1164
Compiling package ieee.numeric_std
Compiling architecture behavioral of entity xil_defaultlib.uyg66
Built simulation snapshot uyg66_behav
run_program: Time (s): cpu = 00:00:01 ; elapsed = 00:00:07 . Memory (MB): peak = 807.465 ; gain = 0.000
INFO: [USF-XSim-69] 'elaborate' step finished in '6' seconds
INFO: [USF-XSim-4] XSim::Simulate design
INFO: [USF-XSim-61] Executing 'SIMULATE' step in 'E:/bildiri ve makaleler/kitap/fpga/uygulamalar/prj_bolum6_uyg6/prj_bolum6_uyg6.sim/sim_1/behav/xsim'
INFO: [USF-XSim-98] *** Running xsim
   with args "uyg66_behav -key {Behavioral:sim_1:Functional:uyg66} -tclbatch {uyg66.tcl} -log {simulate.log}"
INFO: [USF-XSim-8] Loading simulator feature
Vivado Simulator 2017.4
Time resolution is 1 ps
source uyg66.tcl
# set curr_wave [current_wave_config]
# if { [string length $curr_wave] == 0 } {
#   if { [llength [get_objects]] > 0} {
#     add_wave /
#     set_property needs_save false [current_wave_config]
#   } else {
#      send_msg_id Add_Wave-1 WARNING "No top level signals found. Simulator will start without a wave window. If you want to open a wave window go to 'File->New Waveform Configuration' or type 'create_wave_config' in the TCL console."
#   }
# }
# run 1000ns
INFO: [USF-XSim-96] XSim completed. Design snapshot 'uyg66_behav' loaded.
INFO: [USF-XSim-97] XSim simulation ran for 1000ns
launch_simulation: Time (s): cpu = 00:00:09 ; elapsed = 00:00:18 . Memory (MB): peak = 807.465 ; gain = 0.000
add_force {/uyg66/clk} -radix hex {0 0ns} {1 50000ps} -repeat_every 100000ps
add_force {/uyg66/rst} -radix hex {1 0ns}
add_force {/uyg66/gir} -radix hex {43 0ns}
run 100 ns
add_force {/uyg66/rst} -radix hex {0 0ns}
run 100 ns
run 100 ns
run 100 ns
run 100 ns
run 100 ns
run 100 ns
run 100 ns
run 100 ns
add_force {/uyg66/gir} -radix hex {12 0ns}
add_force {/uyg66/rst} -radix hex {1 0ns}
run 100 ns
add_force {/uyg66/rst} -radix hex {0 0ns}
run 100 ns
run 100 ns
run 100 ns
run 100 ns
run 100 ns
run 100 ns
run 100 ns
run 100 ns
add_force {/uyg66/gir} -radix hex {83 0ns}
add_force {/uyg66/rst} -radix hex {1 0ns}
run 100 ns
add_force {/uyg66/rst} -radix hex {0 0ns}
run 100 ns
run 100 ns
run 100 ns
add_force {/uyg66/gir} -radix hex {2b 0ns}
add_force {/uyg66/rst} -radix hex {1 0ns}
run 100 ns
add_force {/uyg66/rst} -radix hex {0 0ns}
run 100 ns
run 100 ns
run 100 ns
run 100 ns
close_sim
INFO: [Simtcl 6-16] Simulation closed
launch_simulation
INFO: [Vivado 12-5682] Launching behavioral simulation in 'E:/bildiri ve makaleler/kitap/fpga/uygulamalar/prj_bolum6_uyg6/prj_bolum6_uyg6.sim/sim_1/behav/xsim'
INFO: [SIM-utils-51] Simulation object is 'sim_1'
INFO: [SIM-utils-54] Inspecting design source files for 'uyg66' in fileset 'sim_1'...
INFO: [USF-XSim-97] Finding global include files...
INFO: [USF-XSim-98] Fetching design files from 'sim_1'...
INFO: [USF-XSim-2] XSim::Compile design
INFO: [USF-XSim-61] Executing 'COMPILE and ANALYZE' step in 'E:/bildiri ve makaleler/kitap/fpga/uygulamalar/prj_bolum6_uyg6/prj_bolum6_uyg6.sim/sim_1/behav/xsim'
"xvhdl --incr --relax -prj uyg66_vhdl.prj"
INFO: [VRFC 10-163] Analyzing VHDL file "E:/bildiri ve makaleler/kitap/fpga/uygulamalar/prj_bolum6_uyg6/prj_bolum6_uyg6.srcs/sources_1/new/uyg66.vhd" into library xil_defaultlib
INFO: [VRFC 10-307] analyzing entity uyg66
run_program: Time (s): cpu = 00:00:00 ; elapsed = 00:00:05 . Memory (MB): peak = 807.465 ; gain = 0.000
INFO: [USF-XSim-69] 'compile' step finished in '5' seconds
INFO: [USF-XSim-3] XSim::Elaborate design
INFO: [USF-XSim-61] Executing 'ELABORATE' step in 'E:/bildiri ve makaleler/kitap/fpga/uygulamalar/prj_bolum6_uyg6/prj_bolum6_uyg6.sim/sim_1/behav/xsim'
Vivado Simulator 2017.4
Copyright 1986-1999, 2001-2016 Xilinx, Inc. All Rights Reserved.
Running: C:/Xilinx/Vivado/2017.4/bin/unwrapped/win64.o/xelab.exe -wto 6aaedd0b877c4631bd57dc3faa3946c1 --incr --debug typical --relax --mt 2 -L xil_defaultlib -L secureip --snapshot uyg66_behav xil_defaultlib.uyg66 -log elaborate.log 
Using 2 slave threads.
Starting static elaboration
Completed static elaboration
Starting simulation data flow analysis
Completed simulation data flow analysis
Time Resolution for simulation is 1ps
Compiling package std.standard
Compiling package std.textio
Compiling package ieee.std_logic_1164
Compiling package ieee.numeric_std
Compiling architecture behavioral of entity xil_defaultlib.uyg66
Built simulation snapshot uyg66_behav
run_program: Time (s): cpu = 00:00:01 ; elapsed = 00:00:07 . Memory (MB): peak = 807.465 ; gain = 0.000
INFO: [USF-XSim-69] 'elaborate' step finished in '6' seconds
INFO: [USF-XSim-4] XSim::Simulate design
INFO: [USF-XSim-61] Executing 'SIMULATE' step in 'E:/bildiri ve makaleler/kitap/fpga/uygulamalar/prj_bolum6_uyg6/prj_bolum6_uyg6.sim/sim_1/behav/xsim'
INFO: [USF-XSim-98] *** Running xsim
   with args "uyg66_behav -key {Behavioral:sim_1:Functional:uyg66} -tclbatch {uyg66.tcl} -log {simulate.log}"
INFO: [USF-XSim-8] Loading simulator feature
Vivado Simulator 2017.4
Time resolution is 1 ps
source uyg66.tcl
# set curr_wave [current_wave_config]
# if { [string length $curr_wave] == 0 } {
#   if { [llength [get_objects]] > 0} {
#     add_wave /
#     set_property needs_save false [current_wave_config]
#   } else {
#      send_msg_id Add_Wave-1 WARNING "No top level signals found. Simulator will start without a wave window. If you want to open a wave window go to 'File->New Waveform Configuration' or type 'create_wave_config' in the TCL console."
#   }
# }
# run 1000ns
xsim: Time (s): cpu = 00:00:08 ; elapsed = 00:00:05 . Memory (MB): peak = 807.465 ; gain = 0.000
INFO: [USF-XSim-96] XSim completed. Design snapshot 'uyg66_behav' loaded.
INFO: [USF-XSim-97] XSim simulation ran for 1000ns
launch_simulation: Time (s): cpu = 00:00:09 ; elapsed = 00:00:19 . Memory (MB): peak = 807.465 ; gain = 0.000
add_force {/uyg66/clk} -radix hex {0 0ns} {1 50000ps} -repeat_every 100000ps
add_force {/uyg66/rst} -radix hex {1 0ns}
add_force {/uyg66/gir} -radix hex {2b 0ns}
run 100 ns
add_force {/uyg66/rst} -radix hex {0 0ns}
run 100 ns
run 100 ns
run 100 ns
run 100 ns
close_sim
INFO: [Simtcl 6-16] Simulation closed
synth_design -rtl -name rtl_1
Command: synth_design -rtl -name rtl_1
Starting synth_design
Using part: xc7a100tcsg324-1
Top: uyg66
---------------------------------------------------------------------------------
Starting RTL Elaboration : Time (s): cpu = 00:00:33 ; elapsed = 00:00:32 . Memory (MB): peak = 897.254 ; gain = 89.328
---------------------------------------------------------------------------------
INFO: [Synth 8-638] synthesizing module 'uyg66' [E:/bildiri ve makaleler/kitap/fpga/uygulamalar/prj_bolum6_uyg6/prj_bolum6_uyg6.srcs/sources_1/new/uyg66.vhd:19]
WARNING: [Synth 8-614] signal 'gir' is read in the process but is not in the sensitivity list [E:/bildiri ve makaleler/kitap/fpga/uygulamalar/prj_bolum6_uyg6/prj_bolum6_uyg6.srcs/sources_1/new/uyg66.vhd:23]
INFO: [Synth 8-256] done synthesizing module 'uyg66' (1#1) [E:/bildiri ve makaleler/kitap/fpga/uygulamalar/prj_bolum6_uyg6/prj_bolum6_uyg6.srcs/sources_1/new/uyg66.vhd:19]
---------------------------------------------------------------------------------
Finished RTL Elaboration : Time (s): cpu = 00:00:37 ; elapsed = 00:00:37 . Memory (MB): peak = 946.797 ; gain = 138.871
---------------------------------------------------------------------------------

Report Check Netlist: 
+------+------------------+-------+---------+-------+------------------+
|      |Item              |Errors |Warnings |Status |Description       |
+------+------------------+-------+---------+-------+------------------+
|1     |multi_driven_nets |      0|        0|Passed |Multi driven nets |
+------+------------------+-------+---------+-------+------------------+
---------------------------------------------------------------------------------
Finished RTL Optimization Phase 1 : Time (s): cpu = 00:00:38 ; elapsed = 00:00:39 . Memory (MB): peak = 946.797 ; gain = 138.871
---------------------------------------------------------------------------------
INFO: [Device 21-403] Loading part xc7a100tcsg324-1
INFO: [Project 1-570] Preparing netlist for logic optimization

Processing XDC Constraints
Initializing timing engine
Completed Processing XDC Constraints

INFO: [Opt 31-138] Pushed 0 inverter(s) to 0 load pin(s).
INFO: [Project 1-111] Unisim Transformation Summary:
No Unisim elements were transformed.

RTL Elaboration Complete:  : Time (s): cpu = 00:02:04 ; elapsed = 00:01:51 . Memory (MB): peak = 1287.648 ; gain = 479.723
6 Infos, 1 Warnings, 0 Critical Warnings and 0 Errors encountered.
synth_design completed successfully
synth_design: Time (s): cpu = 00:02:04 ; elapsed = 00:01:51 . Memory (MB): peak = 1287.648 ; gain = 479.723
close_project
exit
INFO: [Common 17-206] Exiting Vivado at Sun Jul 14 07:45:55 2019...
