Vivado Simulator 2017.4
Copyright 1986-1999, 2001-2016 Xilinx, Inc. All Rights Reserved.
Running: C:/Xilinx/Vivado/2017.4/bin/unwrapped/win64.o/xelab.exe -wto 926208ed61ad4ea6a757ec39f3991646 --incr --debug typical --relax --mt 2 -L xil_defaultlib -L unisims_ver -L unimacro_ver -L secureip -L xpm --snapshot uyg115_behav xil_defaultlib.uyg115 xil_defaultlib.glbl -log elaborate.log 
Using 2 slave threads.
Starting static elaboration
Completed static elaboration
Starting simulation data flow analysis
Completed simulation data flow analysis
Time Resolution for simulation is 1ps
Compiling package std.standard
Compiling package std.textio
Compiling package ieee.std_logic_1164
Compiling package ieee.std_logic_arith
Compiling package ieee.std_logic_unsigned
Compiling package vl.vl_types
Compiling module xil_defaultlib.glbl
Compiling architecture behavioral of entity xil_defaultlib.RandomSayi [\RandomSayi(n=32)\]
Compiling module unisims_ver.GND
Compiling module unisims_ver.VCC
Compiling module unisims_ver.FDRE_default
Compiling module xil_defaultlib.Floating_BUYUK_xbip_pipe_v3_0_4_...
Compiling module xil_defaultlib.Floating_BUYUK_delay__parameteri...
Compiling module xil_defaultlib.Floating_BUYUK_xbip_pipe_v3_0_4_...
Compiling module xil_defaultlib.Floating_BUYUK_delay__parameteri...
Compiling module xil_defaultlib.Floating_BUYUK_xbip_pipe_v3_0_4_...
Compiling module xil_defaultlib.Floating_BUYUK_delay__parameteri...
Compiling module unisims_ver.CARRY4
Compiling module xil_defaultlib.Floating_BUYUK_carry_chain__para...
Compiling module unisims_ver.LUT6
Compiling module xil_defaultlib.Floating_BUYUK_compare_eq
Compiling module unisims_ver.x_lut2_mux4
Compiling module unisims_ver.LUT2
Compiling module xil_defaultlib.Floating_BUYUK_carry_chain__para...
Compiling module xil_defaultlib.Floating_BUYUK_compare_eq_im__pa...
Compiling module unisims_ver.LUT5
Compiling module xil_defaultlib.Floating_BUYUK_carry_chain__para...
Compiling module xil_defaultlib.Floating_BUYUK_compare_ne_im
Compiling module xil_defaultlib.Floating_BUYUK_carry_chain__para...
Compiling module unisims_ver.LUT4
Compiling module xil_defaultlib.Floating_BUYUK_compare_gt
Compiling module xil_defaultlib.Floating_BUYUK_carry_chain__para...
Compiling module xil_defaultlib.Floating_BUYUK_compare_eq_im__pa...
Compiling module xil_defaultlib.Floating_BUYUK_carry_chain__para...
Compiling module xil_defaultlib.Floating_BUYUK_compare_ne_im_1
Compiling module xil_defaultlib.Floating_BUYUK_carry_chain
Compiling module xil_defaultlib.Floating_BUYUK_compare_eq_im
Compiling module xil_defaultlib.Floating_BUYUK_fp_cmp
Compiling module unisims_ver.x_lut3_mux8
Compiling module unisims_ver.LUT3
Compiling module xil_defaultlib.Floating_BUYUK_xbip_pipe_v3_0_4_...
Compiling module unisims_ver.FDRE(INIT=1'b1)
Compiling module xil_defaultlib.Floating_BUYUK_axi_slave_2to1
Compiling module xil_defaultlib.Floating_BUYUK_floating_point_v7...
Compiling module xil_defaultlib.Floating_BUYUK_floating_point_v7...
Compiling module xil_defaultlib.Floating_BUYUK
Compiling module unisims_ver.FDRE_default_1
Compiling module xil_defaultlib.Floating_KUCUK_xbip_pipe_v3_0_4_...
Compiling module xil_defaultlib.Floating_KUCUK_delay__parameteri...
Compiling module xil_defaultlib.Floating_KUCUK_xbip_pipe_v3_0_4_...
Compiling module xil_defaultlib.Floating_KUCUK_delay__parameteri...
Compiling module xil_defaultlib.Floating_KUCUK_xbip_pipe_v3_0_4_...
Compiling module xil_defaultlib.Floating_KUCUK_delay__parameteri...
Compiling module xil_defaultlib.Floating_KUCUK_carry_chain__para...
Compiling module xil_defaultlib.Floating_KUCUK_compare_eq
Compiling module xil_defaultlib.Floating_KUCUK_carry_chain__para...
Compiling module xil_defaultlib.Floating_KUCUK_compare_eq_im__pa...
Compiling module xil_defaultlib.Floating_KUCUK_carry_chain__para...
Compiling module xil_defaultlib.Floating_KUCUK_compare_ne_im
Compiling module xil_defaultlib.Floating_KUCUK_carry_chain__para...
Compiling module xil_defaultlib.Floating_KUCUK_compare_gt
Compiling module xil_defaultlib.Floating_KUCUK_carry_chain__para...
Compiling module xil_defaultlib.Floating_KUCUK_compare_eq_im__pa...
Compiling module xil_defaultlib.Floating_KUCUK_carry_chain__para...
Compiling module xil_defaultlib.Floating_KUCUK_compare_ne_im_1
Compiling module xil_defaultlib.Floating_KUCUK_carry_chain
Compiling module xil_defaultlib.Floating_KUCUK_compare_eq_im
Compiling module xil_defaultlib.Floating_KUCUK_fp_cmp
Compiling module xil_defaultlib.Floating_KUCUK_xbip_pipe_v3_0_4_...
Compiling module xil_defaultlib.Floating_KUCUK_axi_slave_2to1
Compiling module xil_defaultlib.Floating_KUCUK_floating_point_v7...
Compiling module xil_defaultlib.Floating_KUCUK_floating_point_v7...
Compiling module xil_defaultlib.Floating_KUCUK
Compiling architecture behavioral of entity xil_defaultlib.blokRAM [blokram_default]
Compiling architecture behavioral of entity xil_defaultlib.uyg115
Built simulation snapshot uyg115_behav
