INFO: [VRFC 10-2263] Analyzing Verilog file "E:/bildiri ve makaleler/kitap/fpga/uygulamalar/prj_bolum11_uyg5/prj_bolum11_uyg5.srcs/sources_1/ip/Floating_KUCUK/Floating_KUCUK_sim_netlist.v" into library xil_defaultlib
INFO: [VRFC 10-311] analyzing module Floating_KUCUK
INFO: [VRFC 10-311] analyzing module Floating_KUCUK_floating_point_v7_1_5
INFO: [VRFC 10-311] analyzing module Floating_KUCUK_axi_slave_2to1
INFO: [VRFC 10-311] analyzing module Floating_KUCUK_carry_chain
INFO: [VRFC 10-311] analyzing module Floating_KUCUK_carry_chain__parameterized0
INFO: [VRFC 10-311] analyzing module Floating_KUCUK_carry_chain__parameterized0_2
INFO: [VRFC 10-311] analyzing module Floating_KUCUK_carry_chain__parameterized1
INFO: [VRFC 10-311] analyzing module Floating_KUCUK_carry_chain__parameterized1_3
INFO: [VRFC 10-311] analyzing module Floating_KUCUK_carry_chain__parameterized2
INFO: [VRFC 10-311] analyzing module Floating_KUCUK_carry_chain__parameterized3
INFO: [VRFC 10-311] analyzing module Floating_KUCUK_compare_eq
INFO: [VRFC 10-311] analyzing module Floating_KUCUK_compare_eq_im
INFO: [VRFC 10-311] analyzing module Floating_KUCUK_compare_eq_im__parameterized0
INFO: [VRFC 10-311] analyzing module Floating_KUCUK_compare_eq_im__parameterized0_0
INFO: [VRFC 10-311] analyzing module Floating_KUCUK_compare_gt
INFO: [VRFC 10-311] analyzing module Floating_KUCUK_compare_ne_im
INFO: [VRFC 10-311] analyzing module Floating_KUCUK_compare_ne_im_1
INFO: [VRFC 10-311] analyzing module Floating_KUCUK_delay__parameterized5
INFO: [VRFC 10-311] analyzing module Floating_KUCUK_delay__parameterized6
INFO: [VRFC 10-311] analyzing module Floating_KUCUK_delay__parameterized7
INFO: [VRFC 10-311] analyzing module Floating_KUCUK_floating_point_v7_1_5_viv
INFO: [VRFC 10-311] analyzing module Floating_KUCUK_fp_cmp
INFO: [VRFC 10-311] analyzing module Floating_KUCUK_xbip_pipe_v3_0_4_viv
INFO: [VRFC 10-311] analyzing module Floating_KUCUK_xbip_pipe_v3_0_4_viv__parameterized13
INFO: [VRFC 10-311] analyzing module Floating_KUCUK_xbip_pipe_v3_0_4_viv__parameterized15
INFO: [VRFC 10-311] analyzing module Floating_KUCUK_xbip_pipe_v3_0_4_viv__parameterized15_4
INFO: [VRFC 10-311] analyzing module glbl
