#-----------------------------------------------------------
# Vivado v2017.4 (64-bit)
# SW Build 2086221 on Fri Dec 15 20:55:39 MST 2017
# IP Build 2085800 on Fri Dec 15 22:25:07 MST 2017
# Start of session at: Sun Jul  7 07:19:09 2019
# Process ID: 936
# Current directory: E:/bildiri ve makaleler/kitap/fpga/uygulamalar/prj_bolum5_uyg3
# Command line: vivado.exe -gui_launcher_event rodinguilauncherevent2188 E:\bildiri ve makaleler\kitap\fpga\uygulamalar\prj_bolum5_uyg3\prj_bolum5_uyg3.xpr
# Log file: E:/bildiri ve makaleler/kitap/fpga/uygulamalar/prj_bolum5_uyg3/vivado.log
# Journal file: E:/bildiri ve makaleler/kitap/fpga/uygulamalar/prj_bolum5_uyg3\vivado.jou
#-----------------------------------------------------------
start_gui
open_project {E:/bildiri ve makaleler/kitap/fpga/uygulamalar/prj_bolum5_uyg3/prj_bolum5_uyg3.xpr}
Scanning sources...
Finished scanning sources
INFO: [IP_Flow 19-234] Refreshing IP repositories
INFO: [IP_Flow 19-1704] No user IP repositories specified
INFO: [IP_Flow 19-2313] Loaded Vivado IP repository 'C:/Xilinx/Vivado/2017.4/data/ip'.
open_project: Time (s): cpu = 00:00:44 ; elapsed = 00:00:22 . Memory (MB): peak = 743.219 ; gain = 19.461
update_compile_order -fileset sources_1
close_project
create_project prj_bolum5_uyg4 {E:/bildiri ve makaleler/kitap/fpga/uygulamalar/prj_bolum5_uyg4} -part xc7a100tcsg324-1
INFO: [IP_Flow 19-234] Refreshing IP repositories
INFO: [IP_Flow 19-1704] No user IP repositories specified
INFO: [IP_Flow 19-2313] Loaded Vivado IP repository 'C:/Xilinx/Vivado/2017.4/data/ip'.
create_project: Time (s): cpu = 00:00:33 ; elapsed = 00:00:21 . Memory (MB): peak = 774.406 ; gain = 14.762
file mkdir E:/bildiri ve makaleler/kitap/fpga/uygulamalar/prj_bolum5_uyg4/prj_bolum5_uyg4.srcs/sources_1/new
set_property target_language VHDL [current_project]
file mkdir E:/bildiri ve makaleler/kitap/fpga/uygulamalar/prj_bolum5_uyg4/prj_bolum5_uyg4.srcs/sources_1/new
file mkdir E:/bildiri ve makaleler/kitap/fpga/uygulamalar/prj_bolum5_uyg4/prj_bolum5_uyg4.srcs/sources_1/new
file mkdir {E:/bildiri ve makaleler/kitap/fpga/uygulamalar/prj_bolum5_uyg4/prj_bolum5_uyg4.srcs/sources_1/new}
close [ open {E:/bildiri ve makaleler/kitap/fpga/uygulamalar/prj_bolum5_uyg4/prj_bolum5_uyg4.srcs/sources_1/new/uyg54.vhd} w ]
add_files {{E:/bildiri ve makaleler/kitap/fpga/uygulamalar/prj_bolum5_uyg4/prj_bolum5_uyg4.srcs/sources_1/new/uyg54.vhd}}
update_compile_order -fileset sources_1
close_project
create_project prj_bolum5_uyg4 {E:/bildiri ve makaleler/kitap/fpga/uygulamalar/prj_bolum5_uyg4} -part xc7a100tcsg324-1
INFO: [IP_Flow 19-234] Refreshing IP repositories
INFO: [IP_Flow 19-1704] No user IP repositories specified
INFO: [IP_Flow 19-2313] Loaded Vivado IP repository 'C:/Xilinx/Vivado/2017.4/data/ip'.
create_project: Time (s): cpu = 00:00:16 ; elapsed = 00:00:19 . Memory (MB): peak = 800.188 ; gain = 0.000
file mkdir E:/bildiri ve makaleler/kitap/fpga/uygulamalar/prj_bolum5_uyg4/prj_bolum5_uyg4.srcs/sources_1/new
set_property target_language VHDL [current_project]
file mkdir E:/bildiri ve makaleler/kitap/fpga/uygulamalar/prj_bolum5_uyg4/prj_bolum5_uyg4.srcs/sources_1/new
file mkdir E:/bildiri ve makaleler/kitap/fpga/uygulamalar/prj_bolum5_uyg4/prj_bolum5_uyg4.srcs/sources_1/new
file mkdir {E:/bildiri ve makaleler/kitap/fpga/uygulamalar/prj_bolum5_uyg4/prj_bolum5_uyg4.srcs/sources_1/new}
close [ open {E:/bildiri ve makaleler/kitap/fpga/uygulamalar/prj_bolum5_uyg4/prj_bolum5_uyg4.srcs/sources_1/new/uyg54.vhd} w ]
add_files {{E:/bildiri ve makaleler/kitap/fpga/uygulamalar/prj_bolum5_uyg4/prj_bolum5_uyg4.srcs/sources_1/new/uyg54.vhd}}
update_compile_order -fileset sources_1
launch_simulation
INFO: [Vivado 12-5682] Launching behavioral simulation in 'E:/bildiri ve makaleler/kitap/fpga/uygulamalar/prj_bolum5_uyg4/prj_bolum5_uyg4.sim/sim_1/behav/xsim'
INFO: [SIM-utils-51] Simulation object is 'sim_1'
INFO: [SIM-utils-54] Inspecting design source files for 'uyg54' in fileset 'sim_1'...
INFO: [USF-XSim-97] Finding global include files...
INFO: [USF-XSim-98] Fetching design files from 'sim_1'...
INFO: [USF-XSim-2] XSim::Compile design
INFO: [USF-XSim-61] Executing 'COMPILE and ANALYZE' step in 'E:/bildiri ve makaleler/kitap/fpga/uygulamalar/prj_bolum5_uyg4/prj_bolum5_uyg4.sim/sim_1/behav/xsim'
"xvhdl --incr --relax -prj uyg54_vhdl.prj"
INFO: [VRFC 10-163] Analyzing VHDL file "E:/bildiri ve makaleler/kitap/fpga/uygulamalar/prj_bolum5_uyg4/prj_bolum5_uyg4.srcs/sources_1/new/uyg54.vhd" into library xil_defaultlib
INFO: [VRFC 10-307] analyzing entity uyg54
run_program: Time (s): cpu = 00:00:00 ; elapsed = 00:00:05 . Memory (MB): peak = 800.188 ; gain = 0.000
INFO: [USF-XSim-69] 'compile' step finished in '5' seconds
INFO: [USF-XSim-3] XSim::Elaborate design
INFO: [USF-XSim-61] Executing 'ELABORATE' step in 'E:/bildiri ve makaleler/kitap/fpga/uygulamalar/prj_bolum5_uyg4/prj_bolum5_uyg4.sim/sim_1/behav/xsim'
Vivado Simulator 2017.4
Copyright 1986-1999, 2001-2016 Xilinx, Inc. All Rights Reserved.
Running: C:/Xilinx/Vivado/2017.4/bin/unwrapped/win64.o/xelab.exe -wto 9e3b793383de4a30b7e92ef7c00e4c8b --incr --debug typical --relax --mt 2 -L xil_defaultlib -L secureip --snapshot uyg54_behav xil_defaultlib.uyg54 -log elaborate.log 
Using 2 slave threads.
Starting static elaboration
Completed static elaboration
Starting simulation data flow analysis
Completed simulation data flow analysis
Time Resolution for simulation is 1ps
Compiling package std.standard
Compiling package std.textio
Compiling package ieee.std_logic_1164
Compiling package ieee.std_logic_arith
Compiling package ieee.std_logic_signed
Compiling architecture behavioral of entity xil_defaultlib.uyg54
Built simulation snapshot uyg54_behav

****** Webtalk v2017.4 (64-bit)
  **** SW Build 2086221 on Fri Dec 15 20:55:39 MST 2017
  **** IP Build 2085800 on Fri Dec 15 22:25:07 MST 2017
    ** Copyright 1986-2017 Xilinx, Inc. All Rights Reserved.

source E:/bildiri -notrace
couldn't read file "E:/bildiri": permission denied
INFO: [Common 17-206] Exiting Webtalk at Sun Jul  7 06:42:28 2019...
run_program: Time (s): cpu = 00:00:01 ; elapsed = 00:00:15 . Memory (MB): peak = 800.188 ; gain = 0.000
INFO: [USF-XSim-69] 'elaborate' step finished in '15' seconds
INFO: [USF-XSim-4] XSim::Simulate design
INFO: [USF-XSim-61] Executing 'SIMULATE' step in 'E:/bildiri ve makaleler/kitap/fpga/uygulamalar/prj_bolum5_uyg4/prj_bolum5_uyg4.sim/sim_1/behav/xsim'
INFO: [USF-XSim-98] *** Running xsim
   with args "uyg54_behav -key {Behavioral:sim_1:Functional:uyg54} -tclbatch {uyg54.tcl} -log {simulate.log}"
INFO: [USF-XSim-8] Loading simulator feature
Vivado Simulator 2017.4
Time resolution is 1 ps
source uyg54.tcl
# set curr_wave [current_wave_config]
# if { [string length $curr_wave] == 0 } {
#   if { [llength [get_objects]] > 0} {
#     add_wave /
#     set_property needs_save false [current_wave_config]
#   } else {
#      send_msg_id Add_Wave-1 WARNING "No top level signals found. Simulator will start without a wave window. If you want to open a wave window go to 'File->New Waveform Configuration' or type 'create_wave_config' in the TCL console."
#   }
# }
# run 1000ns
xsim: Time (s): cpu = 00:00:13 ; elapsed = 00:00:08 . Memory (MB): peak = 801.867 ; gain = 1.680
INFO: [USF-XSim-96] XSim completed. Design snapshot 'uyg54_behav' loaded.
INFO: [USF-XSim-97] XSim simulation ran for 1000ns
launch_simulation: Time (s): cpu = 00:00:17 ; elapsed = 00:00:33 . Memory (MB): peak = 801.867 ; gain = 1.680
add_force {/uyg54/clk} -radix hex {0 0ns} {1 50000ps} -repeat_every 100000ps
add_force {/uyg54/rst} -radix hex {0 0ns}
add_force {/uyg54/secim} -radix hex {10 0ns}
ERROR: [Simtcl 6-179] Couldn't add force for the following reason: Illegal value '10': Object size 2 does not match size of given value 10.
add_force {/uyg54/secim} -radix hex {2 0ns}
add_force {/uyg54/say1} -radix hex {5 0ns}
add_force {/uyg54/say2} -radix hex {c 0ns}
run 100 ns
ERROR: Array sizes do not match, left array has 8 elements, right array has 4 elements
Time: 1050 ns  Iteration: 0  Process: /uyg54/line__18
  File: E:/bildiri ve makaleler/kitap/fpga/uygulamalar/prj_bolum5_uyg4/prj_bolum5_uyg4.srcs/sources_1/new/uyg54.vhd

HDL Line: E:/bildiri ve makaleler/kitap/fpga/uygulamalar/prj_bolum5_uyg4/prj_bolum5_uyg4.srcs/sources_1/new/uyg54.vhd:26
add_force {/uyg54/say1} -radix hex {d 0ns}
add_force {/uyg54/say2} -radix hex {9 0ns}
run 100 ns
ERROR: [Simulator 45-1] A fatal run-time error was detected.  Simulation cannot continue.
run 100 ns
ERROR: [Simulator 45-1] A fatal run-time error was detected.  Simulation cannot continue.
close_sim
INFO: [Simtcl 6-16] Simulation closed
close_sim: Time (s): cpu = 00:00:01 ; elapsed = 00:00:08 . Memory (MB): peak = 802.492 ; gain = 0.000
launch_simulation
INFO: [Vivado 12-5682] Launching behavioral simulation in 'E:/bildiri ve makaleler/kitap/fpga/uygulamalar/prj_bolum5_uyg4/prj_bolum5_uyg4.sim/sim_1/behav/xsim'
INFO: [SIM-utils-51] Simulation object is 'sim_1'
INFO: [SIM-utils-54] Inspecting design source files for 'uyg54' in fileset 'sim_1'...
INFO: [USF-XSim-97] Finding global include files...
INFO: [USF-XSim-98] Fetching design files from 'sim_1'...
INFO: [USF-XSim-2] XSim::Compile design
INFO: [USF-XSim-61] Executing 'COMPILE and ANALYZE' step in 'E:/bildiri ve makaleler/kitap/fpga/uygulamalar/prj_bolum5_uyg4/prj_bolum5_uyg4.sim/sim_1/behav/xsim'
"xvhdl --incr --relax -prj uyg54_vhdl.prj"
INFO: [USF-XSim-69] 'compile' step finished in '4' seconds
INFO: [USF-XSim-3] XSim::Elaborate design
INFO: [USF-XSim-61] Executing 'ELABORATE' step in 'E:/bildiri ve makaleler/kitap/fpga/uygulamalar/prj_bolum5_uyg4/prj_bolum5_uyg4.sim/sim_1/behav/xsim'
Vivado Simulator 2017.4
Copyright 1986-1999, 2001-2016 Xilinx, Inc. All Rights Reserved.
Running: C:/Xilinx/Vivado/2017.4/bin/unwrapped/win64.o/xelab.exe -wto 9e3b793383de4a30b7e92ef7c00e4c8b --incr --debug typical --relax --mt 2 -L xil_defaultlib -L secureip --snapshot uyg54_behav xil_defaultlib.uyg54 -log elaborate.log 
Using 2 slave threads.
Starting static elaboration
Completed static elaboration
INFO: [XSIM 43-4323] No Change in HDL. Linking previously generated obj files to create kernel
run_program: Time (s): cpu = 00:00:00 ; elapsed = 00:00:05 . Memory (MB): peak = 802.492 ; gain = 0.000
INFO: [USF-XSim-69] 'elaborate' step finished in '5' seconds
INFO: [USF-XSim-4] XSim::Simulate design
INFO: [USF-XSim-61] Executing 'SIMULATE' step in 'E:/bildiri ve makaleler/kitap/fpga/uygulamalar/prj_bolum5_uyg4/prj_bolum5_uyg4.sim/sim_1/behav/xsim'
INFO: [USF-XSim-98] *** Running xsim
   with args "uyg54_behav -key {Behavioral:sim_1:Functional:uyg54} -tclbatch {uyg54.tcl} -log {simulate.log}"
INFO: [USF-XSim-8] Loading simulator feature
Vivado Simulator 2017.4
Time resolution is 1 ps
source uyg54.tcl
# set curr_wave [current_wave_config]
# if { [string length $curr_wave] == 0 } {
#   if { [llength [get_objects]] > 0} {
#     add_wave /
#     set_property needs_save false [current_wave_config]
#   } else {
#      send_msg_id Add_Wave-1 WARNING "No top level signals found. Simulator will start without a wave window. If you want to open a wave window go to 'File->New Waveform Configuration' or type 'create_wave_config' in the TCL console."
#   }
# }
# run 1000ns
INFO: [USF-XSim-96] XSim completed. Design snapshot 'uyg54_behav' loaded.
INFO: [USF-XSim-97] XSim simulation ran for 1000ns
launch_simulation: Time (s): cpu = 00:00:06 ; elapsed = 00:00:15 . Memory (MB): peak = 802.492 ; gain = 0.000
add_force {/uyg54/clk} -radix hex {0 0ns} {1 50000ps} -repeat_every 100000ps
add_force {/uyg54/rst} -radix hex {0 0ns}
add_force {/uyg54/secim} -radix hex {2 0ns}
add_force {/uyg54/say1} -radix hex {d 0ns}
add_force {/uyg54/say2} -radix hex {9 0ns}
run 100 ns
ERROR: Array sizes do not match, left array has 8 elements, right array has 4 elements
Time: 1050 ns  Iteration: 0  Process: /uyg54/line__18
  File: E:/bildiri ve makaleler/kitap/fpga/uygulamalar/prj_bolum5_uyg4/prj_bolum5_uyg4.srcs/sources_1/new/uyg54.vhd

HDL Line: E:/bildiri ve makaleler/kitap/fpga/uygulamalar/prj_bolum5_uyg4/prj_bolum5_uyg4.srcs/sources_1/new/uyg54.vhd:26
close_sim
INFO: [Simtcl 6-16] Simulation closed
launch_simulation
INFO: [Vivado 12-5682] Launching behavioral simulation in 'E:/bildiri ve makaleler/kitap/fpga/uygulamalar/prj_bolum5_uyg4/prj_bolum5_uyg4.sim/sim_1/behav/xsim'
INFO: [SIM-utils-51] Simulation object is 'sim_1'
INFO: [SIM-utils-54] Inspecting design source files for 'uyg54' in fileset 'sim_1'...
INFO: [USF-XSim-97] Finding global include files...
INFO: [USF-XSim-98] Fetching design files from 'sim_1'...
INFO: [USF-XSim-2] XSim::Compile design
INFO: [USF-XSim-61] Executing 'COMPILE and ANALYZE' step in 'E:/bildiri ve makaleler/kitap/fpga/uygulamalar/prj_bolum5_uyg4/prj_bolum5_uyg4.sim/sim_1/behav/xsim'
"xvhdl --incr --relax -prj uyg54_vhdl.prj"
INFO: [USF-XSim-69] 'compile' step finished in '5' seconds
INFO: [USF-XSim-3] XSim::Elaborate design
INFO: [USF-XSim-61] Executing 'ELABORATE' step in 'E:/bildiri ve makaleler/kitap/fpga/uygulamalar/prj_bolum5_uyg4/prj_bolum5_uyg4.sim/sim_1/behav/xsim'
Vivado Simulator 2017.4
Copyright 1986-1999, 2001-2016 Xilinx, Inc. All Rights Reserved.
Running: C:/Xilinx/Vivado/2017.4/bin/unwrapped/win64.o/xelab.exe -wto 9e3b793383de4a30b7e92ef7c00e4c8b --incr --debug typical --relax --mt 2 -L xil_defaultlib -L secureip --snapshot uyg54_behav xil_defaultlib.uyg54 -log elaborate.log 
Using 2 slave threads.
Starting static elaboration
Completed static elaboration
INFO: [XSIM 43-4323] No Change in HDL. Linking previously generated obj files to create kernel
run_program: Time (s): cpu = 00:00:00 ; elapsed = 00:00:05 . Memory (MB): peak = 802.934 ; gain = 0.000
INFO: [USF-XSim-69] 'elaborate' step finished in '5' seconds
INFO: [USF-XSim-4] XSim::Simulate design
INFO: [USF-XSim-61] Executing 'SIMULATE' step in 'E:/bildiri ve makaleler/kitap/fpga/uygulamalar/prj_bolum5_uyg4/prj_bolum5_uyg4.sim/sim_1/behav/xsim'
INFO: [USF-XSim-98] *** Running xsim
   with args "uyg54_behav -key {Behavioral:sim_1:Functional:uyg54} -tclbatch {uyg54.tcl} -log {simulate.log}"
INFO: [USF-XSim-8] Loading simulator feature
Vivado Simulator 2017.4
Time resolution is 1 ps
source uyg54.tcl
# set curr_wave [current_wave_config]
# if { [string length $curr_wave] == 0 } {
#   if { [llength [get_objects]] > 0} {
#     add_wave /
#     set_property needs_save false [current_wave_config]
#   } else {
#      send_msg_id Add_Wave-1 WARNING "No top level signals found. Simulator will start without a wave window. If you want to open a wave window go to 'File->New Waveform Configuration' or type 'create_wave_config' in the TCL console."
#   }
# }
# run 1000ns
INFO: [USF-XSim-96] XSim completed. Design snapshot 'uyg54_behav' loaded.
INFO: [USF-XSim-97] XSim simulation ran for 1000ns
launch_simulation: Time (s): cpu = 00:00:08 ; elapsed = 00:00:16 . Memory (MB): peak = 802.934 ; gain = 0.000
add_force {/uyg54/clk} -radix hex {0 0ns} {1 50000ps} -repeat_every 100000ps
add_force {/uyg54/rst} -radix hex {0 0ns}
add_force {/uyg54/secim} -radix hex {1 0ns}
add_force {/uyg54/say1} -radix hex {d 0ns}
add_force {/uyg54/say2} -radix hex {6 0ns}
run 100 ns
ERROR: Array sizes do not match, left array has 8 elements, right array has 4 elements
Time: 1050 ns  Iteration: 0  Process: /uyg54/line__18
  File: E:/bildiri ve makaleler/kitap/fpga/uygulamalar/prj_bolum5_uyg4/prj_bolum5_uyg4.srcs/sources_1/new/uyg54.vhd

HDL Line: E:/bildiri ve makaleler/kitap/fpga/uygulamalar/prj_bolum5_uyg4/prj_bolum5_uyg4.srcs/sources_1/new/uyg54.vhd:25
add_bp {E:/bildiri ve makaleler/kitap/fpga/uygulamalar/prj_bolum5_uyg4/prj_bolum5_uyg4.srcs/sources_1/new/uyg54.vhd} 25
remove_bps -file {E:/bildiri ve makaleler/kitap/fpga/uygulamalar/prj_bolum5_uyg4/prj_bolum5_uyg4.srcs/sources_1/new/uyg54.vhd} -line 25
close_sim
INFO: [Simtcl 6-16] Simulation closed
launch_simulation
INFO: [Vivado 12-5682] Launching behavioral simulation in 'E:/bildiri ve makaleler/kitap/fpga/uygulamalar/prj_bolum5_uyg4/prj_bolum5_uyg4.sim/sim_1/behav/xsim'
INFO: [SIM-utils-51] Simulation object is 'sim_1'
INFO: [SIM-utils-54] Inspecting design source files for 'uyg54' in fileset 'sim_1'...
INFO: [USF-XSim-97] Finding global include files...
INFO: [USF-XSim-98] Fetching design files from 'sim_1'...
INFO: [USF-XSim-2] XSim::Compile design
INFO: [USF-XSim-61] Executing 'COMPILE and ANALYZE' step in 'E:/bildiri ve makaleler/kitap/fpga/uygulamalar/prj_bolum5_uyg4/prj_bolum5_uyg4.sim/sim_1/behav/xsim'
"xvhdl --incr --relax -prj uyg54_vhdl.prj"
INFO: [VRFC 10-163] Analyzing VHDL file "E:/bildiri ve makaleler/kitap/fpga/uygulamalar/prj_bolum5_uyg4/prj_bolum5_uyg4.srcs/sources_1/new/uyg54.vhd" into library xil_defaultlib
INFO: [VRFC 10-307] analyzing entity uyg54
INFO: [USF-XSim-69] 'compile' step finished in '5' seconds
INFO: [USF-XSim-3] XSim::Elaborate design
INFO: [USF-XSim-61] Executing 'ELABORATE' step in 'E:/bildiri ve makaleler/kitap/fpga/uygulamalar/prj_bolum5_uyg4/prj_bolum5_uyg4.sim/sim_1/behav/xsim'
Vivado Simulator 2017.4
Copyright 1986-1999, 2001-2016 Xilinx, Inc. All Rights Reserved.
Running: C:/Xilinx/Vivado/2017.4/bin/unwrapped/win64.o/xelab.exe -wto 9e3b793383de4a30b7e92ef7c00e4c8b --incr --debug typical --relax --mt 2 -L xil_defaultlib -L secureip --snapshot uyg54_behav xil_defaultlib.uyg54 -log elaborate.log 
Using 2 slave threads.
Starting static elaboration
Completed static elaboration
Starting simulation data flow analysis
Completed simulation data flow analysis
Time Resolution for simulation is 1ps
Compiling package std.standard
Compiling package std.textio
Compiling package ieee.std_logic_1164
Compiling package ieee.std_logic_arith
Compiling package ieee.std_logic_signed
Compiling architecture behavioral of entity xil_defaultlib.uyg54
Built simulation snapshot uyg54_behav
run_program: Time (s): cpu = 00:00:00 ; elapsed = 00:00:07 . Memory (MB): peak = 806.324 ; gain = 0.000
INFO: [USF-XSim-69] 'elaborate' step finished in '6' seconds
INFO: [USF-XSim-4] XSim::Simulate design
INFO: [USF-XSim-61] Executing 'SIMULATE' step in 'E:/bildiri ve makaleler/kitap/fpga/uygulamalar/prj_bolum5_uyg4/prj_bolum5_uyg4.sim/sim_1/behav/xsim'
INFO: [USF-XSim-98] *** Running xsim
   with args "uyg54_behav -key {Behavioral:sim_1:Functional:uyg54} -tclbatch {uyg54.tcl} -log {simulate.log}"
INFO: [USF-XSim-8] Loading simulator feature
Vivado Simulator 2017.4
Time resolution is 1 ps
source uyg54.tcl
# set curr_wave [current_wave_config]
# if { [string length $curr_wave] == 0 } {
#   if { [llength [get_objects]] > 0} {
#     add_wave /
#     set_property needs_save false [current_wave_config]
#   } else {
#      send_msg_id Add_Wave-1 WARNING "No top level signals found. Simulator will start without a wave window. If you want to open a wave window go to 'File->New Waveform Configuration' or type 'create_wave_config' in the TCL console."
#   }
# }
# run 1000ns
INFO: [USF-XSim-96] XSim completed. Design snapshot 'uyg54_behav' loaded.
INFO: [USF-XSim-97] XSim simulation ran for 1000ns
launch_simulation: Time (s): cpu = 00:00:07 ; elapsed = 00:00:18 . Memory (MB): peak = 806.324 ; gain = 0.000
add_force {/uyg54/clk} -radix hex {0 0ns} {1 50000ps} -repeat_every 100000ps
add_force {/uyg54/rst} -radix hex {0 0ns}
add_force {/uyg54/say1} -radix hex {d 0ns}
add_force {/uyg54/say2} -radix hex {6 0ns}
run 100 ns
ERROR: Array sizes do not match, left array has 8 elements, right array has 4 elements
Time: 1050 ns  Iteration: 0  Process: /uyg54/line__18
  File: E:/bildiri ve makaleler/kitap/fpga/uygulamalar/prj_bolum5_uyg4/prj_bolum5_uyg4.srcs/sources_1/new/uyg54.vhd

HDL Line: E:/bildiri ve makaleler/kitap/fpga/uygulamalar/prj_bolum5_uyg4/prj_bolum5_uyg4.srcs/sources_1/new/uyg54.vhd:24
close_sim
INFO: [Simtcl 6-16] Simulation closed
launch_simulation
INFO: [Vivado 12-5682] Launching behavioral simulation in 'E:/bildiri ve makaleler/kitap/fpga/uygulamalar/prj_bolum5_uyg4/prj_bolum5_uyg4.sim/sim_1/behav/xsim'
INFO: [SIM-utils-51] Simulation object is 'sim_1'
INFO: [SIM-utils-54] Inspecting design source files for 'uyg54' in fileset 'sim_1'...
INFO: [USF-XSim-97] Finding global include files...
INFO: [USF-XSim-98] Fetching design files from 'sim_1'...
INFO: [USF-XSim-2] XSim::Compile design
INFO: [USF-XSim-61] Executing 'COMPILE and ANALYZE' step in 'E:/bildiri ve makaleler/kitap/fpga/uygulamalar/prj_bolum5_uyg4/prj_bolum5_uyg4.sim/sim_1/behav/xsim'
"xvhdl --incr --relax -prj uyg54_vhdl.prj"
INFO: [USF-XSim-69] 'compile' step finished in '4' seconds
INFO: [USF-XSim-3] XSim::Elaborate design
INFO: [USF-XSim-61] Executing 'ELABORATE' step in 'E:/bildiri ve makaleler/kitap/fpga/uygulamalar/prj_bolum5_uyg4/prj_bolum5_uyg4.sim/sim_1/behav/xsim'
Vivado Simulator 2017.4
Copyright 1986-1999, 2001-2016 Xilinx, Inc. All Rights Reserved.
Running: C:/Xilinx/Vivado/2017.4/bin/unwrapped/win64.o/xelab.exe -wto 9e3b793383de4a30b7e92ef7c00e4c8b --incr --debug typical --relax --mt 2 -L xil_defaultlib -L secureip --snapshot uyg54_behav xil_defaultlib.uyg54 -log elaborate.log 
Using 2 slave threads.
Starting static elaboration
Completed static elaboration
INFO: [XSIM 43-4323] No Change in HDL. Linking previously generated obj files to create kernel
run_program: Time (s): cpu = 00:00:00 ; elapsed = 00:00:05 . Memory (MB): peak = 806.324 ; gain = 0.000
INFO: [USF-XSim-69] 'elaborate' step finished in '5' seconds
INFO: [USF-XSim-4] XSim::Simulate design
INFO: [USF-XSim-61] Executing 'SIMULATE' step in 'E:/bildiri ve makaleler/kitap/fpga/uygulamalar/prj_bolum5_uyg4/prj_bolum5_uyg4.sim/sim_1/behav/xsim'
INFO: [USF-XSim-98] *** Running xsim
   with args "uyg54_behav -key {Behavioral:sim_1:Functional:uyg54} -tclbatch {uyg54.tcl} -log {simulate.log}"
INFO: [USF-XSim-8] Loading simulator feature
Vivado Simulator 2017.4
Time resolution is 1 ps
source uyg54.tcl
# set curr_wave [current_wave_config]
# if { [string length $curr_wave] == 0 } {
#   if { [llength [get_objects]] > 0} {
#     add_wave /
#     set_property needs_save false [current_wave_config]
#   } else {
#      send_msg_id Add_Wave-1 WARNING "No top level signals found. Simulator will start without a wave window. If you want to open a wave window go to 'File->New Waveform Configuration' or type 'create_wave_config' in the TCL console."
#   }
# }
# run 1000ns
INFO: [USF-XSim-96] XSim completed. Design snapshot 'uyg54_behav' loaded.
INFO: [USF-XSim-97] XSim simulation ran for 1000ns
launch_simulation: Time (s): cpu = 00:00:08 ; elapsed = 00:00:16 . Memory (MB): peak = 806.324 ; gain = 0.000
close_sim
INFO: [Simtcl 6-16] Simulation closed
launch_simulation
INFO: [Vivado 12-5682] Launching behavioral simulation in 'E:/bildiri ve makaleler/kitap/fpga/uygulamalar/prj_bolum5_uyg4/prj_bolum5_uyg4.sim/sim_1/behav/xsim'
INFO: [SIM-utils-51] Simulation object is 'sim_1'
INFO: [SIM-utils-54] Inspecting design source files for 'uyg54' in fileset 'sim_1'...
INFO: [USF-XSim-97] Finding global include files...
INFO: [USF-XSim-98] Fetching design files from 'sim_1'...
INFO: [USF-XSim-2] XSim::Compile design
INFO: [USF-XSim-61] Executing 'COMPILE and ANALYZE' step in 'E:/bildiri ve makaleler/kitap/fpga/uygulamalar/prj_bolum5_uyg4/prj_bolum5_uyg4.sim/sim_1/behav/xsim'
"xvhdl --incr --relax -prj uyg54_vhdl.prj"
INFO: [VRFC 10-163] Analyzing VHDL file "E:/bildiri ve makaleler/kitap/fpga/uygulamalar/prj_bolum5_uyg4/prj_bolum5_uyg4.srcs/sources_1/new/uyg54.vhd" into library xil_defaultlib
INFO: [VRFC 10-307] analyzing entity uyg54
INFO: [USF-XSim-69] 'compile' step finished in '5' seconds
INFO: [USF-XSim-3] XSim::Elaborate design
INFO: [USF-XSim-61] Executing 'ELABORATE' step in 'E:/bildiri ve makaleler/kitap/fpga/uygulamalar/prj_bolum5_uyg4/prj_bolum5_uyg4.sim/sim_1/behav/xsim'
Vivado Simulator 2017.4
Copyright 1986-1999, 2001-2016 Xilinx, Inc. All Rights Reserved.
Running: C:/Xilinx/Vivado/2017.4/bin/unwrapped/win64.o/xelab.exe -wto 9e3b793383de4a30b7e92ef7c00e4c8b --incr --debug typical --relax --mt 2 -L xil_defaultlib -L secureip --snapshot uyg54_behav xil_defaultlib.uyg54 -log elaborate.log 
Using 2 slave threads.
Starting static elaboration
Completed static elaboration
Starting simulation data flow analysis
Completed simulation data flow analysis
Time Resolution for simulation is 1ps
Compiling package std.standard
Compiling package std.textio
Compiling package ieee.std_logic_1164
Compiling package ieee.std_logic_arith
Compiling package ieee.std_logic_signed
Compiling architecture behavioral of entity xil_defaultlib.uyg54
Built simulation snapshot uyg54_behav
run_program: Time (s): cpu = 00:00:01 ; elapsed = 00:00:07 . Memory (MB): peak = 806.324 ; gain = 0.000
INFO: [USF-XSim-69] 'elaborate' step finished in '7' seconds
INFO: [USF-XSim-4] XSim::Simulate design
INFO: [USF-XSim-61] Executing 'SIMULATE' step in 'E:/bildiri ve makaleler/kitap/fpga/uygulamalar/prj_bolum5_uyg4/prj_bolum5_uyg4.sim/sim_1/behav/xsim'
INFO: [USF-XSim-98] *** Running xsim
   with args "uyg54_behav -key {Behavioral:sim_1:Functional:uyg54} -tclbatch {uyg54.tcl} -log {simulate.log}"
INFO: [USF-XSim-8] Loading simulator feature
Vivado Simulator 2017.4
Time resolution is 1 ps
source uyg54.tcl
# set curr_wave [current_wave_config]
# if { [string length $curr_wave] == 0 } {
#   if { [llength [get_objects]] > 0} {
#     add_wave /
#     set_property needs_save false [current_wave_config]
#   } else {
#      send_msg_id Add_Wave-1 WARNING "No top level signals found. Simulator will start without a wave window. If you want to open a wave window go to 'File->New Waveform Configuration' or type 'create_wave_config' in the TCL console."
#   }
# }
# run 1000ns
INFO: [USF-XSim-96] XSim completed. Design snapshot 'uyg54_behav' loaded.
INFO: [USF-XSim-97] XSim simulation ran for 1000ns
launch_simulation: Time (s): cpu = 00:00:07 ; elapsed = 00:00:18 . Memory (MB): peak = 806.324 ; gain = 0.000
add_force {/uyg54/clk} -radix hex {0 0ns} {1 50000ps} -repeat_every 100000ps
add_force {/uyg54/rst} -radix hex {0 0ns}
add_force {/uyg54/say1} -radix hex {d 0ns}
add_force {/uyg54/say2} -radix hex {6 0ns}
run 100 ns
add_force {/uyg54/say1} -radix hex {3 0ns}
run 100 ns
add_force {/uyg54/say1} -radix hex {8 0ns}
run 100 ns
close_sim
INFO: [Simtcl 6-16] Simulation closed
launch_simulation
INFO: [Vivado 12-5682] Launching behavioral simulation in 'E:/bildiri ve makaleler/kitap/fpga/uygulamalar/prj_bolum5_uyg4/prj_bolum5_uyg4.sim/sim_1/behav/xsim'
INFO: [SIM-utils-51] Simulation object is 'sim_1'
INFO: [SIM-utils-54] Inspecting design source files for 'uyg54' in fileset 'sim_1'...
INFO: [USF-XSim-97] Finding global include files...
INFO: [USF-XSim-98] Fetching design files from 'sim_1'...
INFO: [USF-XSim-2] XSim::Compile design
INFO: [USF-XSim-61] Executing 'COMPILE and ANALYZE' step in 'E:/bildiri ve makaleler/kitap/fpga/uygulamalar/prj_bolum5_uyg4/prj_bolum5_uyg4.sim/sim_1/behav/xsim'
"xvhdl --incr --relax -prj uyg54_vhdl.prj"
INFO: [VRFC 10-163] Analyzing VHDL file "E:/bildiri ve makaleler/kitap/fpga/uygulamalar/prj_bolum5_uyg4/prj_bolum5_uyg4.srcs/sources_1/new/uyg54.vhd" into library xil_defaultlib
INFO: [VRFC 10-307] analyzing entity uyg54
INFO: [USF-XSim-69] 'compile' step finished in '5' seconds
INFO: [USF-XSim-3] XSim::Elaborate design
INFO: [USF-XSim-61] Executing 'ELABORATE' step in 'E:/bildiri ve makaleler/kitap/fpga/uygulamalar/prj_bolum5_uyg4/prj_bolum5_uyg4.sim/sim_1/behav/xsim'
Vivado Simulator 2017.4
Copyright 1986-1999, 2001-2016 Xilinx, Inc. All Rights Reserved.
Running: C:/Xilinx/Vivado/2017.4/bin/unwrapped/win64.o/xelab.exe -wto 9e3b793383de4a30b7e92ef7c00e4c8b --incr --debug typical --relax --mt 2 -L xil_defaultlib -L secureip --snapshot uyg54_behav xil_defaultlib.uyg54 -log elaborate.log 
Using 2 slave threads.
Starting static elaboration
Completed static elaboration
Starting simulation data flow analysis
Completed simulation data flow analysis
Time Resolution for simulation is 1ps
Compiling package std.standard
Compiling package std.textio
Compiling package ieee.std_logic_1164
Compiling package ieee.std_logic_arith
Compiling package ieee.std_logic_signed
Compiling architecture behavioral of entity xil_defaultlib.uyg54
Built simulation snapshot uyg54_behav
run_program: Time (s): cpu = 00:00:01 ; elapsed = 00:00:07 . Memory (MB): peak = 822.512 ; gain = 0.000
INFO: [USF-XSim-69] 'elaborate' step finished in '7' seconds
INFO: [USF-XSim-4] XSim::Simulate design
INFO: [USF-XSim-61] Executing 'SIMULATE' step in 'E:/bildiri ve makaleler/kitap/fpga/uygulamalar/prj_bolum5_uyg4/prj_bolum5_uyg4.sim/sim_1/behav/xsim'
INFO: [USF-XSim-98] *** Running xsim
   with args "uyg54_behav -key {Behavioral:sim_1:Functional:uyg54} -tclbatch {uyg54.tcl} -log {simulate.log}"
INFO: [USF-XSim-8] Loading simulator feature
Vivado Simulator 2017.4
Time resolution is 1 ps
source uyg54.tcl
# set curr_wave [current_wave_config]
# if { [string length $curr_wave] == 0 } {
#   if { [llength [get_objects]] > 0} {
#     add_wave /
#     set_property needs_save false [current_wave_config]
#   } else {
#      send_msg_id Add_Wave-1 WARNING "No top level signals found. Simulator will start without a wave window. If you want to open a wave window go to 'File->New Waveform Configuration' or type 'create_wave_config' in the TCL console."
#   }
# }
# run 1000ns
INFO: [USF-XSim-96] XSim completed. Design snapshot 'uyg54_behav' loaded.
INFO: [USF-XSim-97] XSim simulation ran for 1000ns
launch_simulation: Time (s): cpu = 00:00:07 ; elapsed = 00:00:18 . Memory (MB): peak = 822.512 ; gain = 0.000
add_force {/uyg54/clk} -radix hex {0 0ns} {1 50000ps} -repeat_every 100000ps
add_force {/uyg54/rst} -radix hex {0 0ns}
add_force {/uyg54/say1} -radix hex {8 0ns}
add_force {/uyg54/say2} -radix hex {6 0ns}
run 100 ns
ERROR: Array sizes do not match, left array has 7 elements, right array has 8 elements
Time: 1050 ns  Iteration: 0  Process: /uyg54/line__18
  File: E:/bildiri ve makaleler/kitap/fpga/uygulamalar/prj_bolum5_uyg4/prj_bolum5_uyg4.srcs/sources_1/new/uyg54.vhd

HDL Line: E:/bildiri ve makaleler/kitap/fpga/uygulamalar/prj_bolum5_uyg4/prj_bolum5_uyg4.srcs/sources_1/new/uyg54.vhd:24
close_sim
INFO: [Simtcl 6-16] Simulation closed
launch_simulation
INFO: [Vivado 12-5682] Launching behavioral simulation in 'E:/bildiri ve makaleler/kitap/fpga/uygulamalar/prj_bolum5_uyg4/prj_bolum5_uyg4.sim/sim_1/behav/xsim'
INFO: [SIM-utils-51] Simulation object is 'sim_1'
INFO: [SIM-utils-54] Inspecting design source files for 'uyg54' in fileset 'sim_1'...
INFO: [USF-XSim-97] Finding global include files...
INFO: [USF-XSim-98] Fetching design files from 'sim_1'...
INFO: [USF-XSim-2] XSim::Compile design
INFO: [USF-XSim-61] Executing 'COMPILE and ANALYZE' step in 'E:/bildiri ve makaleler/kitap/fpga/uygulamalar/prj_bolum5_uyg4/prj_bolum5_uyg4.sim/sim_1/behav/xsim'
"xvhdl --incr --relax -prj uyg54_vhdl.prj"
INFO: [VRFC 10-163] Analyzing VHDL file "E:/bildiri ve makaleler/kitap/fpga/uygulamalar/prj_bolum5_uyg4/prj_bolum5_uyg4.srcs/sources_1/new/uyg54.vhd" into library xil_defaultlib
INFO: [VRFC 10-307] analyzing entity uyg54
INFO: [USF-XSim-69] 'compile' step finished in '5' seconds
INFO: [USF-XSim-3] XSim::Elaborate design
INFO: [USF-XSim-61] Executing 'ELABORATE' step in 'E:/bildiri ve makaleler/kitap/fpga/uygulamalar/prj_bolum5_uyg4/prj_bolum5_uyg4.sim/sim_1/behav/xsim'
Vivado Simulator 2017.4
Copyright 1986-1999, 2001-2016 Xilinx, Inc. All Rights Reserved.
Running: C:/Xilinx/Vivado/2017.4/bin/unwrapped/win64.o/xelab.exe -wto 9e3b793383de4a30b7e92ef7c00e4c8b --incr --debug typical --relax --mt 2 -L xil_defaultlib -L secureip --snapshot uyg54_behav xil_defaultlib.uyg54 -log elaborate.log 
Using 2 slave threads.
Starting static elaboration
Completed static elaboration
Starting simulation data flow analysis
Completed simulation data flow analysis
Time Resolution for simulation is 1ps
Compiling package std.standard
Compiling package std.textio
Compiling package ieee.std_logic_1164
Compiling package ieee.std_logic_arith
Compiling package ieee.std_logic_signed
Compiling architecture behavioral of entity xil_defaultlib.uyg54
Built simulation snapshot uyg54_behav
run_program: Time (s): cpu = 00:00:00 ; elapsed = 00:00:06 . Memory (MB): peak = 822.512 ; gain = 0.000
INFO: [USF-XSim-69] 'elaborate' step finished in '7' seconds
INFO: [USF-XSim-4] XSim::Simulate design
INFO: [USF-XSim-61] Executing 'SIMULATE' step in 'E:/bildiri ve makaleler/kitap/fpga/uygulamalar/prj_bolum5_uyg4/prj_bolum5_uyg4.sim/sim_1/behav/xsim'
INFO: [USF-XSim-98] *** Running xsim
   with args "uyg54_behav -key {Behavioral:sim_1:Functional:uyg54} -tclbatch {uyg54.tcl} -log {simulate.log}"
INFO: [USF-XSim-8] Loading simulator feature
Vivado Simulator 2017.4
Time resolution is 1 ps
source uyg54.tcl
# set curr_wave [current_wave_config]
# if { [string length $curr_wave] == 0 } {
#   if { [llength [get_objects]] > 0} {
#     add_wave /
#     set_property needs_save false [current_wave_config]
#   } else {
#      send_msg_id Add_Wave-1 WARNING "No top level signals found. Simulator will start without a wave window. If you want to open a wave window go to 'File->New Waveform Configuration' or type 'create_wave_config' in the TCL console."
#   }
# }
# run 1000ns
INFO: [USF-XSim-96] XSim completed. Design snapshot 'uyg54_behav' loaded.
INFO: [USF-XSim-97] XSim simulation ran for 1000ns
launch_simulation: Time (s): cpu = 00:00:08 ; elapsed = 00:00:18 . Memory (MB): peak = 822.512 ; gain = 0.000
add_force {/uyg54/clk} -radix hex {0 0ns} {1 50000ps} -repeat_every 100000ps
add_force {/uyg54/say1} -radix hex {d 0ns}
add_force {/uyg54/say2} -radix hex {8 0ns}
run 100 ns
close_sim
INFO: [Simtcl 6-16] Simulation closed
launch_simulation
INFO: [Vivado 12-5682] Launching behavioral simulation in 'E:/bildiri ve makaleler/kitap/fpga/uygulamalar/prj_bolum5_uyg4/prj_bolum5_uyg4.sim/sim_1/behav/xsim'
INFO: [SIM-utils-51] Simulation object is 'sim_1'
INFO: [SIM-utils-54] Inspecting design source files for 'uyg54' in fileset 'sim_1'...
INFO: [USF-XSim-97] Finding global include files...
INFO: [USF-XSim-98] Fetching design files from 'sim_1'...
INFO: [USF-XSim-2] XSim::Compile design
INFO: [USF-XSim-61] Executing 'COMPILE and ANALYZE' step in 'E:/bildiri ve makaleler/kitap/fpga/uygulamalar/prj_bolum5_uyg4/prj_bolum5_uyg4.sim/sim_1/behav/xsim'
"xvhdl --incr --relax -prj uyg54_vhdl.prj"
INFO: [VRFC 10-163] Analyzing VHDL file "E:/bildiri ve makaleler/kitap/fpga/uygulamalar/prj_bolum5_uyg4/prj_bolum5_uyg4.srcs/sources_1/new/uyg54.vhd" into library xil_defaultlib
INFO: [VRFC 10-307] analyzing entity uyg54
INFO: [USF-XSim-69] 'compile' step finished in '5' seconds
INFO: [USF-XSim-3] XSim::Elaborate design
INFO: [USF-XSim-61] Executing 'ELABORATE' step in 'E:/bildiri ve makaleler/kitap/fpga/uygulamalar/prj_bolum5_uyg4/prj_bolum5_uyg4.sim/sim_1/behav/xsim'
Vivado Simulator 2017.4
Copyright 1986-1999, 2001-2016 Xilinx, Inc. All Rights Reserved.
Running: C:/Xilinx/Vivado/2017.4/bin/unwrapped/win64.o/xelab.exe -wto 9e3b793383de4a30b7e92ef7c00e4c8b --incr --debug typical --relax --mt 2 -L xil_defaultlib -L secureip --snapshot uyg54_behav xil_defaultlib.uyg54 -log elaborate.log 
Using 2 slave threads.
Starting static elaboration
Completed static elaboration
Starting simulation data flow analysis
Completed simulation data flow analysis
Time Resolution for simulation is 1ps
Compiling package std.standard
Compiling package std.textio
Compiling package ieee.std_logic_1164
Compiling package ieee.std_logic_arith
Compiling package ieee.std_logic_signed
Compiling architecture behavioral of entity xil_defaultlib.uyg54
Built simulation snapshot uyg54_behav
run_program: Time (s): cpu = 00:00:00 ; elapsed = 00:00:07 . Memory (MB): peak = 833.211 ; gain = 0.000
INFO: [USF-XSim-69] 'elaborate' step finished in '7' seconds
INFO: [USF-XSim-4] XSim::Simulate design
INFO: [USF-XSim-61] Executing 'SIMULATE' step in 'E:/bildiri ve makaleler/kitap/fpga/uygulamalar/prj_bolum5_uyg4/prj_bolum5_uyg4.sim/sim_1/behav/xsim'
INFO: [USF-XSim-98] *** Running xsim
   with args "uyg54_behav -key {Behavioral:sim_1:Functional:uyg54} -tclbatch {uyg54.tcl} -log {simulate.log}"
INFO: [USF-XSim-8] Loading simulator feature
Vivado Simulator 2017.4
Time resolution is 1 ps
source uyg54.tcl
# set curr_wave [current_wave_config]
# if { [string length $curr_wave] == 0 } {
#   if { [llength [get_objects]] > 0} {
#     add_wave /
#     set_property needs_save false [current_wave_config]
#   } else {
#      send_msg_id Add_Wave-1 WARNING "No top level signals found. Simulator will start without a wave window. If you want to open a wave window go to 'File->New Waveform Configuration' or type 'create_wave_config' in the TCL console."
#   }
# }
# run 1000ns
INFO: [USF-XSim-96] XSim completed. Design snapshot 'uyg54_behav' loaded.
INFO: [USF-XSim-97] XSim simulation ran for 1000ns
launch_simulation: Time (s): cpu = 00:00:07 ; elapsed = 00:00:18 . Memory (MB): peak = 833.211 ; gain = 0.000
add_force {/uyg54/clk} -radix hex {0 0ns} {1 50000ps} -repeat_every 100000ps
add_force {/uyg54/say1} -radix hex {d 0ns}
add_force {/uyg54/say2} -radix hex {9 0ns}
run 100 ns
ERROR: Array sizes do not match, left array has 6 elements, right array has 4 elements
Time: 1050 ns  Iteration: 0  Process: /uyg54/line__18
  File: E:/bildiri ve makaleler/kitap/fpga/uygulamalar/prj_bolum5_uyg4/prj_bolum5_uyg4.srcs/sources_1/new/uyg54.vhd

HDL Line: E:/bildiri ve makaleler/kitap/fpga/uygulamalar/prj_bolum5_uyg4/prj_bolum5_uyg4.srcs/sources_1/new/uyg54.vhd:24
close_sim
INFO: [Simtcl 6-16] Simulation closed
launch_simulation
INFO: [Vivado 12-5682] Launching behavioral simulation in 'E:/bildiri ve makaleler/kitap/fpga/uygulamalar/prj_bolum5_uyg4/prj_bolum5_uyg4.sim/sim_1/behav/xsim'
INFO: [SIM-utils-51] Simulation object is 'sim_1'
INFO: [SIM-utils-54] Inspecting design source files for 'uyg54' in fileset 'sim_1'...
INFO: [USF-XSim-97] Finding global include files...
INFO: [USF-XSim-98] Fetching design files from 'sim_1'...
INFO: [USF-XSim-2] XSim::Compile design
INFO: [USF-XSim-61] Executing 'COMPILE and ANALYZE' step in 'E:/bildiri ve makaleler/kitap/fpga/uygulamalar/prj_bolum5_uyg4/prj_bolum5_uyg4.sim/sim_1/behav/xsim'
"xvhdl --incr --relax -prj uyg54_vhdl.prj"
run_program: Time (s): cpu = 00:00:01 ; elapsed = 00:00:08 . Memory (MB): peak = 833.211 ; gain = 0.000
INFO: [USF-XSim-69] 'compile' step finished in '8' seconds
INFO: [USF-XSim-3] XSim::Elaborate design
INFO: [USF-XSim-61] Executing 'ELABORATE' step in 'E:/bildiri ve makaleler/kitap/fpga/uygulamalar/prj_bolum5_uyg4/prj_bolum5_uyg4.sim/sim_1/behav/xsim'
Vivado Simulator 2017.4
Copyright 1986-1999, 2001-2016 Xilinx, Inc. All Rights Reserved.
Running: C:/Xilinx/Vivado/2017.4/bin/unwrapped/win64.o/xelab.exe -wto 9e3b793383de4a30b7e92ef7c00e4c8b --incr --debug typical --relax --mt 2 -L xil_defaultlib -L secureip --snapshot uyg54_behav xil_defaultlib.uyg54 -log elaborate.log 
Using 2 slave threads.
Starting static elaboration
Completed static elaboration
INFO: [XSIM 43-4323] No Change in HDL. Linking previously generated obj files to create kernel
run_program: Time (s): cpu = 00:00:01 ; elapsed = 00:00:18 . Memory (MB): peak = 833.211 ; gain = 0.000
INFO: [USF-XSim-69] 'elaborate' step finished in '19' seconds
INFO: [USF-XSim-4] XSim::Simulate design
INFO: [USF-XSim-61] Executing 'SIMULATE' step in 'E:/bildiri ve makaleler/kitap/fpga/uygulamalar/prj_bolum5_uyg4/prj_bolum5_uyg4.sim/sim_1/behav/xsim'
INFO: [USF-XSim-98] *** Running xsim
   with args "uyg54_behav -key {Behavioral:sim_1:Functional:uyg54} -tclbatch {uyg54.tcl} -log {simulate.log}"
INFO: [USF-XSim-8] Loading simulator feature
Vivado Simulator 2017.4
Time resolution is 1 ps
source uyg54.tcl
# set curr_wave [current_wave_config]
# if { [string length $curr_wave] == 0 } {
#   if { [llength [get_objects]] > 0} {
#     add_wave /
#     set_property needs_save false [current_wave_config]
#   } else {
#      send_msg_id Add_Wave-1 WARNING "No top level signals found. Simulator will start without a wave window. If you want to open a wave window go to 'File->New Waveform Configuration' or type 'create_wave_config' in the TCL console."
#   }
# }
# run 1000ns
run: Time (s): cpu = 00:00:04 ; elapsed = 00:00:05 . Memory (MB): peak = 833.211 ; gain = 0.000
xsim: Time (s): cpu = 00:00:08 ; elapsed = 00:00:15 . Memory (MB): peak = 833.211 ; gain = 0.000
INFO: [USF-XSim-96] XSim completed. Design snapshot 'uyg54_behav' loaded.
INFO: [USF-XSim-97] XSim simulation ran for 1000ns
launch_simulation: Time (s): cpu = 00:00:12 ; elapsed = 00:00:44 . Memory (MB): peak = 833.211 ; gain = 0.000
add_force {/uyg54/clk} -radix hex {0 0ns} {1 50000ps} -repeat_every 100000ps
add_force {/uyg54/say1} -radix hex {5 0ns}
add_force {/uyg54/say2} -radix hex {3 0ns}
run 100 ns
ERROR: Array sizes do not match, left array has 6 elements, right array has 4 elements
Time: 1050 ns  Iteration: 0  Process: /uyg54/line__18
  File: E:/bildiri ve makaleler/kitap/fpga/uygulamalar/prj_bolum5_uyg4/prj_bolum5_uyg4.srcs/sources_1/new/uyg54.vhd

HDL Line: E:/bildiri ve makaleler/kitap/fpga/uygulamalar/prj_bolum5_uyg4/prj_bolum5_uyg4.srcs/sources_1/new/uyg54.vhd:24
close_sim
INFO: [Simtcl 6-16] Simulation closed
launch_simulation
INFO: [Vivado 12-5682] Launching behavioral simulation in 'E:/bildiri ve makaleler/kitap/fpga/uygulamalar/prj_bolum5_uyg4/prj_bolum5_uyg4.sim/sim_1/behav/xsim'
INFO: [SIM-utils-51] Simulation object is 'sim_1'
INFO: [SIM-utils-54] Inspecting design source files for 'uyg54' in fileset 'sim_1'...
INFO: [USF-XSim-97] Finding global include files...
INFO: [USF-XSim-98] Fetching design files from 'sim_1'...
INFO: [USF-XSim-2] XSim::Compile design
INFO: [USF-XSim-61] Executing 'COMPILE and ANALYZE' step in 'E:/bildiri ve makaleler/kitap/fpga/uygulamalar/prj_bolum5_uyg4/prj_bolum5_uyg4.sim/sim_1/behav/xsim'
"xvhdl --incr --relax -prj uyg54_vhdl.prj"
run_program: Time (s): cpu = 00:00:00 ; elapsed = 00:00:05 . Memory (MB): peak = 833.211 ; gain = 0.000
INFO: [USF-XSim-69] 'compile' step finished in '5' seconds
INFO: [USF-XSim-3] XSim::Elaborate design
INFO: [USF-XSim-61] Executing 'ELABORATE' step in 'E:/bildiri ve makaleler/kitap/fpga/uygulamalar/prj_bolum5_uyg4/prj_bolum5_uyg4.sim/sim_1/behav/xsim'
Vivado Simulator 2017.4
Copyright 1986-1999, 2001-2016 Xilinx, Inc. All Rights Reserved.
Running: C:/Xilinx/Vivado/2017.4/bin/unwrapped/win64.o/xelab.exe -wto 9e3b793383de4a30b7e92ef7c00e4c8b --incr --debug typical --relax --mt 2 -L xil_defaultlib -L secureip --snapshot uyg54_behav xil_defaultlib.uyg54 -log elaborate.log 
Using 2 slave threads.
Starting static elaboration
Completed static elaboration
INFO: [XSIM 43-4323] No Change in HDL. Linking previously generated obj files to create kernel
run_program: Time (s): cpu = 00:00:00 ; elapsed = 00:00:05 . Memory (MB): peak = 833.211 ; gain = 0.000
INFO: [USF-XSim-69] 'elaborate' step finished in '6' seconds
INFO: [USF-XSim-4] XSim::Simulate design
INFO: [USF-XSim-61] Executing 'SIMULATE' step in 'E:/bildiri ve makaleler/kitap/fpga/uygulamalar/prj_bolum5_uyg4/prj_bolum5_uyg4.sim/sim_1/behav/xsim'
INFO: [USF-XSim-98] *** Running xsim
   with args "uyg54_behav -key {Behavioral:sim_1:Functional:uyg54} -tclbatch {uyg54.tcl} -log {simulate.log}"
INFO: [USF-XSim-8] Loading simulator feature
Vivado Simulator 2017.4
Time resolution is 1 ps
source uyg54.tcl
# set curr_wave [current_wave_config]
# if { [string length $curr_wave] == 0 } {
#   if { [llength [get_objects]] > 0} {
#     add_wave /
#     set_property needs_save false [current_wave_config]
#   } else {
#      send_msg_id Add_Wave-1 WARNING "No top level signals found. Simulator will start without a wave window. If you want to open a wave window go to 'File->New Waveform Configuration' or type 'create_wave_config' in the TCL console."
#   }
# }
# run 1000ns
xsim: Time (s): cpu = 00:00:08 ; elapsed = 00:00:05 . Memory (MB): peak = 833.211 ; gain = 0.000
INFO: [USF-XSim-96] XSim completed. Design snapshot 'uyg54_behav' loaded.
INFO: [USF-XSim-97] XSim simulation ran for 1000ns
launch_simulation: Time (s): cpu = 00:00:10 ; elapsed = 00:00:17 . Memory (MB): peak = 833.211 ; gain = 0.000
add_force {/uyg54/clk} -radix hex {0 0ns} {1 50000ps} -repeat_every 100000ps
add_force {/uyg54/say1} -radix hex {a 0ns}
add_force {/uyg54/say2} -radix hex {8 0ns}
run 100 ns
ERROR: Array sizes do not match, left array has 6 elements, right array has 4 elements
Time: 1050 ns  Iteration: 0  Process: /uyg54/line__18
  File: E:/bildiri ve makaleler/kitap/fpga/uygulamalar/prj_bolum5_uyg4/prj_bolum5_uyg4.srcs/sources_1/new/uyg54.vhd

HDL Line: E:/bildiri ve makaleler/kitap/fpga/uygulamalar/prj_bolum5_uyg4/prj_bolum5_uyg4.srcs/sources_1/new/uyg54.vhd:24
close_sim
INFO: [Simtcl 6-16] Simulation closed
launch_simulation
INFO: [Vivado 12-5682] Launching behavioral simulation in 'E:/bildiri ve makaleler/kitap/fpga/uygulamalar/prj_bolum5_uyg4/prj_bolum5_uyg4.sim/sim_1/behav/xsim'
INFO: [SIM-utils-51] Simulation object is 'sim_1'
INFO: [SIM-utils-54] Inspecting design source files for 'uyg54' in fileset 'sim_1'...
INFO: [USF-XSim-97] Finding global include files...
INFO: [USF-XSim-98] Fetching design files from 'sim_1'...
INFO: [USF-XSim-2] XSim::Compile design
INFO: [USF-XSim-61] Executing 'COMPILE and ANALYZE' step in 'E:/bildiri ve makaleler/kitap/fpga/uygulamalar/prj_bolum5_uyg4/prj_bolum5_uyg4.sim/sim_1/behav/xsim'
"xvhdl --incr --relax -prj uyg54_vhdl.prj"
INFO: [VRFC 10-163] Analyzing VHDL file "E:/bildiri ve makaleler/kitap/fpga/uygulamalar/prj_bolum5_uyg4/prj_bolum5_uyg4.srcs/sources_1/new/uyg54.vhd" into library xil_defaultlib
INFO: [VRFC 10-307] analyzing entity uyg54
INFO: [USF-XSim-69] 'compile' step finished in '5' seconds
INFO: [USF-XSim-3] XSim::Elaborate design
INFO: [USF-XSim-61] Executing 'ELABORATE' step in 'E:/bildiri ve makaleler/kitap/fpga/uygulamalar/prj_bolum5_uyg4/prj_bolum5_uyg4.sim/sim_1/behav/xsim'
Vivado Simulator 2017.4
Copyright 1986-1999, 2001-2016 Xilinx, Inc. All Rights Reserved.
Running: C:/Xilinx/Vivado/2017.4/bin/unwrapped/win64.o/xelab.exe -wto 9e3b793383de4a30b7e92ef7c00e4c8b --incr --debug typical --relax --mt 2 -L xil_defaultlib -L secureip --snapshot uyg54_behav xil_defaultlib.uyg54 -log elaborate.log 
Using 2 slave threads.
Starting static elaboration
Completed static elaboration
Starting simulation data flow analysis
Completed simulation data flow analysis
Time Resolution for simulation is 1ps
Compiling package std.standard
Compiling package std.textio
Compiling package ieee.std_logic_1164
Compiling package ieee.std_logic_arith
Compiling package ieee.std_logic_signed
Compiling architecture behavioral of entity xil_defaultlib.uyg54
Built simulation snapshot uyg54_behav
run_program: Time (s): cpu = 00:00:01 ; elapsed = 00:00:07 . Memory (MB): peak = 833.211 ; gain = 0.000
INFO: [USF-XSim-69] 'elaborate' step finished in '7' seconds
INFO: [USF-XSim-4] XSim::Simulate design
INFO: [USF-XSim-61] Executing 'SIMULATE' step in 'E:/bildiri ve makaleler/kitap/fpga/uygulamalar/prj_bolum5_uyg4/prj_bolum5_uyg4.sim/sim_1/behav/xsim'
INFO: [USF-XSim-98] *** Running xsim
   with args "uyg54_behav -key {Behavioral:sim_1:Functional:uyg54} -tclbatch {uyg54.tcl} -log {simulate.log}"
INFO: [USF-XSim-8] Loading simulator feature
Vivado Simulator 2017.4
Time resolution is 1 ps
source uyg54.tcl
# set curr_wave [current_wave_config]
# if { [string length $curr_wave] == 0 } {
#   if { [llength [get_objects]] > 0} {
#     add_wave /
#     set_property needs_save false [current_wave_config]
#   } else {
#      send_msg_id Add_Wave-1 WARNING "No top level signals found. Simulator will start without a wave window. If you want to open a wave window go to 'File->New Waveform Configuration' or type 'create_wave_config' in the TCL console."
#   }
# }
# run 1000ns
xsim: Time (s): cpu = 00:00:09 ; elapsed = 00:00:07 . Memory (MB): peak = 833.211 ; gain = 0.000
INFO: [USF-XSim-96] XSim completed. Design snapshot 'uyg54_behav' loaded.
INFO: [USF-XSim-97] XSim simulation ran for 1000ns
launch_simulation: Time (s): cpu = 00:00:11 ; elapsed = 00:00:20 . Memory (MB): peak = 833.211 ; gain = 0.000
add_force {/uyg54/clk} -radix hex {0 0ns} {1 50000ps} -repeat_every 100000ps
add_force {/uyg54/say1} -radix hex {c 0ns}
add_force {/uyg54/say2} -radix hex {9 0ns}
run 100 ns
ERROR: Array sizes do not match, left array has 5 elements, right array has 4 elements
Time: 1050 ns  Iteration: 0  Process: /uyg54/line__18
  File: E:/bildiri ve makaleler/kitap/fpga/uygulamalar/prj_bolum5_uyg4/prj_bolum5_uyg4.srcs/sources_1/new/uyg54.vhd

HDL Line: E:/bildiri ve makaleler/kitap/fpga/uygulamalar/prj_bolum5_uyg4/prj_bolum5_uyg4.srcs/sources_1/new/uyg54.vhd:24
close_sim
INFO: [Simtcl 6-16] Simulation closed
close_sim: Time (s): cpu = 00:00:01 ; elapsed = 00:00:05 . Memory (MB): peak = 833.211 ; gain = 0.000
launch_simulation
INFO: [Vivado 12-5682] Launching behavioral simulation in 'E:/bildiri ve makaleler/kitap/fpga/uygulamalar/prj_bolum5_uyg4/prj_bolum5_uyg4.sim/sim_1/behav/xsim'
INFO: [SIM-utils-51] Simulation object is 'sim_1'
INFO: [SIM-utils-54] Inspecting design source files for 'uyg54' in fileset 'sim_1'...
INFO: [USF-XSim-97] Finding global include files...
INFO: [USF-XSim-98] Fetching design files from 'sim_1'...
INFO: [USF-XSim-2] XSim::Compile design
INFO: [USF-XSim-61] Executing 'COMPILE and ANALYZE' step in 'E:/bildiri ve makaleler/kitap/fpga/uygulamalar/prj_bolum5_uyg4/prj_bolum5_uyg4.sim/sim_1/behav/xsim'
"xvhdl --incr --relax -prj uyg54_vhdl.prj"
INFO: [VRFC 10-163] Analyzing VHDL file "E:/bildiri ve makaleler/kitap/fpga/uygulamalar/prj_bolum5_uyg4/prj_bolum5_uyg4.srcs/sources_1/new/uyg54.vhd" into library xil_defaultlib
INFO: [VRFC 10-307] analyzing entity uyg54
run_program: Time (s): cpu = 00:00:00 ; elapsed = 00:00:06 . Memory (MB): peak = 833.211 ; gain = 0.000
INFO: [USF-XSim-69] 'compile' step finished in '5' seconds
INFO: [USF-XSim-3] XSim::Elaborate design
INFO: [USF-XSim-61] Executing 'ELABORATE' step in 'E:/bildiri ve makaleler/kitap/fpga/uygulamalar/prj_bolum5_uyg4/prj_bolum5_uyg4.sim/sim_1/behav/xsim'
Vivado Simulator 2017.4
Copyright 1986-1999, 2001-2016 Xilinx, Inc. All Rights Reserved.
Running: C:/Xilinx/Vivado/2017.4/bin/unwrapped/win64.o/xelab.exe -wto 9e3b793383de4a30b7e92ef7c00e4c8b --incr --debug typical --relax --mt 2 -L xil_defaultlib -L secureip --snapshot uyg54_behav xil_defaultlib.uyg54 -log elaborate.log 
Using 2 slave threads.
Starting static elaboration
Completed static elaboration
Starting simulation data flow analysis
Completed simulation data flow analysis
Time Resolution for simulation is 1ps
Compiling package std.standard
Compiling package std.textio
Compiling package ieee.std_logic_1164
Compiling package ieee.std_logic_arith
Compiling package ieee.std_logic_signed
Compiling architecture behavioral of entity xil_defaultlib.uyg54
Built simulation snapshot uyg54_behav
run_program: Time (s): cpu = 00:00:01 ; elapsed = 00:00:07 . Memory (MB): peak = 833.211 ; gain = 0.000
INFO: [USF-XSim-69] 'elaborate' step finished in '7' seconds
INFO: [USF-XSim-4] XSim::Simulate design
INFO: [USF-XSim-61] Executing 'SIMULATE' step in 'E:/bildiri ve makaleler/kitap/fpga/uygulamalar/prj_bolum5_uyg4/prj_bolum5_uyg4.sim/sim_1/behav/xsim'
INFO: [USF-XSim-98] *** Running xsim
   with args "uyg54_behav -key {Behavioral:sim_1:Functional:uyg54} -tclbatch {uyg54.tcl} -log {simulate.log}"
INFO: [USF-XSim-8] Loading simulator feature
Vivado Simulator 2017.4
Time resolution is 1 ps
source uyg54.tcl
# set curr_wave [current_wave_config]
# if { [string length $curr_wave] == 0 } {
#   if { [llength [get_objects]] > 0} {
#     add_wave /
#     set_property needs_save false [current_wave_config]
#   } else {
#      send_msg_id Add_Wave-1 WARNING "No top level signals found. Simulator will start without a wave window. If you want to open a wave window go to 'File->New Waveform Configuration' or type 'create_wave_config' in the TCL console."
#   }
# }
# run 1000ns
INFO: [USF-XSim-96] XSim completed. Design snapshot 'uyg54_behav' loaded.
INFO: [USF-XSim-97] XSim simulation ran for 1000ns
launch_simulation: Time (s): cpu = 00:00:08 ; elapsed = 00:00:19 . Memory (MB): peak = 833.211 ; gain = 0.000
add_force {/uyg54/clk} -radix hex {0 0ns} {1 50000ps} -repeat_every 100000ps
add_force {/uyg54/say1} -radix hex {c 0ns}
add_force {/uyg54/say2} -radix hex {9 0ns}
run 100 ns
ERROR: Array sizes do not match, left array has 5 elements, right array has 4 elements
Time: 1050 ns  Iteration: 0  Process: /uyg54/line__19
  File: E:/bildiri ve makaleler/kitap/fpga/uygulamalar/prj_bolum5_uyg4/prj_bolum5_uyg4.srcs/sources_1/new/uyg54.vhd

HDL Line: E:/bildiri ve makaleler/kitap/fpga/uygulamalar/prj_bolum5_uyg4/prj_bolum5_uyg4.srcs/sources_1/new/uyg54.vhd:25
close_sim
INFO: [Simtcl 6-16] Simulation closed
update_compile_order -fileset sources_1
update_compile_order -fileset sources_1
launch_simulation
INFO: [Vivado 12-5682] Launching behavioral simulation in 'E:/bildiri ve makaleler/kitap/fpga/uygulamalar/prj_bolum5_uyg4/prj_bolum5_uyg4.sim/sim_1/behav/xsim'
INFO: [SIM-utils-51] Simulation object is 'sim_1'
INFO: [SIM-utils-54] Inspecting design source files for 'uyg54' in fileset 'sim_1'...
INFO: [USF-XSim-97] Finding global include files...
INFO: [USF-XSim-98] Fetching design files from 'sim_1'...
INFO: [USF-XSim-2] XSim::Compile design
INFO: [USF-XSim-61] Executing 'COMPILE and ANALYZE' step in 'E:/bildiri ve makaleler/kitap/fpga/uygulamalar/prj_bolum5_uyg4/prj_bolum5_uyg4.sim/sim_1/behav/xsim'
"xvhdl --incr --relax -prj uyg54_vhdl.prj"
INFO: [VRFC 10-163] Analyzing VHDL file "E:/bildiri ve makaleler/kitap/fpga/uygulamalar/prj_bolum5_uyg4/prj_bolum5_uyg4.srcs/sources_1/new/uyg54.vhd" into library xil_defaultlib
INFO: [VRFC 10-307] analyzing entity uyg54
run_program: Time (s): cpu = 00:00:00 ; elapsed = 00:00:06 . Memory (MB): peak = 861.652 ; gain = 0.000
INFO: [USF-XSim-69] 'compile' step finished in '6' seconds
INFO: [USF-XSim-3] XSim::Elaborate design
INFO: [USF-XSim-61] Executing 'ELABORATE' step in 'E:/bildiri ve makaleler/kitap/fpga/uygulamalar/prj_bolum5_uyg4/prj_bolum5_uyg4.sim/sim_1/behav/xsim'
Vivado Simulator 2017.4
Copyright 1986-1999, 2001-2016 Xilinx, Inc. All Rights Reserved.
Running: C:/Xilinx/Vivado/2017.4/bin/unwrapped/win64.o/xelab.exe -wto 9e3b793383de4a30b7e92ef7c00e4c8b --incr --debug typical --relax --mt 2 -L xil_defaultlib -L secureip --snapshot uyg54_behav xil_defaultlib.uyg54 -log elaborate.log 
Using 2 slave threads.
Starting static elaboration
Completed static elaboration
Starting simulation data flow analysis
Completed simulation data flow analysis
Time Resolution for simulation is 1ps
Compiling package std.standard
Compiling package std.textio
Compiling package ieee.std_logic_1164
Compiling package ieee.std_logic_arith
Compiling architecture behavioral of entity xil_defaultlib.uyg54
Built simulation snapshot uyg54_behav
run_program: Time (s): cpu = 00:00:01 ; elapsed = 00:00:11 . Memory (MB): peak = 861.652 ; gain = 0.000
INFO: [USF-XSim-69] 'elaborate' step finished in '10' seconds
INFO: [USF-XSim-4] XSim::Simulate design
INFO: [USF-XSim-61] Executing 'SIMULATE' step in 'E:/bildiri ve makaleler/kitap/fpga/uygulamalar/prj_bolum5_uyg4/prj_bolum5_uyg4.sim/sim_1/behav/xsim'
INFO: [USF-XSim-98] *** Running xsim
   with args "uyg54_behav -key {Behavioral:sim_1:Functional:uyg54} -tclbatch {uyg54.tcl} -log {simulate.log}"
INFO: [USF-XSim-8] Loading simulator feature
Vivado Simulator 2017.4
Time resolution is 1 ps
source uyg54.tcl
# set curr_wave [current_wave_config]
# if { [string length $curr_wave] == 0 } {
#   if { [llength [get_objects]] > 0} {
#     add_wave /
#     set_property needs_save false [current_wave_config]
#   } else {
#      send_msg_id Add_Wave-1 WARNING "No top level signals found. Simulator will start without a wave window. If you want to open a wave window go to 'File->New Waveform Configuration' or type 'create_wave_config' in the TCL console."
#   }
# }
# run 1000ns
INFO: [USF-XSim-96] XSim completed. Design snapshot 'uyg54_behav' loaded.
INFO: [USF-XSim-97] XSim simulation ran for 1000ns
launch_simulation: Time (s): cpu = 00:00:06 ; elapsed = 00:00:22 . Memory (MB): peak = 861.652 ; gain = 0.000
add_force {/uyg54/clk} -radix hex {0 0ns} {1 50000ps} -repeat_every 100000ps
add_force {/uyg54/anahtar} -radix hex {0 0ns}
run 100 ns
run 100 ns
run 100 ns
run 100 ns
add_force {/uyg54/anahtar} -radix hex {1 0ns}
run 100 ns
run 100 ns
run 100 ns
run 100 ns
run 100 ns
run 100 ns
run 100 ns
run 100 ns
close_sim
INFO: [Simtcl 6-16] Simulation closed
launch_simulation
INFO: [Vivado 12-5682] Launching behavioral simulation in 'E:/bildiri ve makaleler/kitap/fpga/uygulamalar/prj_bolum5_uyg4/prj_bolum5_uyg4.sim/sim_1/behav/xsim'
INFO: [SIM-utils-51] Simulation object is 'sim_1'
INFO: [SIM-utils-54] Inspecting design source files for 'uyg54' in fileset 'sim_1'...
INFO: [USF-XSim-97] Finding global include files...
INFO: [USF-XSim-98] Fetching design files from 'sim_1'...
INFO: [USF-XSim-2] XSim::Compile design
INFO: [USF-XSim-61] Executing 'COMPILE and ANALYZE' step in 'E:/bildiri ve makaleler/kitap/fpga/uygulamalar/prj_bolum5_uyg4/prj_bolum5_uyg4.sim/sim_1/behav/xsim'
"xvhdl --incr --relax -prj uyg54_vhdl.prj"
INFO: [VRFC 10-163] Analyzing VHDL file "E:/bildiri ve makaleler/kitap/fpga/uygulamalar/prj_bolum5_uyg4/prj_bolum5_uyg4.srcs/sources_1/new/uyg54.vhd" into library xil_defaultlib
INFO: [VRFC 10-307] analyzing entity uyg54
INFO: [USF-XSim-69] 'compile' step finished in '5' seconds
INFO: [USF-XSim-3] XSim::Elaborate design
INFO: [USF-XSim-61] Executing 'ELABORATE' step in 'E:/bildiri ve makaleler/kitap/fpga/uygulamalar/prj_bolum5_uyg4/prj_bolum5_uyg4.sim/sim_1/behav/xsim'
Vivado Simulator 2017.4
Copyright 1986-1999, 2001-2016 Xilinx, Inc. All Rights Reserved.
Running: C:/Xilinx/Vivado/2017.4/bin/unwrapped/win64.o/xelab.exe -wto 9e3b793383de4a30b7e92ef7c00e4c8b --incr --debug typical --relax --mt 2 -L xil_defaultlib -L secureip --snapshot uyg54_behav xil_defaultlib.uyg54 -log elaborate.log 
Using 2 slave threads.
Starting static elaboration
Completed static elaboration
Starting simulation data flow analysis
Completed simulation data flow analysis
Time Resolution for simulation is 1ps
Compiling package std.standard
Compiling package std.textio
Compiling package ieee.std_logic_1164
Compiling package ieee.std_logic_arith
Compiling architecture behavioral of entity xil_defaultlib.uyg54
Built simulation snapshot uyg54_behav
run_program: Time (s): cpu = 00:00:00 ; elapsed = 00:00:07 . Memory (MB): peak = 861.652 ; gain = 0.000
INFO: [USF-XSim-69] 'elaborate' step finished in '7' seconds
INFO: [USF-XSim-4] XSim::Simulate design
INFO: [USF-XSim-61] Executing 'SIMULATE' step in 'E:/bildiri ve makaleler/kitap/fpga/uygulamalar/prj_bolum5_uyg4/prj_bolum5_uyg4.sim/sim_1/behav/xsim'
INFO: [USF-XSim-98] *** Running xsim
   with args "uyg54_behav -key {Behavioral:sim_1:Functional:uyg54} -tclbatch {uyg54.tcl} -log {simulate.log}"
INFO: [USF-XSim-8] Loading simulator feature
Vivado Simulator 2017.4
Time resolution is 1 ps
source uyg54.tcl
# set curr_wave [current_wave_config]
# if { [string length $curr_wave] == 0 } {
#   if { [llength [get_objects]] > 0} {
#     add_wave /
#     set_property needs_save false [current_wave_config]
#   } else {
#      send_msg_id Add_Wave-1 WARNING "No top level signals found. Simulator will start without a wave window. If you want to open a wave window go to 'File->New Waveform Configuration' or type 'create_wave_config' in the TCL console."
#   }
# }
# run 1000ns
INFO: [USF-XSim-96] XSim completed. Design snapshot 'uyg54_behav' loaded.
INFO: [USF-XSim-97] XSim simulation ran for 1000ns
launch_simulation: Time (s): cpu = 00:00:06 ; elapsed = 00:00:18 . Memory (MB): peak = 861.652 ; gain = 0.000
add_force {/uyg54/clk} -radix hex {0 0ns} {1 50000ps} -repeat_every 100000ps
add_force {/uyg54/anahtar} -radix hex {0 0ns}
run 100 ns
run 100 ns
run 100 ns
add_force {/uyg54/anahtar} -radix hex {1 0ns}
run 100 ns
run 100 ns
run 100 ns
run 100 ns
run 100 ns
add_force {/uyg54/rst} -radix hex {1 0ns}
run 100 ns
run 100 ns
add_force {/uyg54/rst} -radix hex {0 0ns}
run 100 ns
run 100 ns
run 100 ns
add_force {/uyg54/anahtar} -radix hex {0 0ns}
run 100 ns
run 100 ns
run 100 ns
run 100 ns
run 100 ns
run 100 ns
run 100 ns
run 100 ns
run 100 ns
run 100 ns
run 100 ns
run 100 ns
run 100 ns
run 100 ns
add_force {/uyg54/anahtar} -radix hex {1 0ns}
run 100 ns
run 100 ns
run 100 ns
run 100 ns
close_sim
INFO: [Simtcl 6-16] Simulation closed
close_project
create_project prj_bolum5_uyg5 {E:/bildiri ve makaleler/kitap/fpga/uygulamalar/prj_bolum5_uyg5} -part xc7a100tcsg324-1
INFO: [IP_Flow 19-234] Refreshing IP repositories
INFO: [IP_Flow 19-1704] No user IP repositories specified
INFO: [IP_Flow 19-2313] Loaded Vivado IP repository 'C:/Xilinx/Vivado/2017.4/data/ip'.
create_project: Time (s): cpu = 00:00:12 ; elapsed = 00:00:21 . Memory (MB): peak = 861.652 ; gain = 0.000
file mkdir E:/bildiri ve makaleler/kitap/fpga/uygulamalar/prj_bolum5_uyg5/prj_bolum5_uyg5.srcs/sources_1/new
set_property target_language VHDL [current_project]
file mkdir E:/bildiri ve makaleler/kitap/fpga/uygulamalar/prj_bolum5_uyg5/prj_bolum5_uyg5.srcs/sources_1/new
file mkdir E:/bildiri ve makaleler/kitap/fpga/uygulamalar/prj_bolum5_uyg5/prj_bolum5_uyg5.srcs/sources_1/new
file mkdir {E:/bildiri ve makaleler/kitap/fpga/uygulamalar/prj_bolum5_uyg5/prj_bolum5_uyg5.srcs/sources_1/new}
close [ open {E:/bildiri ve makaleler/kitap/fpga/uygulamalar/prj_bolum5_uyg5/prj_bolum5_uyg5.srcs/sources_1/new/uyg55.vhd} w ]
add_files {{E:/bildiri ve makaleler/kitap/fpga/uygulamalar/prj_bolum5_uyg5/prj_bolum5_uyg5.srcs/sources_1/new/uyg55.vhd}}
update_compile_order -fileset sources_1
launch_simulation
INFO: [Vivado 12-5682] Launching behavioral simulation in 'E:/bildiri ve makaleler/kitap/fpga/uygulamalar/prj_bolum5_uyg5/prj_bolum5_uyg5.sim/sim_1/behav/xsim'
INFO: [SIM-utils-51] Simulation object is 'sim_1'
INFO: [SIM-utils-54] Inspecting design source files for 'uyg55' in fileset 'sim_1'...
INFO: [USF-XSim-97] Finding global include files...
INFO: [USF-XSim-98] Fetching design files from 'sim_1'...
INFO: [USF-XSim-2] XSim::Compile design
INFO: [USF-XSim-61] Executing 'COMPILE and ANALYZE' step in 'E:/bildiri ve makaleler/kitap/fpga/uygulamalar/prj_bolum5_uyg5/prj_bolum5_uyg5.sim/sim_1/behav/xsim'
"xvhdl --incr --relax -prj uyg55_vhdl.prj"
INFO: [VRFC 10-163] Analyzing VHDL file "E:/bildiri ve makaleler/kitap/fpga/uygulamalar/prj_bolum5_uyg5/prj_bolum5_uyg5.srcs/sources_1/new/uyg55.vhd" into library xil_defaultlib
INFO: [VRFC 10-307] analyzing entity uyg55
run_program: Time (s): cpu = 00:00:00 ; elapsed = 00:00:05 . Memory (MB): peak = 861.652 ; gain = 0.000
INFO: [USF-XSim-69] 'compile' step finished in '5' seconds
INFO: [USF-XSim-3] XSim::Elaborate design
INFO: [USF-XSim-61] Executing 'ELABORATE' step in 'E:/bildiri ve makaleler/kitap/fpga/uygulamalar/prj_bolum5_uyg5/prj_bolum5_uyg5.sim/sim_1/behav/xsim'
Vivado Simulator 2017.4
Copyright 1986-1999, 2001-2016 Xilinx, Inc. All Rights Reserved.
Running: C:/Xilinx/Vivado/2017.4/bin/unwrapped/win64.o/xelab.exe -wto ab3a3086e46649698794b11c8966e34c --incr --debug typical --relax --mt 2 -L xil_defaultlib -L secureip --snapshot uyg55_behav xil_defaultlib.uyg55 -log elaborate.log 
Using 2 slave threads.
Starting static elaboration
Completed static elaboration
Starting simulation data flow analysis
Completed simulation data flow analysis
Time Resolution for simulation is 1ps
Compiling package std.standard
Compiling package std.textio
Compiling package ieee.std_logic_1164
Compiling package ieee.std_logic_arith
Compiling architecture behavioral of entity xil_defaultlib.uyg55
Built simulation snapshot uyg55_behav

****** Webtalk v2017.4 (64-bit)
  **** SW Build 2086221 on Fri Dec 15 20:55:39 MST 2017
  **** IP Build 2085800 on Fri Dec 15 22:25:07 MST 2017
    ** Copyright 1986-2017 Xilinx, Inc. All Rights Reserved.

source E:/bildiri -notrace
couldn't read file "E:/bildiri": permission denied
INFO: [Common 17-206] Exiting Webtalk at Sun Jul  7 16:16:50 2019...
run_program: Time (s): cpu = 00:00:01 ; elapsed = 00:00:14 . Memory (MB): peak = 861.652 ; gain = 0.000
INFO: [USF-XSim-69] 'elaborate' step finished in '13' seconds
INFO: [USF-XSim-4] XSim::Simulate design
INFO: [USF-XSim-61] Executing 'SIMULATE' step in 'E:/bildiri ve makaleler/kitap/fpga/uygulamalar/prj_bolum5_uyg5/prj_bolum5_uyg5.sim/sim_1/behav/xsim'
INFO: [USF-XSim-98] *** Running xsim
   with args "uyg55_behav -key {Behavioral:sim_1:Functional:uyg55} -tclbatch {uyg55.tcl} -log {simulate.log}"
INFO: [USF-XSim-8] Loading simulator feature
Vivado Simulator 2017.4
Time resolution is 1 ps
source uyg55.tcl
# set curr_wave [current_wave_config]
# if { [string length $curr_wave] == 0 } {
#   if { [llength [get_objects]] > 0} {
#     add_wave /
#     set_property needs_save false [current_wave_config]
#   } else {
#      send_msg_id Add_Wave-1 WARNING "No top level signals found. Simulator will start without a wave window. If you want to open a wave window go to 'File->New Waveform Configuration' or type 'create_wave_config' in the TCL console."
#   }
# }
# run 1000ns
xsim: Time (s): cpu = 00:00:08 ; elapsed = 00:00:06 . Memory (MB): peak = 861.652 ; gain = 0.000
INFO: [USF-XSim-96] XSim completed. Design snapshot 'uyg55_behav' loaded.
INFO: [USF-XSim-97] XSim simulation ran for 1000ns
launch_simulation: Time (s): cpu = 00:00:09 ; elapsed = 00:00:26 . Memory (MB): peak = 861.652 ; gain = 0.000
add_force {/uyg55/clk} -radix hex {0 0ns} {1 50000ps} -repeat_every 100000ps
add_force {/uyg55/sayi1} -radix hex {8 0ns}
add_force {/uyg55/sayi2} -radix hex {2 0ns}
add_force {/uyg55/sayi2} -radix hex {5 0ns}
run 100 ns
add_force {/uyg55/sayi2} -radix hex {a 0ns}
run 100 ns
close_sim
INFO: [Simtcl 6-16] Simulation closed
close_sim: Time (s): cpu = 00:00:00 ; elapsed = 00:00:08 . Memory (MB): peak = 861.652 ; gain = 0.000
launch_simulation
INFO: [Vivado 12-5682] Launching behavioral simulation in 'E:/bildiri ve makaleler/kitap/fpga/uygulamalar/prj_bolum5_uyg5/prj_bolum5_uyg5.sim/sim_1/behav/xsim'
INFO: [SIM-utils-51] Simulation object is 'sim_1'
INFO: [SIM-utils-54] Inspecting design source files for 'uyg55' in fileset 'sim_1'...
INFO: [USF-XSim-97] Finding global include files...
INFO: [USF-XSim-98] Fetching design files from 'sim_1'...
INFO: [USF-XSim-2] XSim::Compile design
INFO: [USF-XSim-61] Executing 'COMPILE and ANALYZE' step in 'E:/bildiri ve makaleler/kitap/fpga/uygulamalar/prj_bolum5_uyg5/prj_bolum5_uyg5.sim/sim_1/behav/xsim'
"xvhdl --incr --relax -prj uyg55_vhdl.prj"
INFO: [VRFC 10-163] Analyzing VHDL file "E:/bildiri ve makaleler/kitap/fpga/uygulamalar/prj_bolum5_uyg5/prj_bolum5_uyg5.srcs/sources_1/new/uyg55.vhd" into library xil_defaultlib
INFO: [VRFC 10-307] analyzing entity uyg55
INFO: [USF-XSim-69] 'compile' step finished in '5' seconds
INFO: [USF-XSim-3] XSim::Elaborate design
INFO: [USF-XSim-61] Executing 'ELABORATE' step in 'E:/bildiri ve makaleler/kitap/fpga/uygulamalar/prj_bolum5_uyg5/prj_bolum5_uyg5.sim/sim_1/behav/xsim'
Vivado Simulator 2017.4
Copyright 1986-1999, 2001-2016 Xilinx, Inc. All Rights Reserved.
Running: C:/Xilinx/Vivado/2017.4/bin/unwrapped/win64.o/xelab.exe -wto ab3a3086e46649698794b11c8966e34c --incr --debug typical --relax --mt 2 -L xil_defaultlib -L secureip --snapshot uyg55_behav xil_defaultlib.uyg55 -log elaborate.log 
Using 2 slave threads.
Starting static elaboration
Completed static elaboration
Starting simulation data flow analysis
Completed simulation data flow analysis
Time Resolution for simulation is 1ps
Compiling package std.standard
Compiling package std.textio
Compiling package ieee.std_logic_1164
Compiling package ieee.std_logic_arith
Compiling architecture behavioral of entity xil_defaultlib.uyg55
Built simulation snapshot uyg55_behav
run_program: Time (s): cpu = 00:00:00 ; elapsed = 00:00:07 . Memory (MB): peak = 861.652 ; gain = 0.000
INFO: [USF-XSim-69] 'elaborate' step finished in '7' seconds
INFO: [USF-XSim-4] XSim::Simulate design
INFO: [USF-XSim-61] Executing 'SIMULATE' step in 'E:/bildiri ve makaleler/kitap/fpga/uygulamalar/prj_bolum5_uyg5/prj_bolum5_uyg5.sim/sim_1/behav/xsim'
INFO: [USF-XSim-98] *** Running xsim
   with args "uyg55_behav -key {Behavioral:sim_1:Functional:uyg55} -tclbatch {uyg55.tcl} -log {simulate.log}"
INFO: [USF-XSim-8] Loading simulator feature
Vivado Simulator 2017.4
Time resolution is 1 ps
source uyg55.tcl
# set curr_wave [current_wave_config]
# if { [string length $curr_wave] == 0 } {
#   if { [llength [get_objects]] > 0} {
#     add_wave /
#     set_property needs_save false [current_wave_config]
#   } else {
#      send_msg_id Add_Wave-1 WARNING "No top level signals found. Simulator will start without a wave window. If you want to open a wave window go to 'File->New Waveform Configuration' or type 'create_wave_config' in the TCL console."
#   }
# }
# run 1000ns
INFO: [USF-XSim-96] XSim completed. Design snapshot 'uyg55_behav' loaded.
INFO: [USF-XSim-97] XSim simulation ran for 1000ns
launch_simulation: Time (s): cpu = 00:00:07 ; elapsed = 00:00:18 . Memory (MB): peak = 861.652 ; gain = 0.000
add_force {/uyg55/clk} -radix hex {0 0ns} {1 50000ps} -repeat_every 100000ps
add_force {/uyg55/sayi1} -radix hex {c 0ns}
add_force {/uyg55/sayi2} -radix hex {e 0ns}
run 100 ns
close_sim
INFO: [Simtcl 6-16] Simulation closed
synth_design -rtl -name rtl_1
Command: synth_design -rtl -name rtl_1
Starting synth_design
Using part: xc7a100tcsg324-1
Top: uyg55
---------------------------------------------------------------------------------
Starting RTL Elaboration : Time (s): cpu = 00:00:34 ; elapsed = 00:00:31 . Memory (MB): peak = 950.566 ; gain = 87.168
---------------------------------------------------------------------------------
INFO: [Synth 8-638] synthesizing module 'uyg55' [E:/bildiri ve makaleler/kitap/fpga/uygulamalar/prj_bolum5_uyg5/prj_bolum5_uyg5.srcs/sources_1/new/uyg55.vhd:19]
WARNING: [Synth 8-614] signal 'sayi1' is read in the process but is not in the sensitivity list [E:/bildiri ve makaleler/kitap/fpga/uygulamalar/prj_bolum5_uyg5/prj_bolum5_uyg5.srcs/sources_1/new/uyg55.vhd:22]
WARNING: [Synth 8-614] signal 'sayi2' is read in the process but is not in the sensitivity list [E:/bildiri ve makaleler/kitap/fpga/uygulamalar/prj_bolum5_uyg5/prj_bolum5_uyg5.srcs/sources_1/new/uyg55.vhd:22]
INFO: [Synth 8-256] done synthesizing module 'uyg55' (1#1) [E:/bildiri ve makaleler/kitap/fpga/uygulamalar/prj_bolum5_uyg5/prj_bolum5_uyg5.srcs/sources_1/new/uyg55.vhd:19]
WARNING: [Synth 8-3331] design uyg55 has unconnected port clk
WARNING: [Synth 8-3331] design uyg55 has unconnected port rst
---------------------------------------------------------------------------------
Finished RTL Elaboration : Time (s): cpu = 00:00:38 ; elapsed = 00:00:36 . Memory (MB): peak = 993.094 ; gain = 129.695
---------------------------------------------------------------------------------

Report Check Netlist: 
+------+------------------+-------+---------+-------+------------------+
|      |Item              |Errors |Warnings |Status |Description       |
+------+------------------+-------+---------+-------+------------------+
|1     |multi_driven_nets |      0|        0|Passed |Multi driven nets |
+------+------------------+-------+---------+-------+------------------+
---------------------------------------------------------------------------------
Finished RTL Optimization Phase 1 : Time (s): cpu = 00:00:39 ; elapsed = 00:00:37 . Memory (MB): peak = 993.094 ; gain = 129.695
---------------------------------------------------------------------------------
INFO: [Device 21-403] Loading part xc7a100tcsg324-1
INFO: [Project 1-570] Preparing netlist for logic optimization

Processing XDC Constraints
Initializing timing engine
Completed Processing XDC Constraints

INFO: [Opt 31-138] Pushed 0 inverter(s) to 0 load pin(s).
INFO: [Project 1-111] Unisim Transformation Summary:
No Unisim elements were transformed.

RTL Elaboration Complete:  : Time (s): cpu = 00:01:51 ; elapsed = 00:01:39 . Memory (MB): peak = 1357.430 ; gain = 494.031
6 Infos, 4 Warnings, 0 Critical Warnings and 0 Errors encountered.
synth_design completed successfully
synth_design: Time (s): cpu = 00:01:51 ; elapsed = 00:01:39 . Memory (MB): peak = 1357.430 ; gain = 494.031
launch_simulation
INFO: [Vivado 12-5682] Launching behavioral simulation in 'E:/bildiri ve makaleler/kitap/fpga/uygulamalar/prj_bolum5_uyg5/prj_bolum5_uyg5.sim/sim_1/behav/xsim'
INFO: [SIM-utils-51] Simulation object is 'sim_1'
INFO: [SIM-utils-54] Inspecting design source files for 'uyg55' in fileset 'sim_1'...
INFO: [USF-XSim-97] Finding global include files...
INFO: [USF-XSim-98] Fetching design files from 'sim_1'...
INFO: [USF-XSim-2] XSim::Compile design
INFO: [USF-XSim-61] Executing 'COMPILE and ANALYZE' step in 'E:/bildiri ve makaleler/kitap/fpga/uygulamalar/prj_bolum5_uyg5/prj_bolum5_uyg5.sim/sim_1/behav/xsim'
"xvhdl --incr --relax -prj uyg55_vhdl.prj"
INFO: [VRFC 10-163] Analyzing VHDL file "E:/bildiri ve makaleler/kitap/fpga/uygulamalar/prj_bolum5_uyg5/prj_bolum5_uyg5.srcs/sources_1/new/uyg55.vhd" into library xil_defaultlib
INFO: [VRFC 10-307] analyzing entity uyg55
INFO: [USF-XSim-69] 'compile' step finished in '5' seconds
INFO: [USF-XSim-3] XSim::Elaborate design
INFO: [USF-XSim-61] Executing 'ELABORATE' step in 'E:/bildiri ve makaleler/kitap/fpga/uygulamalar/prj_bolum5_uyg5/prj_bolum5_uyg5.sim/sim_1/behav/xsim'
Vivado Simulator 2017.4
Copyright 1986-1999, 2001-2016 Xilinx, Inc. All Rights Reserved.
Running: C:/Xilinx/Vivado/2017.4/bin/unwrapped/win64.o/xelab.exe -wto ab3a3086e46649698794b11c8966e34c --incr --debug typical --relax --mt 2 -L xil_defaultlib -L secureip --snapshot uyg55_behav xil_defaultlib.uyg55 -log elaborate.log 
Using 2 slave threads.
Starting static elaboration
Completed static elaboration
Starting simulation data flow analysis
Completed simulation data flow analysis
Time Resolution for simulation is 1ps
Compiling package std.standard
Compiling package std.textio
Compiling package ieee.std_logic_1164
Compiling package ieee.std_logic_arith
Compiling architecture behavioral of entity xil_defaultlib.uyg55
Built simulation snapshot uyg55_behav
run_program: Time (s): cpu = 00:00:00 ; elapsed = 00:00:07 . Memory (MB): peak = 1357.430 ; gain = 0.000
INFO: [USF-XSim-69] 'elaborate' step finished in '7' seconds
INFO: [USF-XSim-4] XSim::Simulate design
INFO: [USF-XSim-61] Executing 'SIMULATE' step in 'E:/bildiri ve makaleler/kitap/fpga/uygulamalar/prj_bolum5_uyg5/prj_bolum5_uyg5.sim/sim_1/behav/xsim'
INFO: [USF-XSim-98] *** Running xsim
   with args "uyg55_behav -key {Behavioral:sim_1:Functional:uyg55} -tclbatch {uyg55.tcl} -log {simulate.log}"
INFO: [USF-XSim-8] Loading simulator feature
Vivado Simulator 2017.4
Time resolution is 1 ps
source uyg55.tcl
# set curr_wave [current_wave_config]
# if { [string length $curr_wave] == 0 } {
#   if { [llength [get_objects]] > 0} {
#     add_wave /
#     set_property needs_save false [current_wave_config]
#   } else {
#      send_msg_id Add_Wave-1 WARNING "No top level signals found. Simulator will start without a wave window. If you want to open a wave window go to 'File->New Waveform Configuration' or type 'create_wave_config' in the TCL console."
#   }
# }
# run 1000ns
xsim: Time (s): cpu = 00:00:10 ; elapsed = 00:00:06 . Memory (MB): peak = 1357.430 ; gain = 0.000
INFO: [USF-XSim-96] XSim completed. Design snapshot 'uyg55_behav' loaded.
INFO: [USF-XSim-97] XSim simulation ran for 1000ns
launch_simulation: Time (s): cpu = 00:00:12 ; elapsed = 00:00:19 . Memory (MB): peak = 1357.430 ; gain = 0.000
add_force {/uyg55/clk} -radix hex {0 0ns} {1 50000ps} -repeat_every 100000ps
add_force {/uyg55/sayi1} -radix hex {e 0ns}
add_force {/uyg55/sayi2} -radix hex {5 0ns}
run 100 ns
close_sim
INFO: [Simtcl 6-16] Simulation closed
launch_simulation
INFO: [Vivado 12-5682] Launching behavioral simulation in 'E:/bildiri ve makaleler/kitap/fpga/uygulamalar/prj_bolum5_uyg5/prj_bolum5_uyg5.sim/sim_1/behav/xsim'
INFO: [SIM-utils-51] Simulation object is 'sim_1'
INFO: [SIM-utils-54] Inspecting design source files for 'uyg55' in fileset 'sim_1'...
INFO: [USF-XSim-97] Finding global include files...
INFO: [USF-XSim-98] Fetching design files from 'sim_1'...
INFO: [USF-XSim-2] XSim::Compile design
INFO: [USF-XSim-61] Executing 'COMPILE and ANALYZE' step in 'E:/bildiri ve makaleler/kitap/fpga/uygulamalar/prj_bolum5_uyg5/prj_bolum5_uyg5.sim/sim_1/behav/xsim'
"xvhdl --incr --relax -prj uyg55_vhdl.prj"
INFO: [VRFC 10-163] Analyzing VHDL file "E:/bildiri ve makaleler/kitap/fpga/uygulamalar/prj_bolum5_uyg5/prj_bolum5_uyg5.srcs/sources_1/new/uyg55.vhd" into library xil_defaultlib
INFO: [VRFC 10-307] analyzing entity uyg55
INFO: [USF-XSim-69] 'compile' step finished in '5' seconds
INFO: [USF-XSim-3] XSim::Elaborate design
INFO: [USF-XSim-61] Executing 'ELABORATE' step in 'E:/bildiri ve makaleler/kitap/fpga/uygulamalar/prj_bolum5_uyg5/prj_bolum5_uyg5.sim/sim_1/behav/xsim'
Vivado Simulator 2017.4
Copyright 1986-1999, 2001-2016 Xilinx, Inc. All Rights Reserved.
Running: C:/Xilinx/Vivado/2017.4/bin/unwrapped/win64.o/xelab.exe -wto ab3a3086e46649698794b11c8966e34c --incr --debug typical --relax --mt 2 -L xil_defaultlib -L secureip --snapshot uyg55_behav xil_defaultlib.uyg55 -log elaborate.log 
Using 2 slave threads.
Starting static elaboration
Completed static elaboration
Starting simulation data flow analysis
Completed simulation data flow analysis
Time Resolution for simulation is 1ps
Compiling package std.standard
Compiling package std.textio
Compiling package ieee.std_logic_1164
Compiling package ieee.std_logic_arith
Compiling architecture behavioral of entity xil_defaultlib.uyg55
Built simulation snapshot uyg55_behav
run_program: Time (s): cpu = 00:00:00 ; elapsed = 00:00:07 . Memory (MB): peak = 1357.430 ; gain = 0.000
INFO: [USF-XSim-69] 'elaborate' step finished in '6' seconds
INFO: [USF-XSim-4] XSim::Simulate design
INFO: [USF-XSim-61] Executing 'SIMULATE' step in 'E:/bildiri ve makaleler/kitap/fpga/uygulamalar/prj_bolum5_uyg5/prj_bolum5_uyg5.sim/sim_1/behav/xsim'
INFO: [USF-XSim-98] *** Running xsim
   with args "uyg55_behav -key {Behavioral:sim_1:Functional:uyg55} -tclbatch {uyg55.tcl} -log {simulate.log}"
INFO: [USF-XSim-8] Loading simulator feature
Vivado Simulator 2017.4
Time resolution is 1 ps
source uyg55.tcl
# set curr_wave [current_wave_config]
# if { [string length $curr_wave] == 0 } {
#   if { [llength [get_objects]] > 0} {
#     add_wave /
#     set_property needs_save false [current_wave_config]
#   } else {
#      send_msg_id Add_Wave-1 WARNING "No top level signals found. Simulator will start without a wave window. If you want to open a wave window go to 'File->New Waveform Configuration' or type 'create_wave_config' in the TCL console."
#   }
# }
# run 1000ns
xsim: Time (s): cpu = 00:00:07 ; elapsed = 00:00:06 . Memory (MB): peak = 1357.430 ; gain = 0.000
INFO: [USF-XSim-96] XSim completed. Design snapshot 'uyg55_behav' loaded.
INFO: [USF-XSim-97] XSim simulation ran for 1000ns
launch_simulation: Time (s): cpu = 00:00:08 ; elapsed = 00:00:19 . Memory (MB): peak = 1357.430 ; gain = 0.000
add_force {/uyg55/clk} -radix hex {0 0ns} {1 50000ps} -repeat_every 100000ps
add_force {/uyg55/rst} -radix hex {0 0ns}
add_force {/uyg55/sec} -radix hex {1 0ns}
add_force {/uyg55/sayi1} -radix hex {c 0ns}
add_force {/uyg55/sayi2} -radix hex {6 0ns}
run 100 ns
add_force {/uyg55/sec} -radix hex {2 0ns}
run 100 ns
add_force {/uyg55/sec} -radix hex {3 0ns}
run 100 ns
