#-----------------------------------------------------------
# Vivado v2017.4 (64-bit)
# SW Build 2086221 on Fri Dec 15 20:55:39 MST 2017
# IP Build 2085800 on Fri Dec 15 22:25:07 MST 2017
# Start of session at: Tue Aug  6 06:06:32 2019
# Process ID: 9220
# Current directory: E:/bildiri ve makaleler/kitap/fpga/uygulamalar/prj_bolum8_uyg10
# Command line: vivado.exe -gui_launcher_event rodinguilauncherevent9640 E:\bildiri ve makaleler\kitap\fpga\uygulamalar\prj_bolum8_uyg10\prj_bolum8_uyg10.xpr
# Log file: E:/bildiri ve makaleler/kitap/fpga/uygulamalar/prj_bolum8_uyg10/vivado.log
# Journal file: E:/bildiri ve makaleler/kitap/fpga/uygulamalar/prj_bolum8_uyg10\vivado.jou
#-----------------------------------------------------------
start_gui
open_project {E:/bildiri ve makaleler/kitap/fpga/uygulamalar/prj_bolum8_uyg10/prj_bolum8_uyg10.xpr}
Scanning sources...
Finished scanning sources
INFO: [IP_Flow 19-234] Refreshing IP repositories
INFO: [IP_Flow 19-1704] No user IP repositories specified
INFO: [IP_Flow 19-2313] Loaded Vivado IP repository 'C:/Xilinx/Vivado/2017.4/data/ip'.
open_project: Time (s): cpu = 00:00:52 ; elapsed = 00:00:25 . Memory (MB): peak = 727.734 ; gain = 20.266
update_compile_order -fileset sources_1
synth_design -rtl -name rtl_1
Command: synth_design -rtl -name rtl_1
Starting synth_design
Using part: xc7a100tcsg324-1
Top: uyg10
---------------------------------------------------------------------------------
Starting RTL Elaboration : Time (s): cpu = 00:00:38 ; elapsed = 00:00:32 . Memory (MB): peak = 833.645 ; gain = 85.746
---------------------------------------------------------------------------------
INFO: [Synth 8-638] synthesizing module 'uyg10' [E:/bildiri ve makaleler/kitap/fpga/uygulamalar/prj_bolum8_uyg10/prj_bolum8_uyg10.srcs/sources_1/new/uyg10.vhd:17]
WARNING: [Synth 8-614] signal 'simdiki' is read in the process but is not in the sensitivity list [E:/bildiri ve makaleler/kitap/fpga/uygulamalar/prj_bolum8_uyg10/prj_bolum8_uyg10.srcs/sources_1/new/uyg10.vhd:38]
WARNING: [Synth 8-614] signal 'sayici' is read in the process but is not in the sensitivity list [E:/bildiri ve makaleler/kitap/fpga/uygulamalar/prj_bolum8_uyg10/prj_bolum8_uyg10.srcs/sources_1/new/uyg10.vhd:38]
WARNING: [Synth 8-614] signal 'durula_biti' is read in the process but is not in the sensitivity list [E:/bildiri ve makaleler/kitap/fpga/uygulamalar/prj_bolum8_uyg10/prj_bolum8_uyg10.srcs/sources_1/new/uyg10.vhd:38]
INFO: [Synth 8-256] done synthesizing module 'uyg10' (1#1) [E:/bildiri ve makaleler/kitap/fpga/uygulamalar/prj_bolum8_uyg10/prj_bolum8_uyg10.srcs/sources_1/new/uyg10.vhd:17]
WARNING: [Synth 8-3330] design uyg10 has an empty top module
WARNING: [Synth 8-3331] design uyg10 has unconnected port clk
WARNING: [Synth 8-3331] design uyg10 has unconnected port rst
WARNING: [Synth 8-3331] design uyg10 has unconnected port durula_biti
---------------------------------------------------------------------------------
Finished RTL Elaboration : Time (s): cpu = 00:00:42 ; elapsed = 00:00:37 . Memory (MB): peak = 874.563 ; gain = 126.664
---------------------------------------------------------------------------------

Report Check Netlist: 
+------+------------------+-------+---------+-------+------------------+
|      |Item              |Errors |Warnings |Status |Description       |
+------+------------------+-------+---------+-------+------------------+
|1     |multi_driven_nets |      0|        0|Passed |Multi driven nets |
+------+------------------+-------+---------+-------+------------------+
---------------------------------------------------------------------------------
Finished RTL Optimization Phase 1 : Time (s): cpu = 00:00:44 ; elapsed = 00:00:39 . Memory (MB): peak = 874.563 ; gain = 126.664
---------------------------------------------------------------------------------
INFO: [Device 21-403] Loading part xc7a100tcsg324-1
INFO: [Project 1-570] Preparing netlist for logic optimization

Processing XDC Constraints
Initializing timing engine
Completed Processing XDC Constraints

INFO: [Opt 31-138] Pushed 0 inverter(s) to 0 load pin(s).
INFO: [Project 1-111] Unisim Transformation Summary:
No Unisim elements were transformed.

RTL Elaboration Complete:  : Time (s): cpu = 00:02:03 ; elapsed = 00:01:41 . Memory (MB): peak = 1228.070 ; gain = 480.172
6 Infos, 7 Warnings, 0 Critical Warnings and 0 Errors encountered.
synth_design completed successfully
synth_design: Time (s): cpu = 00:02:05 ; elapsed = 00:01:42 . Memory (MB): peak = 1228.070 ; gain = 480.172
launch_runs synth_1 -jobs 2
[Tue Aug  6 06:14:00 2019] Launched synth_1...
Run output will be captured here: E:/bildiri ve makaleler/kitap/fpga/uygulamalar/prj_bolum8_uyg10/prj_bolum8_uyg10.runs/synth_1/runme.log
close_design
open_run synth_1 -name synth_1
Design is defaulting to impl run constrset: constrs_1
Design is defaulting to synth run part: xc7a100tcsg324-1
INFO: [Project 1-479] Netlist was created with Vivado 2017.4
INFO: [Project 1-570] Preparing netlist for logic optimization
INFO: [Opt 31-138] Pushed 0 inverter(s) to 0 load pin(s).
INFO: [Project 1-111] Unisim Transformation Summary:
No Unisim elements were transformed.

open_run: Time (s): cpu = 00:00:34 ; elapsed = 00:00:17 . Memory (MB): peak = 1272.996 ; gain = 4.266
synth_design -rtl -name rtl_1
Command: synth_design -rtl -name rtl_1
Starting synth_design
Using part: xc7a100tcsg324-1
Top: uyg10
---------------------------------------------------------------------------------
Starting RTL Elaboration : Time (s): cpu = 00:00:34 ; elapsed = 00:00:30 . Memory (MB): peak = 1696.746 ; gain = 17.926
---------------------------------------------------------------------------------
INFO: [Synth 8-638] synthesizing module 'uyg10' [E:/bildiri ve makaleler/kitap/fpga/uygulamalar/prj_bolum8_uyg10/prj_bolum8_uyg10.srcs/sources_1/new/uyg10.vhd:17]
WARNING: [Synth 8-614] signal 'simdiki' is read in the process but is not in the sensitivity list [E:/bildiri ve makaleler/kitap/fpga/uygulamalar/prj_bolum8_uyg10/prj_bolum8_uyg10.srcs/sources_1/new/uyg10.vhd:38]
WARNING: [Synth 8-614] signal 'sayici' is read in the process but is not in the sensitivity list [E:/bildiri ve makaleler/kitap/fpga/uygulamalar/prj_bolum8_uyg10/prj_bolum8_uyg10.srcs/sources_1/new/uyg10.vhd:38]
WARNING: [Synth 8-614] signal 'durula_biti' is read in the process but is not in the sensitivity list [E:/bildiri ve makaleler/kitap/fpga/uygulamalar/prj_bolum8_uyg10/prj_bolum8_uyg10.srcs/sources_1/new/uyg10.vhd:38]
INFO: [Synth 8-256] done synthesizing module 'uyg10' (1#1) [E:/bildiri ve makaleler/kitap/fpga/uygulamalar/prj_bolum8_uyg10/prj_bolum8_uyg10.srcs/sources_1/new/uyg10.vhd:17]
WARNING: [Synth 8-3330] design uyg10 has an empty top module
WARNING: [Synth 8-3331] design uyg10 has unconnected port clk
WARNING: [Synth 8-3331] design uyg10 has unconnected port rst
WARNING: [Synth 8-3331] design uyg10 has unconnected port durula_biti
---------------------------------------------------------------------------------
Finished RTL Elaboration : Time (s): cpu = 00:00:42 ; elapsed = 00:00:36 . Memory (MB): peak = 1727.352 ; gain = 48.531
---------------------------------------------------------------------------------

Report Check Netlist: 
+------+------------------+-------+---------+-------+------------------+
|      |Item              |Errors |Warnings |Status |Description       |
+------+------------------+-------+---------+-------+------------------+
|1     |multi_driven_nets |      0|        0|Passed |Multi driven nets |
+------+------------------+-------+---------+-------+------------------+
---------------------------------------------------------------------------------
Finished RTL Optimization Phase 1 : Time (s): cpu = 00:00:42 ; elapsed = 00:00:37 . Memory (MB): peak = 1727.352 ; gain = 48.531
---------------------------------------------------------------------------------
INFO: [Project 1-570] Preparing netlist for logic optimization

Processing XDC Constraints
Initializing timing engine
Completed Processing XDC Constraints

INFO: [Opt 31-138] Pushed 0 inverter(s) to 0 load pin(s).
INFO: [Project 1-111] Unisim Transformation Summary:
No Unisim elements were transformed.

RTL Elaboration Complete:  : Time (s): cpu = 00:01:02 ; elapsed = 00:00:50 . Memory (MB): peak = 1849.566 ; gain = 170.746
5 Infos, 7 Warnings, 0 Critical Warnings and 0 Errors encountered.
synth_design completed successfully
synth_design: Time (s): cpu = 00:01:02 ; elapsed = 00:00:50 . Memory (MB): peak = 1849.566 ; gain = 170.746
refresh_design
---------------------------------------------------------------------------------
Starting RTL Elaboration : Time (s): cpu = 00:00:40 ; elapsed = 00:00:31 . Memory (MB): peak = 1871.480 ; gain = 21.914
---------------------------------------------------------------------------------
INFO: [Synth 8-638] synthesizing module 'uyg10' [E:/bildiri ve makaleler/kitap/fpga/uygulamalar/prj_bolum8_uyg10/prj_bolum8_uyg10.srcs/sources_1/new/uyg10.vhd:18]
WARNING: [Synth 8-614] signal 'sayici' is read in the process but is not in the sensitivity list [E:/bildiri ve makaleler/kitap/fpga/uygulamalar/prj_bolum8_uyg10/prj_bolum8_uyg10.srcs/sources_1/new/uyg10.vhd:39]
WARNING: [Synth 8-614] signal 'durula_biti' is read in the process but is not in the sensitivity list [E:/bildiri ve makaleler/kitap/fpga/uygulamalar/prj_bolum8_uyg10/prj_bolum8_uyg10.srcs/sources_1/new/uyg10.vhd:39]
INFO: [Synth 8-256] done synthesizing module 'uyg10' (1#1) [E:/bildiri ve makaleler/kitap/fpga/uygulamalar/prj_bolum8_uyg10/prj_bolum8_uyg10.srcs/sources_1/new/uyg10.vhd:18]
---------------------------------------------------------------------------------
Finished RTL Elaboration : Time (s): cpu = 00:00:44 ; elapsed = 00:00:36 . Memory (MB): peak = 1871.480 ; gain = 21.914
---------------------------------------------------------------------------------

Report Check Netlist: 
+------+------------------+-------+---------+-------+------------------+
|      |Item              |Errors |Warnings |Status |Description       |
+------+------------------+-------+---------+-------+------------------+
|1     |multi_driven_nets |      0|        0|Passed |Multi driven nets |
+------+------------------+-------+---------+-------+------------------+
---------------------------------------------------------------------------------
Finished RTL Optimization Phase 1 : Time (s): cpu = 00:00:44 ; elapsed = 00:00:37 . Memory (MB): peak = 1871.480 ; gain = 21.914
---------------------------------------------------------------------------------
INFO: [Project 1-570] Preparing netlist for logic optimization

Processing XDC Constraints
Initializing timing engine
Completed Processing XDC Constraints

INFO: [Opt 31-138] Pushed 0 inverter(s) to 0 load pin(s).
refresh_design: Time (s): cpu = 00:01:14 ; elapsed = 00:00:54 . Memory (MB): peak = 1951.879 ; gain = 102.313
write_schematic -format pdf -orientation landscape E:/bildiri ve makaleler/kitap/fpga/uygulamalar/schema_810.pdf
ERROR: [Common 17-165] Too many positional options when parsing 'makaleler/kitap/fpga/uygulamalar/schema_810.pdf', please type 'write_schematic -help' for usage info.
write_schematic -format pdf -orientation portrait E:/bildiri ve makaleler/kitap/fpga/uygulamalar/schematic.pdf
ERROR: [Common 17-165] Too many positional options when parsing 'makaleler/kitap/fpga/uygulamalar/schematic.pdf', please type 'write_schematic -help' for usage info.
launch_simulation
INFO: [Vivado 12-5682] Launching behavioral simulation in 'E:/bildiri ve makaleler/kitap/fpga/uygulamalar/prj_bolum8_uyg10/prj_bolum8_uyg10.sim/sim_1/behav/xsim'
INFO: [SIM-utils-51] Simulation object is 'sim_1'
INFO: [SIM-utils-54] Inspecting design source files for 'uyg10' in fileset 'sim_1'...
INFO: [USF-XSim-97] Finding global include files...
INFO: [USF-XSim-98] Fetching design files from 'sim_1'...
INFO: [USF-XSim-2] XSim::Compile design
INFO: [USF-XSim-61] Executing 'COMPILE and ANALYZE' step in 'E:/bildiri ve makaleler/kitap/fpga/uygulamalar/prj_bolum8_uyg10/prj_bolum8_uyg10.sim/sim_1/behav/xsim'
"xvhdl --incr --relax -prj uyg10_vhdl.prj"
INFO: [VRFC 10-163] Analyzing VHDL file "E:/bildiri ve makaleler/kitap/fpga/uygulamalar/prj_bolum8_uyg10/prj_bolum8_uyg10.srcs/sources_1/new/uyg10.vhd" into library xil_defaultlib
INFO: [VRFC 10-307] analyzing entity uyg10
run_program: Time (s): cpu = 00:00:01 ; elapsed = 00:00:08 . Memory (MB): peak = 1951.879 ; gain = 0.000
INFO: [USF-XSim-69] 'compile' step finished in '8' seconds
INFO: [USF-XSim-3] XSim::Elaborate design
INFO: [USF-XSim-61] Executing 'ELABORATE' step in 'E:/bildiri ve makaleler/kitap/fpga/uygulamalar/prj_bolum8_uyg10/prj_bolum8_uyg10.sim/sim_1/behav/xsim'
Vivado Simulator 2017.4
Copyright 1986-1999, 2001-2016 Xilinx, Inc. All Rights Reserved.
Running: C:/Xilinx/Vivado/2017.4/bin/unwrapped/win64.o/xelab.exe -wto 4a8ce676c0ea4d7b97feedb77419b4d0 --incr --debug typical --relax --mt 2 -L xil_defaultlib -L secureip --snapshot uyg10_behav xil_defaultlib.uyg10 -log elaborate.log 
Using 2 slave threads.
Starting static elaboration
Completed static elaboration
Starting simulation data flow analysis
Completed simulation data flow analysis
Time Resolution for simulation is 1ps
Compiling package std.standard
Compiling package std.textio
Compiling package ieee.std_logic_1164
Compiling package ieee.std_logic_arith
Compiling package ieee.std_logic_unsigned
Compiling architecture behavioral of entity xil_defaultlib.uyg10
Built simulation snapshot uyg10_behav

****** Webtalk v2017.4 (64-bit)
  **** SW Build 2086221 on Fri Dec 15 20:55:39 MST 2017
  **** IP Build 2085800 on Fri Dec 15 22:25:07 MST 2017
    ** Copyright 1986-2017 Xilinx, Inc. All Rights Reserved.

source E:/bildiri -notrace
couldn't read file "E:/bildiri": permission denied
INFO: [Common 17-206] Exiting Webtalk at Tue Aug  6 17:57:14 2019...
run_program: Time (s): cpu = 00:00:01 ; elapsed = 00:00:17 . Memory (MB): peak = 1951.879 ; gain = 0.000
INFO: [USF-XSim-69] 'elaborate' step finished in '18' seconds
INFO: [USF-XSim-4] XSim::Simulate design
INFO: [USF-XSim-61] Executing 'SIMULATE' step in 'E:/bildiri ve makaleler/kitap/fpga/uygulamalar/prj_bolum8_uyg10/prj_bolum8_uyg10.sim/sim_1/behav/xsim'
INFO: [USF-XSim-98] *** Running xsim
   with args "uyg10_behav -key {Behavioral:sim_1:Functional:uyg10} -tclbatch {uyg10.tcl} -log {simulate.log}"
INFO: [USF-XSim-8] Loading simulator feature
Vivado Simulator 2017.4
Time resolution is 1 ps
source uyg10.tcl
# set curr_wave [current_wave_config]
# if { [string length $curr_wave] == 0 } {
#   if { [llength [get_objects]] > 0} {
#     add_wave /
#     set_property needs_save false [current_wave_config]
#   } else {
#      send_msg_id Add_Wave-1 WARNING "No top level signals found. Simulator will start without a wave window. If you want to open a wave window go to 'File->New Waveform Configuration' or type 'create_wave_config' in the TCL console."
#   }
# }
# run 1000ns
xsim: Time (s): cpu = 00:00:24 ; elapsed = 00:00:12 . Memory (MB): peak = 1951.879 ; gain = 0.000
INFO: [USF-XSim-96] XSim completed. Design snapshot 'uyg10_behav' loaded.
INFO: [USF-XSim-97] XSim simulation ran for 1000ns
launch_simulation: Time (s): cpu = 00:00:41 ; elapsed = 00:00:47 . Memory (MB): peak = 1951.879 ; gain = 0.000
add_force {/uyg10/clk} -radix hex {0 0ns} {1 50000ps} -repeat_every 100000ps
add_force {/uyg10/rst} -radix hex {0 0ns}
add_force {/uyg10/durula_biti} -radix hex {1 0ns}
run 100 ns
run 100 ns
run 100 ns
run 100 ns
run 100 ns
run 100 ns
run 100 ns
run 100 ns
run 100 ns
run 100 ns
run 100 ns
run 100 ns
run 100 ns
run 100 ns
run 100 ns
run 100 ns
run 100 ns
run 100 ns
run 100 ns
run 100 ns
run 100 ns
run 100 ns
run 100 ns
run 100 ns
run 100 ns
run 100 ns
close_sim
INFO: [Simtcl 6-16] Simulation closed
close_sim: Time (s): cpu = 00:00:01 ; elapsed = 00:00:08 . Memory (MB): peak = 1951.879 ; gain = 0.000
close_project
open_project {E:/bildiri ve makaleler/kitap/fpga/uygulamalar/prj_bolum9_uyg1/prj_bolum9_uyg1.xpr}
Scanning sources...
Finished scanning sources
INFO: [IP_Flow 19-234] Refreshing IP repositories
INFO: [IP_Flow 19-1704] No user IP repositories specified
INFO: [IP_Flow 19-2313] Loaded Vivado IP repository 'C:/Xilinx/Vivado/2017.4/data/ip'.
open_project: Time (s): cpu = 00:00:09 ; elapsed = 00:00:09 . Memory (MB): peak = 1951.879 ; gain = 0.000
update_compile_order -fileset sources_1
launch_simulation
INFO: [Vivado 12-5682] Launching behavioral simulation in 'E:/bildiri ve makaleler/kitap/fpga/uygulamalar/prj_bolum9_uyg1/prj_bolum9_uyg1.sim/sim_1/behav/xsim'
INFO: [SIM-utils-51] Simulation object is 'sim_1'
INFO: [SIM-utils-54] Inspecting design source files for 'uyg901' in fileset 'sim_1'...
INFO: [USF-XSim-97] Finding global include files...
INFO: [USF-XSim-98] Fetching design files from 'sim_1'...
INFO: [USF-XSim-2] XSim::Compile design
INFO: [USF-XSim-61] Executing 'COMPILE and ANALYZE' step in 'E:/bildiri ve makaleler/kitap/fpga/uygulamalar/prj_bolum9_uyg1/prj_bolum9_uyg1.sim/sim_1/behav/xsim'
"xvhdl --incr --relax -prj uyg901_vhdl.prj"
INFO: [VRFC 10-163] Analyzing VHDL file "E:/bildiri ve makaleler/kitap/fpga/uygulamalar/prj_bolum9_uyg1/prj_bolum9_uyg1.srcs/sources_1/new/uyg901.vhd" into library xil_defaultlib
INFO: [VRFC 10-307] analyzing entity uyg901
run_program: Time (s): cpu = 00:00:00 ; elapsed = 00:00:05 . Memory (MB): peak = 1951.879 ; gain = 0.000
INFO: [USF-XSim-69] 'compile' step finished in '5' seconds
INFO: [USF-XSim-3] XSim::Elaborate design
INFO: [USF-XSim-61] Executing 'ELABORATE' step in 'E:/bildiri ve makaleler/kitap/fpga/uygulamalar/prj_bolum9_uyg1/prj_bolum9_uyg1.sim/sim_1/behav/xsim'
Vivado Simulator 2017.4
Copyright 1986-1999, 2001-2016 Xilinx, Inc. All Rights Reserved.
Running: C:/Xilinx/Vivado/2017.4/bin/unwrapped/win64.o/xelab.exe -wto 50e4f501ac97471f9e3cdac290133856 --incr --debug typical --relax --mt 2 -L xil_defaultlib -L secureip --snapshot uyg901_behav xil_defaultlib.uyg901 -log elaborate.log 
Using 2 slave threads.
Starting static elaboration
Completed static elaboration
Starting simulation data flow analysis
Completed simulation data flow analysis
Time Resolution for simulation is 1ps
Compiling package std.standard
Compiling package std.textio
Compiling package ieee.std_logic_1164
Compiling package ieee.std_logic_arith
Compiling architecture behavioral of entity xil_defaultlib.uyg901
Built simulation snapshot uyg901_behav
run_program: Time (s): cpu = 00:00:00 ; elapsed = 00:00:11 . Memory (MB): peak = 1951.879 ; gain = 0.000
INFO: [USF-XSim-69] 'elaborate' step finished in '11' seconds
INFO: [USF-XSim-4] XSim::Simulate design
INFO: [USF-XSim-61] Executing 'SIMULATE' step in 'E:/bildiri ve makaleler/kitap/fpga/uygulamalar/prj_bolum9_uyg1/prj_bolum9_uyg1.sim/sim_1/behav/xsim'
INFO: [USF-XSim-98] *** Running xsim
   with args "uyg901_behav -key {Behavioral:sim_1:Functional:uyg901} -tclbatch {uyg901.tcl} -log {simulate.log}"
INFO: [USF-XSim-8] Loading simulator feature
Vivado Simulator 2017.4
Time resolution is 1 ps
source uyg901.tcl
# set curr_wave [current_wave_config]
# if { [string length $curr_wave] == 0 } {
#   if { [llength [get_objects]] > 0} {
#     add_wave /
#     set_property needs_save false [current_wave_config]
#   } else {
#      send_msg_id Add_Wave-1 WARNING "No top level signals found. Simulator will start without a wave window. If you want to open a wave window go to 'File->New Waveform Configuration' or type 'create_wave_config' in the TCL console."
#   }
# }
# run 1000ns
INFO: [USF-XSim-96] XSim completed. Design snapshot 'uyg901_behav' loaded.
INFO: [USF-XSim-97] XSim simulation ran for 1000ns
launch_simulation: Time (s): cpu = 00:00:05 ; elapsed = 00:00:22 . Memory (MB): peak = 1951.879 ; gain = 0.000
add_force {/uyg901/clk} -radix hex {0 0ns} {1 50000ps} -repeat_every 100000ps
add_force {/uyg901/rst} -radix hex {0 0ns}
run 100 ns
run 100 ns
run 100 ns
run 100 ns
run 100 ns
run 100 ns
run 100 ns
run 100 ns
run 100 ns
synth_design -rtl -name rtl_1
Command: synth_design -rtl -name rtl_1
Starting synth_design
Using part: xc7a100tcsg324-1
Top: uyg901
---------------------------------------------------------------------------------
Starting RTL Elaboration : Time (s): cpu = 00:00:29 ; elapsed = 00:00:30 . Memory (MB): peak = 1951.879 ; gain = 0.000
---------------------------------------------------------------------------------
INFO: [Synth 8-638] synthesizing module 'uyg901' [E:/bildiri ve makaleler/kitap/fpga/uygulamalar/prj_bolum9_uyg1/prj_bolum9_uyg1.srcs/sources_1/new/uyg901.vhd:18]
ERROR: [Synth 8-5765] size mismatch in assignment; read failed [E:/bildiri ve makaleler/kitap/fpga/uygulamalar/prj_bolum9_uyg1/prj_bolum9_uyg1.srcs/sources_1/new/uyg901.vhd:30]
ERROR: [Synth 8-285] failed synthesizing module 'uyg901' [E:/bildiri ve makaleler/kitap/fpga/uygulamalar/prj_bolum9_uyg1/prj_bolum9_uyg1.srcs/sources_1/new/uyg901.vhd:18]
---------------------------------------------------------------------------------
Finished RTL Elaboration : Time (s): cpu = 00:00:32 ; elapsed = 00:00:34 . Memory (MB): peak = 1951.879 ; gain = 0.000
---------------------------------------------------------------------------------
RTL Elaboration failed
1 Infos, 0 Warnings, 0 Critical Warnings and 3 Errors encountered.
synth_design failed
ERROR: [Vivado_Tcl 4-5] Elaboration failed - please see the console for details
